Archive member included because of file (symbol)

/usr/bin/../lib/gcc/arm-none-eabi/4.9.3/../../../../arm-none-eabi/lib/armv7-m/libc.a(lib_a-exit.o)
                              /usr/bin/../lib/gcc/arm-none-eabi/4.9.3/../../../../arm-none-eabi/lib/armv7-m/crt0.o (exit)
/usr/bin/../lib/gcc/arm-none-eabi/4.9.3/../../../../arm-none-eabi/lib/armv7-m/libc.a(lib_a-impure.o)
                              /usr/bin/../lib/gcc/arm-none-eabi/4.9.3/../../../../arm-none-eabi/lib/armv7-m/libc.a(lib_a-exit.o) (_global_impure_ptr)
/usr/bin/../lib/gcc/arm-none-eabi/4.9.3/../../../../arm-none-eabi/lib/armv7-m/libc.a(lib_a-init.o)
                              /usr/bin/../lib/gcc/arm-none-eabi/4.9.3/../../../../arm-none-eabi/lib/armv7-m/crt0.o (__libc_init_array)
/usr/bin/../lib/gcc/arm-none-eabi/4.9.3/../../../../arm-none-eabi/lib/armv7-m/libc.a(lib_a-memset.o)
                              /usr/bin/../lib/gcc/arm-none-eabi/4.9.3/../../../../arm-none-eabi/lib/armv7-m/crt0.o (memset)
/usr/bin/../lib/gcc/arm-none-eabi/4.9.3/../../../../arm-none-eabi/lib/armv7-m/libc.a(lib_a-__call_atexit.o)
                              /usr/bin/../lib/gcc/arm-none-eabi/4.9.3/../../../../arm-none-eabi/lib/armv7-m/libc.a(lib_a-exit.o) (__call_exitprocs)
/usr/bin/../lib/gcc/arm-none-eabi/4.9.3/../../../../arm-none-eabi/lib/armv7-m/libc.a(lib_a-atexit.o)
                              /usr/bin/../lib/gcc/arm-none-eabi/4.9.3/../../../../arm-none-eabi/lib/armv7-m/libc.a(lib_a-__call_atexit.o) (atexit)
/usr/bin/../lib/gcc/arm-none-eabi/4.9.3/../../../../arm-none-eabi/lib/armv7-m/libc.a(lib_a-fini.o)
                              /usr/bin/../lib/gcc/arm-none-eabi/4.9.3/../../../../arm-none-eabi/lib/armv7-m/libc.a(lib_a-__call_atexit.o) (__libc_fini_array)
/usr/bin/../lib/gcc/arm-none-eabi/4.9.3/../../../../arm-none-eabi/lib/armv7-m/libc.a(lib_a-__atexit.o)
                              /usr/bin/../lib/gcc/arm-none-eabi/4.9.3/../../../../arm-none-eabi/lib/armv7-m/libc.a(lib_a-atexit.o) (__register_exitproc)
/usr/bin/../lib/gcc/arm-none-eabi/4.9.3/armv7-m/libgcc.a(_arm_addsubdf3.o)
                              bluetooth_rxtx.o (__aeabi_dadd)
/usr/bin/../lib/gcc/arm-none-eabi/4.9.3/armv7-m/libgcc.a(_arm_muldivdf3.o)
                              bluetooth_rxtx.o (__aeabi_ddiv)
/usr/bin/../lib/gcc/arm-none-eabi/4.9.3/armv7-m/libgcc.a(_arm_fixunsdfsi.o)
                              bluetooth_rxtx.o (__aeabi_d2uiz)
/usr/bin/../lib/gcc/arm-none-eabi/4.9.3/../../../../arm-none-eabi/lib/armv7-m/libc.a(lib_a-memcmp.o)
                              bluetooth_rxtx.o (memcmp)
/usr/bin/../lib/gcc/arm-none-eabi/4.9.3/../../../../arm-none-eabi/lib/armv7-m/libc.a(lib_a-memcpy.o)
                              bluetooth_rxtx.o (memcpy)
/usr/bin/../lib/gcc/arm-none-eabi/4.9.3/../../../../arm-none-eabi/lib/armv7-m/libc.a(lib_a-strlen.o)
                              bluetooth_rxtx.o (strlen)
/usr/bin/../lib/gcc/arm-none-eabi/4.9.3/../../../../arm-none-eabi/lib/armv7-m/libnosys.a(_exit.o)
                              /usr/bin/../lib/gcc/arm-none-eabi/4.9.3/../../../../arm-none-eabi/lib/armv7-m/libc.a(lib_a-exit.o) (_exit)

Allocating common symbols
Common symbol       size              file

b                   0x1               bluetooth.o
rx_tc               0x4               bluetooth_rxtx.o
rssi_max            0x1               bluetooth_rxtx.o
used_channels       0x1               bluetooth.o
le_dma_lli          0xb0              bluetooth_rxtx.o
rssi_min            0x1               bluetooth_rxtx.o
afh_map             0xa               bluetooth_rxtx.o
d1                  0x2               bluetooth.o
idle_buf_clk100ns   0x4               bluetooth_rxtx.o
rx_dma_lli2         0x10              bluetooth_rxtx.o
afh_bank            0x4f              bluetooth.o
a1                  0x1               bluetooth.o
cs_timestamp        0x4               bluetooth_rxtx.o
keepalive_trigger   0x1               bluetooth_rxtx.o
clkn                0x4               bluetooth_rxtx.o
active_buf_clkn_high
                    0x4               bluetooth_rxtx.o
fifo                0x2000            ubertooth_usb.o
le_promisc          0x108             bluetooth_rxtx.o
c1                  0x1               bluetooth.o
syncword            0x8               bluetooth_rxtx.o
bank                0x4f              bluetooth.o
unpacked            0x320             bluetooth_rxtx.o
active_buf_clk100ns
                    0x4               bluetooth_rxtx.o
afh_enabled         0x1               bluetooth_rxtx.o
idle_buf_clkn_high  0x4               bluetooth_rxtx.o
rxbuf2              0x32              bluetooth_rxtx.o
abVendorReqData     0x102             ubertooth_usb.o
v_req_handler       0x4               ubertooth_usb.o
rx_dma_lli1         0x10              bluetooth_rxtx.o
e                   0x1               bluetooth.o
rr                  0x5               bluetooth_rxtx.o
rxbuf1              0x32              bluetooth_rxtx.o
rx_err              0x4               bluetooth_rxtx.o
cs_trigger          0x1               bluetooth_rxtx.o
target              0x10              bluetooth_rxtx.o

Discarded input sections

 .text          0x0000000000000000        0x0 /usr/bin/../lib/gcc/arm-none-eabi/4.9.3/armv7-m/crti.o
 .data          0x0000000000000000        0x0 /usr/bin/../lib/gcc/arm-none-eabi/4.9.3/armv7-m/crti.o
 .bss           0x0000000000000000        0x0 /usr/bin/../lib/gcc/arm-none-eabi/4.9.3/armv7-m/crti.o
 .data          0x0000000000000000        0x4 /usr/bin/../lib/gcc/arm-none-eabi/4.9.3/armv7-m/crtbegin.o
 .text          0x0000000000000000       0x74 /usr/bin/../lib/gcc/arm-none-eabi/4.9.3/../../../../arm-none-eabi/lib/armv7-m/crt0.o
 .data          0x0000000000000000        0x0 /usr/bin/../lib/gcc/arm-none-eabi/4.9.3/../../../../arm-none-eabi/lib/armv7-m/crt0.o
 .bss           0x0000000000000000        0x0 /usr/bin/../lib/gcc/arm-none-eabi/4.9.3/../../../../arm-none-eabi/lib/armv7-m/crt0.o
 .ARM.extab     0x0000000000000000        0x0 /usr/bin/../lib/gcc/arm-none-eabi/4.9.3/../../../../arm-none-eabi/lib/armv7-m/crt0.o
 .ARM.exidx     0x0000000000000000        0x8 /usr/bin/../lib/gcc/arm-none-eabi/4.9.3/../../../../arm-none-eabi/lib/armv7-m/crt0.o
 .ARM.attributes
                0x0000000000000000       0x1b /usr/bin/../lib/gcc/arm-none-eabi/4.9.3/../../../../arm-none-eabi/lib/armv7-m/crt0.o
 .text          0x0000000000000000        0x0 /usr/bin/../lib/gcc/arm-none-eabi/4.9.3/../../../../arm-none-eabi/lib/armv7-m/libc.a(lib_a-exit.o)
 .data          0x0000000000000000        0x0 /usr/bin/../lib/gcc/arm-none-eabi/4.9.3/../../../../arm-none-eabi/lib/armv7-m/libc.a(lib_a-exit.o)
 .bss           0x0000000000000000        0x0 /usr/bin/../lib/gcc/arm-none-eabi/4.9.3/../../../../arm-none-eabi/lib/armv7-m/libc.a(lib_a-exit.o)
 .text.exit     0x0000000000000000       0x20 /usr/bin/../lib/gcc/arm-none-eabi/4.9.3/../../../../arm-none-eabi/lib/armv7-m/libc.a(lib_a-exit.o)
 .debug_frame   0x0000000000000000       0x28 /usr/bin/../lib/gcc/arm-none-eabi/4.9.3/../../../../arm-none-eabi/lib/armv7-m/libc.a(lib_a-exit.o)
 .ARM.attributes
                0x0000000000000000       0x2d /usr/bin/../lib/gcc/arm-none-eabi/4.9.3/../../../../arm-none-eabi/lib/armv7-m/libc.a(lib_a-exit.o)
 .text          0x0000000000000000        0x0 /usr/bin/../lib/gcc/arm-none-eabi/4.9.3/../../../../arm-none-eabi/lib/armv7-m/libc.a(lib_a-impure.o)
 .data          0x0000000000000000        0x0 /usr/bin/../lib/gcc/arm-none-eabi/4.9.3/../../../../arm-none-eabi/lib/armv7-m/libc.a(lib_a-impure.o)
 .bss           0x0000000000000000        0x0 /usr/bin/../lib/gcc/arm-none-eabi/4.9.3/../../../../arm-none-eabi/lib/armv7-m/libc.a(lib_a-impure.o)
 .data._impure_ptr
                0x0000000000000000        0x4 /usr/bin/../lib/gcc/arm-none-eabi/4.9.3/../../../../arm-none-eabi/lib/armv7-m/libc.a(lib_a-impure.o)
 .text          0x0000000000000000        0x0 /usr/bin/../lib/gcc/arm-none-eabi/4.9.3/../../../../arm-none-eabi/lib/armv7-m/libc.a(lib_a-init.o)
 .data          0x0000000000000000        0x0 /usr/bin/../lib/gcc/arm-none-eabi/4.9.3/../../../../arm-none-eabi/lib/armv7-m/libc.a(lib_a-init.o)
 .bss           0x0000000000000000        0x0 /usr/bin/../lib/gcc/arm-none-eabi/4.9.3/../../../../arm-none-eabi/lib/armv7-m/libc.a(lib_a-init.o)
 .text          0x0000000000000000        0x0 /usr/bin/../lib/gcc/arm-none-eabi/4.9.3/../../../../arm-none-eabi/lib/armv7-m/libc.a(lib_a-memset.o)
 .data          0x0000000000000000        0x0 /usr/bin/../lib/gcc/arm-none-eabi/4.9.3/../../../../arm-none-eabi/lib/armv7-m/libc.a(lib_a-memset.o)
 .bss           0x0000000000000000        0x0 /usr/bin/../lib/gcc/arm-none-eabi/4.9.3/../../../../arm-none-eabi/lib/armv7-m/libc.a(lib_a-memset.o)
 .text          0x0000000000000000        0x0 /usr/bin/../lib/gcc/arm-none-eabi/4.9.3/../../../../arm-none-eabi/lib/armv7-m/libc.a(lib_a-__call_atexit.o)
 .data          0x0000000000000000        0x0 /usr/bin/../lib/gcc/arm-none-eabi/4.9.3/../../../../arm-none-eabi/lib/armv7-m/libc.a(lib_a-__call_atexit.o)
 .bss           0x0000000000000000        0x0 /usr/bin/../lib/gcc/arm-none-eabi/4.9.3/../../../../arm-none-eabi/lib/armv7-m/libc.a(lib_a-__call_atexit.o)
 .text.__call_exitprocs
                0x0000000000000000       0xd4 /usr/bin/../lib/gcc/arm-none-eabi/4.9.3/../../../../arm-none-eabi/lib/armv7-m/libc.a(lib_a-__call_atexit.o)
 .text          0x0000000000000000        0x0 /usr/bin/../lib/gcc/arm-none-eabi/4.9.3/../../../../arm-none-eabi/lib/armv7-m/libc.a(lib_a-atexit.o)
 .data          0x0000000000000000        0x0 /usr/bin/../lib/gcc/arm-none-eabi/4.9.3/../../../../arm-none-eabi/lib/armv7-m/libc.a(lib_a-atexit.o)
 .bss           0x0000000000000000        0x0 /usr/bin/../lib/gcc/arm-none-eabi/4.9.3/../../../../arm-none-eabi/lib/armv7-m/libc.a(lib_a-atexit.o)
 .text          0x0000000000000000        0x0 /usr/bin/../lib/gcc/arm-none-eabi/4.9.3/../../../../arm-none-eabi/lib/armv7-m/libc.a(lib_a-fini.o)
 .data          0x0000000000000000        0x0 /usr/bin/../lib/gcc/arm-none-eabi/4.9.3/../../../../arm-none-eabi/lib/armv7-m/libc.a(lib_a-fini.o)
 .bss           0x0000000000000000        0x0 /usr/bin/../lib/gcc/arm-none-eabi/4.9.3/../../../../arm-none-eabi/lib/armv7-m/libc.a(lib_a-fini.o)
 .text          0x0000000000000000        0x0 /usr/bin/../lib/gcc/arm-none-eabi/4.9.3/../../../../arm-none-eabi/lib/armv7-m/libc.a(lib_a-__atexit.o)
 .data          0x0000000000000000        0x0 /usr/bin/../lib/gcc/arm-none-eabi/4.9.3/../../../../arm-none-eabi/lib/armv7-m/libc.a(lib_a-__atexit.o)
 .bss           0x0000000000000000        0x0 /usr/bin/../lib/gcc/arm-none-eabi/4.9.3/../../../../arm-none-eabi/lib/armv7-m/libc.a(lib_a-__atexit.o)
 .text          0x0000000000000000        0x0 bluetooth_rxtx.o
 .text          0x0000000000000000        0x0 bluetooth.o
 .data          0x0000000000000000        0x4 bluetooth.o
 .bss           0x0000000000000000        0x0 bluetooth.o
 .text.count_bits
                0x0000000000000000       0x4c bluetooth.o
 .text.precalc  0x0000000000000000      0x220 bluetooth.o
 .text.find_access_code
                0x0000000000000000      0x128 bluetooth.o
 .text          0x0000000000000000        0x0 bluetooth_le.o
 .bss           0x0000000000000000        0x4 bluetooth_le.o
 .rodata        0x0000000000000000      0x87c bluetooth_le.o
 .text          0x0000000000000000        0x0 ubertooth_usb.o
 .data          0x0000000000000000        0x4 ubertooth_usb.o
 .text          0x0000000000000000        0x0 cc2400_rangetest.o
 .bss           0x0000000000000000        0x0 cc2400_rangetest.o
 .text          0x0000000000000000        0x0 ego.o
 .bss           0x0000000000000000        0x0 ego.o
 .text          0x0000000000000000        0x0 ../common/usb_serial.o
 .data          0x0000000000000000        0xc ../common/usb_serial.o
 .bss           0x0000000000000000      0x168 ../common/usb_serial.o
 .rodata        0x0000000000000000       0xd2 ../common/usb_serial.o
 .text.HandleClassRequest
                0x0000000000000000       0x54 ../common/usb_serial.o
 .text.BulkOut  0x0000000000000000       0x68 ../common/usb_serial.o
 .text.SendNextBulkIn
                0x0000000000000000       0x88 ../common/usb_serial.o
 .text.BulkIn   0x0000000000000000       0x20 ../common/usb_serial.o
 .text.USBFrameHandler
                0x0000000000000000       0x34 ../common/usb_serial.o
 .text.USBDevIntHandler
                0x0000000000000000       0x28 ../common/usb_serial.o
 .text.VCOM_init
                0x0000000000000000       0x3c ../common/usb_serial.o
 .text.VCOM_putchar
                0x0000000000000000       0x30 ../common/usb_serial.o
 .text.VCOM_getchar
                0x0000000000000000       0x2c ../common/usb_serial.o
 .text.usb_serial_init
                0x0000000000000000       0x74 ../common/usb_serial.o
 .text          0x0000000000000000        0x0 ../common/serial_fifo.o
 .data          0x0000000000000000        0x0 ../common/serial_fifo.o
 .bss           0x0000000000000000        0x0 ../common/serial_fifo.o
 .text.fifo_init
                0x0000000000000000       0x28 ../common/serial_fifo.o
 .text.fifo_put
                0x0000000000000000       0x58 ../common/serial_fifo.o
 .text.fifo_get
                0x0000000000000000       0x5c ../common/serial_fifo.o
 .text.fifo_avail
                0x0000000000000000       0x38 ../common/serial_fifo.o
 .text.fifo_free
                0x0000000000000000       0x1c ../common/serial_fifo.o
 .debug_info    0x0000000000000000      0x19e ../common/serial_fifo.o
 .debug_abbrev  0x0000000000000000       0xf5 ../common/serial_fifo.o
 .debug_aranges
                0x0000000000000000       0x40 ../common/serial_fifo.o
 .debug_ranges  0x0000000000000000       0x30 ../common/serial_fifo.o
 .debug_line    0x0000000000000000       0xce ../common/serial_fifo.o
 .debug_str     0x0000000000000000      0x1fb ../common/serial_fifo.o
 .comment       0x0000000000000000       0x71 ../common/serial_fifo.o
 .debug_frame   0x0000000000000000       0xd8 ../common/serial_fifo.o
 .ARM.attributes
                0x0000000000000000       0x33 ../common/serial_fifo.o
 .text          0x0000000000000000        0x0 ../common/LPC17xx_Startup.o
 .data          0x0000000000000000        0x0 ../common/LPC17xx_Startup.o
 .bss           0x0000000000000000        0x0 ../common/LPC17xx_Startup.o
 .text          0x0000000000000000        0x0 ../common/LPC17xx_Interrupts.o
 .data          0x0000000000000000        0x0 ../common/LPC17xx_Interrupts.o
 .bss           0x0000000000000000        0x0 ../common/LPC17xx_Interrupts.o
 .text          0x0000000000000000        0x0 ../common/ubertooth.o
 .data          0x0000000000000000        0x4 ../common/ubertooth.o
 .text.wait_ms  0x0000000000000000       0x20 ../common/ubertooth.o
 .text.cc2400_tune_rx
                0x0000000000000000       0x20 ../common/ubertooth.o
 .text.cc2400_tune_tx
                0x0000000000000000       0x1c ../common/ubertooth.o
 .text.cc2400_hop_rx
                0x0000000000000000       0x5c ../common/ubertooth.o
 .text.cc2400_hop_tx
                0x0000000000000000       0x5c ../common/ubertooth.o
 .text          0x0000000000000000        0x0 ../common/lpcusb/target/usbcontrol.o
 .data          0x0000000000000000        0x0 ../common/lpcusb/target/usbcontrol.o
 .text          0x0000000000000000        0x0 ../common/lpcusb/target/usbinit.o
 .data          0x0000000000000000        0x0 ../common/lpcusb/target/usbinit.o
 .text          0x0000000000000000        0x0 ../common/lpcusb/target/usbhw_lpc.o
 .data          0x0000000000000000        0x0 ../common/lpcusb/target/usbhw_lpc.o
 .text.USBHwRegisterFrameHandler
                0x0000000000000000       0x2c ../common/lpcusb/target/usbhw_lpc.o
 .text.fast_wait
                0x0000000000000000       0x24 ../common/lpcusb/target/usbhw_lpc.o
 .text.USBHwISOCEPRead
                0x0000000000000000       0xe4 ../common/lpcusb/target/usbhw_lpc.o
 .text.USBSetupDMADescriptor
                0x0000000000000000       0xa8 ../common/lpcusb/target/usbhw_lpc.o
 .text.USBDisableDMAForEndpoint
                0x0000000000000000       0x38 ../common/lpcusb/target/usbhw_lpc.o
 .text.USBEnableDMAForEndpoint
                0x0000000000000000       0x38 ../common/lpcusb/target/usbhw_lpc.o
 .text.USBInitializeISOCFrameArray
                0x0000000000000000       0x58 ../common/lpcusb/target/usbhw_lpc.o
 .text.USBSetHeadDDForDMA
                0x0000000000000000       0x34 ../common/lpcusb/target/usbhw_lpc.o
 .text.USBInitializeUSBDMA
                0x0000000000000000       0x3c ../common/lpcusb/target/usbhw_lpc.o
 .text          0x0000000000000000        0x0 ../common/lpcusb/target/usbstdreq.o
 .text.USBRegisterCustomReqHandler
                0x0000000000000000       0x1c ../common/lpcusb/target/usbstdreq.o
 .data          0x0000000000000000        0x0 /usr/bin/../lib/gcc/arm-none-eabi/4.9.3/armv7-m/libgcc.a(_arm_addsubdf3.o)
 .bss           0x0000000000000000        0x0 /usr/bin/../lib/gcc/arm-none-eabi/4.9.3/armv7-m/libgcc.a(_arm_addsubdf3.o)
 .data          0x0000000000000000        0x0 /usr/bin/../lib/gcc/arm-none-eabi/4.9.3/armv7-m/libgcc.a(_arm_muldivdf3.o)
 .bss           0x0000000000000000        0x0 /usr/bin/../lib/gcc/arm-none-eabi/4.9.3/armv7-m/libgcc.a(_arm_muldivdf3.o)
 .data          0x0000000000000000        0x0 /usr/bin/../lib/gcc/arm-none-eabi/4.9.3/armv7-m/libgcc.a(_arm_fixunsdfsi.o)
 .bss           0x0000000000000000        0x0 /usr/bin/../lib/gcc/arm-none-eabi/4.9.3/armv7-m/libgcc.a(_arm_fixunsdfsi.o)
 .text          0x0000000000000000        0x0 /usr/bin/../lib/gcc/arm-none-eabi/4.9.3/../../../../arm-none-eabi/lib/armv7-m/libc.a(lib_a-memcmp.o)
 .data          0x0000000000000000        0x0 /usr/bin/../lib/gcc/arm-none-eabi/4.9.3/../../../../arm-none-eabi/lib/armv7-m/libc.a(lib_a-memcmp.o)
 .bss           0x0000000000000000        0x0 /usr/bin/../lib/gcc/arm-none-eabi/4.9.3/../../../../arm-none-eabi/lib/armv7-m/libc.a(lib_a-memcmp.o)
 .data          0x0000000000000000        0x0 /usr/bin/../lib/gcc/arm-none-eabi/4.9.3/../../../../arm-none-eabi/lib/armv7-m/libc.a(lib_a-memcpy.o)
 .bss           0x0000000000000000        0x0 /usr/bin/../lib/gcc/arm-none-eabi/4.9.3/../../../../arm-none-eabi/lib/armv7-m/libc.a(lib_a-memcpy.o)
 .text          0x0000000000000000        0x0 /usr/bin/../lib/gcc/arm-none-eabi/4.9.3/../../../../arm-none-eabi/lib/armv7-m/libc.a(lib_a-strlen.o)
 .data          0x0000000000000000        0x0 /usr/bin/../lib/gcc/arm-none-eabi/4.9.3/../../../../arm-none-eabi/lib/armv7-m/libc.a(lib_a-strlen.o)
 .bss           0x0000000000000000        0x0 /usr/bin/../lib/gcc/arm-none-eabi/4.9.3/../../../../arm-none-eabi/lib/armv7-m/libc.a(lib_a-strlen.o)
 .text          0x0000000000000000        0x0 /usr/bin/../lib/gcc/arm-none-eabi/4.9.3/armv7-m/crtend.o
 .data          0x0000000000000000        0x0 /usr/bin/../lib/gcc/arm-none-eabi/4.9.3/armv7-m/crtend.o
 .bss           0x0000000000000000        0x0 /usr/bin/../lib/gcc/arm-none-eabi/4.9.3/armv7-m/crtend.o
 .eh_frame      0x0000000000000000        0x4 /usr/bin/../lib/gcc/arm-none-eabi/4.9.3/armv7-m/crtend.o
 .jcr           0x0000000000000000        0x4 /usr/bin/../lib/gcc/arm-none-eabi/4.9.3/armv7-m/crtend.o
 .ARM.attributes
                0x0000000000000000       0x2d /usr/bin/../lib/gcc/arm-none-eabi/4.9.3/armv7-m/crtend.o
 .text          0x0000000000000000        0x0 /usr/bin/../lib/gcc/arm-none-eabi/4.9.3/armv7-m/crtn.o
 .data          0x0000000000000000        0x0 /usr/bin/../lib/gcc/arm-none-eabi/4.9.3/armv7-m/crtn.o
 .bss           0x0000000000000000        0x0 /usr/bin/../lib/gcc/arm-none-eabi/4.9.3/armv7-m/crtn.o
 .text          0x0000000000000000        0x0 /usr/bin/../lib/gcc/arm-none-eabi/4.9.3/../../../../arm-none-eabi/lib/armv7-m/libnosys.a(_exit.o)
 .data          0x0000000000000000        0x0 /usr/bin/../lib/gcc/arm-none-eabi/4.9.3/../../../../arm-none-eabi/lib/armv7-m/libnosys.a(_exit.o)
 .bss           0x0000000000000000        0x0 /usr/bin/../lib/gcc/arm-none-eabi/4.9.3/../../../../arm-none-eabi/lib/armv7-m/libnosys.a(_exit.o)
 .text._exit    0x0000000000000000        0x4 /usr/bin/../lib/gcc/arm-none-eabi/4.9.3/../../../../arm-none-eabi/lib/armv7-m/libnosys.a(_exit.o)
 .debug_frame   0x0000000000000000       0x20 /usr/bin/../lib/gcc/arm-none-eabi/4.9.3/../../../../arm-none-eabi/lib/armv7-m/libnosys.a(_exit.o)
 .ARM.attributes
                0x0000000000000000       0x2d /usr/bin/../lib/gcc/arm-none-eabi/4.9.3/../../../../arm-none-eabi/lib/armv7-m/libnosys.a(_exit.o)

Memory Configuration

Name             Origin             Length             Attributes
rom              0x0000000000004000 0x000000000001c000 xr
ram              0x0000000010000000 0x0000000000004000 xrw
*default*        0x0000000000000000 0xffffffffffffffff

Linker script and memory map

LOAD /usr/bin/../lib/gcc/arm-none-eabi/4.9.3/armv7-m/crti.o
LOAD /usr/bin/../lib/gcc/arm-none-eabi/4.9.3/armv7-m/crtbegin.o
LOAD /usr/bin/../lib/gcc/arm-none-eabi/4.9.3/../../../../arm-none-eabi/lib/armv7-m/crt0.o
START GROUP
LOAD /usr/bin/../lib/gcc/arm-none-eabi/4.9.3/../../../../arm-none-eabi/lib/armv7-m/libc.a
LOAD /usr/bin/../lib/gcc/arm-none-eabi/4.9.3/../../../../arm-none-eabi/lib/armv7-m/libg.a
LOAD /usr/bin/../lib/gcc/arm-none-eabi/4.9.3/armv7-m/libgcc.a
LOAD /usr/bin/../lib/gcc/arm-none-eabi/4.9.3/../../../../arm-none-eabi/lib/armv7-m/libm.a
END GROUP
LOAD bluetooth_rxtx.o
LOAD bluetooth.o
LOAD bluetooth_le.o
LOAD ubertooth_usb.o
LOAD cc2400_rangetest.o
LOAD ego.o
LOAD ../common/usb_serial.o
LOAD ../common/serial_fifo.o
LOAD ../common/LPC17xx_Startup.o
LOAD ../common/LPC17xx_Interrupts.o
LOAD ../common/ubertooth.o
LOAD ../common/lpcusb/target/usbcontrol.o
LOAD ../common/lpcusb/target/usbinit.o
LOAD ../common/lpcusb/target/usbhw_lpc.o
LOAD ../common/lpcusb/target/usbstdreq.o
START GROUP
LOAD /usr/bin/../lib/gcc/arm-none-eabi/4.9.3/armv7-m/libgcc.a
LOAD /usr/bin/../lib/gcc/arm-none-eabi/4.9.3/../../../../arm-none-eabi/lib/armv7-m/libc.a
END GROUP
LOAD /usr/bin/../lib/gcc/arm-none-eabi/4.9.3/armv7-m/crtend.o
LOAD /usr/bin/../lib/gcc/arm-none-eabi/4.9.3/armv7-m/crtn.o
START GROUP
LOAD /usr/bin/../lib/gcc/arm-none-eabi/4.9.3/armv7-m/libgcc.a
LOAD /usr/bin/../lib/gcc/arm-none-eabi/4.9.3/../../../../arm-none-eabi/lib/armv7-m/libc.a
LOAD /usr/bin/../lib/gcc/arm-none-eabi/4.9.3/../../../../arm-none-eabi/lib/armv7-m/libm.a
LOAD /usr/bin/../lib/gcc/arm-none-eabi/4.9.3/../../../../arm-none-eabi/lib/armv7-m/libnosys.a
END GROUP

.text           0x0000000000004000     0x8278
                0x0000000000004000                . = ALIGN (0x400)
                0x0000000000004000                _interrupt_vector_table = .
 *(.irq_handler_table)
 .irq_handler_table
                0x0000000000004000       0xcc ../common/LPC17xx_Interrupts.o
                0x0000000000004000                _NVIC_Handler_Functions
 *(.text .text.* .gnu.linkonce.t.*)
 .text          0x00000000000040cc       0x5c /usr/bin/../lib/gcc/arm-none-eabi/4.9.3/armv7-m/crtbegin.o
 .text.__libc_init_array
                0x0000000000004128       0x50 /usr/bin/../lib/gcc/arm-none-eabi/4.9.3/../../../../arm-none-eabi/lib/armv7-m/libc.a(lib_a-init.o)
                0x0000000000004128                __libc_init_array
 .text.memset   0x0000000000004178       0x9c /usr/bin/../lib/gcc/arm-none-eabi/4.9.3/../../../../arm-none-eabi/lib/armv7-m/libc.a(lib_a-memset.o)
                0x0000000000004178                memset
 .text.startup.register_fini
                0x0000000000004214       0x14 /usr/bin/../lib/gcc/arm-none-eabi/4.9.3/../../../../arm-none-eabi/lib/armv7-m/libc.a(lib_a-__call_atexit.o)
 .text.atexit   0x0000000000004228        0xc /usr/bin/../lib/gcc/arm-none-eabi/4.9.3/../../../../arm-none-eabi/lib/armv7-m/libc.a(lib_a-atexit.o)
                0x0000000000004228                atexit
 .text.__libc_fini_array
                0x0000000000004234       0x2c /usr/bin/../lib/gcc/arm-none-eabi/4.9.3/../../../../arm-none-eabi/lib/armv7-m/libc.a(lib_a-fini.o)
                0x0000000000004234                __libc_fini_array
 .text.__register_exitproc
                0x0000000000004260       0xa4 /usr/bin/../lib/gcc/arm-none-eabi/4.9.3/../../../../arm-none-eabi/lib/armv7-m/libc.a(lib_a-__atexit.o)
                0x0000000000004260                __register_exitproc
 .text.rssi_reset
                0x0000000000004304       0x34 bluetooth_rxtx.o
 .text.rssi_add
                0x0000000000004338       0x6c bluetooth_rxtx.o
 .text.rssi_iir_update
                0x00000000000043a4       0x98 bluetooth_rxtx.o
 .text.cs_threshold_set
                0x000000000000443c       0x8c bluetooth_rxtx.o
 .text.enqueue  0x00000000000044c8      0x1b0 bluetooth_rxtx.o
 .text.enqueue_with_ts
                0x0000000000004678      0x118 bluetooth_rxtx.o
                0x0000000000004678                enqueue_with_ts
 .text.cs_threshold_calc_and_set
                0x0000000000004790       0x74 bluetooth_rxtx.o
 .text.cs_trigger_enable
                0x0000000000004804       0x3c bluetooth_rxtx.o
 .text.cs_trigger_disable
                0x0000000000004840       0x3c bluetooth_rxtx.o
 .text.vendor_request_handler
                0x000000000000487c      0xaec bluetooth_rxtx.o
 .text.clkn_init
                0x0000000000005368       0x50 bluetooth_rxtx.o
 .text.TIMER0_IRQHandler
                0x00000000000053b8      0x11c bluetooth_rxtx.o
                0x00000000000053b8                TIMER0_IRQHandler
 .text.EINT3_IRQHandler
                0x00000000000054d4       0x48 bluetooth_rxtx.o
                0x00000000000054d4                EINT3_IRQHandler
 *fill*         0x000000000000551c        0x4 
 .text.msleep   0x0000000000005520       0x74 bluetooth_rxtx.o
 .text.dma_init
                0x0000000000005594      0x180 bluetooth_rxtx.o
 .text.dma_init_le
                0x0000000000005714      0x1a4 bluetooth_rxtx.o
 .text.bt_stream_dma_handler
                0x00000000000058b8       0xdc bluetooth_rxtx.o
                0x00000000000058b8                bt_stream_dma_handler
 .text.DMA_IRQHandler
                0x0000000000005994       0x54 bluetooth_rxtx.o
                0x0000000000005994                DMA_IRQHandler
 .text.dio_ssp_start
                0x00000000000059e8       0x60 bluetooth_rxtx.o
 .text.dio_ssp_stop
                0x0000000000005a48       0xc8 bluetooth_rxtx.o
 .text.cc2400_idle
                0x0000000000005b10       0x50 bluetooth_rxtx.o
 .text.cc2400_rx
                0x0000000000005b60       0xbc bluetooth_rxtx.o
 .text.cc2400_rx_sync
                0x0000000000005c1c       0xe4 bluetooth_rxtx.o
 .text.le_transmit
                0x0000000000005d00      0x2f8 bluetooth_rxtx.o
                0x0000000000005d00                le_transmit
 .text.le_jam   0x0000000000005ff8       0x94 bluetooth_rxtx.o
                0x0000000000005ff8                le_jam
 .text.hop      0x000000000000608c      0x128 bluetooth_rxtx.o
                0x000000000000608c                hop
 .text.cc2400_spi_rev
                0x00000000000061b4       0x88 bluetooth_rxtx.o
                0x00000000000061b4                cc2400_spi_rev
 .text.cc2400_get_rev
                0x000000000000623c       0x2c bluetooth_rxtx.o
                0x000000000000623c                cc2400_get_rev
 .text.bt_stream_rx
                0x0000000000006268      0x1bc bluetooth_rxtx.o
                0x0000000000006268                bt_stream_rx
 .text.le_set_access_address
                0x0000000000006424       0x34 bluetooth_rxtx.o
 .text.reset_le
                0x0000000000006458       0x98 bluetooth_rxtx.o
                0x0000000000006458                reset_le
 .text.reset_le_promisc
                0x00000000000064f0       0x20 bluetooth_rxtx.o
                0x00000000000064f0                reset_le_promisc
 .text.bt_generic_le
                0x0000000000006510      0x2f8 bluetooth_rxtx.o
                0x0000000000006510                bt_generic_le
 .text.bt_le_sync
                0x0000000000006808      0x55c bluetooth_rxtx.o
                0x0000000000006808                bt_le_sync
 .text.cb_follow_le
                0x0000000000006d64      0x1dc bluetooth_rxtx.o
                0x0000000000006d64                cb_follow_le
 .text.connection_follow_cb
                0x0000000000006f40      0x278 bluetooth_rxtx.o
                0x0000000000006f40                connection_follow_cb
 .text.bt_follow_le
                0x00000000000071b8       0x28 bluetooth_rxtx.o
                0x00000000000071b8                bt_follow_le
 .text.le_promisc_state
                0x00000000000071e0       0x90 bluetooth_rxtx.o
                0x00000000000071e0                le_promisc_state
 .text.promisc_recover_hop_increment
                0x0000000000007270      0x19c bluetooth_rxtx.o
                0x0000000000007270                promisc_recover_hop_increment
 .text.promisc_recover_hop_interval
                0x000000000000740c      0x10c bluetooth_rxtx.o
                0x000000000000740c                promisc_recover_hop_interval
 .text.promisc_follow_cb
                0x0000000000007518       0xbc bluetooth_rxtx.o
                0x0000000000007518                promisc_follow_cb
 .text.see_aa   0x00000000000075d4       0xa8 bluetooth_rxtx.o
                0x00000000000075d4                see_aa
 .text.cb_le_promisc
                0x000000000000767c      0x310 bluetooth_rxtx.o
                0x000000000000767c                cb_le_promisc
 .text.bt_promisc_le
                0x000000000000798c       0x88 bluetooth_rxtx.o
                0x000000000000798c                bt_promisc_le
 .text.bt_slave_le
                0x0000000000007a14       0xf8 bluetooth_rxtx.o
                0x0000000000007a14                bt_slave_le
 .text.specan   0x0000000000007b0c      0x198 bluetooth_rxtx.o
                0x0000000000007b0c                specan
 .text.led_specan
                0x0000000000007ca4      0x19c bluetooth_rxtx.o
                0x0000000000007ca4                led_specan
 .text.main     0x0000000000007e40      0x134 bluetooth_rxtx.o
                0x0000000000007e40                main
 .text.perm5    0x0000000000007f74      0x1a4 bluetooth.o
                0x0000000000007f74                perm5
 .text.next_hop
                0x0000000000008118      0x18c bluetooth.o
                0x0000000000008118                next_hop
 .text.btle_next_hop
                0x00000000000082a4       0x50 bluetooth_le.o
                0x00000000000082a4                btle_next_hop
 .text.btle_channel_index
                0x00000000000082f4       0x58 bluetooth_le.o
                0x00000000000082f4                btle_channel_index
 .text.btle_channel_index_to_phys
                0x000000000000834c       0x64 bluetooth_le.o
                0x000000000000834c                btle_channel_index_to_phys
 .text.btle_calc_crc
                0x00000000000083b0       0x88 bluetooth_le.o
                0x00000000000083b0                btle_calc_crc
 .text.btle_reverse_crc
                0x0000000000008438       0xc4 bluetooth_le.o
                0x0000000000008438                btle_reverse_crc
 .text.btle_crcgen_lut
                0x00000000000084fc       0x5c bluetooth_le.o
                0x00000000000084fc                btle_crcgen_lut
 .text.usb_vendor_request_handler
                0x0000000000008558       0x4c ubertooth_usb.o
                0x0000000000008558                usb_vendor_request_handler
 .text.ubertooth_usb_init
                0x00000000000085a4       0x50 ubertooth_usb.o
                0x00000000000085a4                ubertooth_usb_init
 .text.queue_init
                0x00000000000085f4       0x20 ubertooth_usb.o
                0x00000000000085f4                queue_init
 .text.usb_enqueue
                0x0000000000008614       0x60 ubertooth_usb.o
                0x0000000000008614                usb_enqueue
 .text.dequeue  0x0000000000008674       0x54 ubertooth_usb.o
                0x0000000000008674                dequeue
 .text.dequeue_send
                0x00000000000086c8       0x6c ubertooth_usb.o
                0x00000000000086c8                dequeue_send
 .text.handle_usb
                0x0000000000008734       0x3c ubertooth_usb.o
                0x0000000000008734                handle_usb
 .text.cc2400_rangetest
                0x0000000000008770      0x43c cc2400_rangetest.o
                0x0000000000008770                cc2400_rangetest
 .text.cc2400_repeater
                0x0000000000008bac      0x270 cc2400_rangetest.o
                0x0000000000008bac                cc2400_repeater
 .text.cc2400_txtest
                0x0000000000008e1c       0xa8 cc2400_rangetest.o
                0x0000000000008e1c                cc2400_txtest
 .text.ssp_start
                0x0000000000008ec4       0x34 ego.o
 .text.ssp_stop
                0x0000000000008ef8       0x28 ego.o
 .text.ego_init
                0x0000000000008f20       0x18 ego.o
 .text.ego_deinit
                0x0000000000008f38       0x1c ego.o
 .text.rf_on    0x0000000000008f54       0xac ego.o
 .text.do_rx    0x0000000000009000       0x4c ego.o
                0x0000000000009000                do_rx
 .text.sync_received
                0x000000000000904c       0x14 ego.o
 .text.sleep_ms
                0x0000000000009060       0x44 ego.o
 .text.sleep_ms_anchor
                0x00000000000090a4       0x2c ego.o
 .text.sleep_elapsed
                0x00000000000090d0       0x60 ego.o
 .text.nop_state
                0x0000000000009130       0x14 ego.o
                0x0000000000009130                nop_state
 .text.init_state
                0x0000000000009144       0x34 ego.o
                0x0000000000009144                init_state
 .text.start_rf_state
                0x0000000000009178       0x18 ego.o
                0x0000000000009178                start_rf_state
 .text.cap_state
                0x0000000000009190       0xe8 ego.o
                0x0000000000009190                cap_state
 .text.sleep_state
                0x0000000000009278       0x64 ego.o
                0x0000000000009278                sleep_state
 .text.continuous_init_state
                0x00000000000092dc       0x18 ego.o
                0x00000000000092dc                continuous_init_state
 .text.continuous_cap_state
                0x00000000000092f4       0xd4 ego.o
                0x00000000000092f4                continuous_cap_state
 .text.jam_cap_state
                0x00000000000093c8       0x80 ego.o
                0x00000000000093c8                jam_cap_state
 .text.start_jamming_state
                0x0000000000009448       0xc4 ego.o
                0x0000000000009448                start_jamming_state
 .text.jamming_state
                0x000000000000950c       0x7c ego.o
                0x000000000000950c                jamming_state
 .text.jam_sleep_state
                0x0000000000009588       0x30 ego.o
                0x0000000000009588                jam_sleep_state
 .text.ego_main
                0x00000000000095b8       0xe4 ego.o
                0x00000000000095b8                ego_main
 .text.USB_IRQHandler
                0x000000000000969c        0xc ../common/usb_serial.o
                0x000000000000969c                USB_IRQHandler
 .text.Reset_Handler
                0x00000000000096a8       0x6c ../common/LPC17xx_Startup.o
                0x00000000000096a8                Reset_Handler
 .text.Default_Handler
                0x0000000000009714        0x8 ../common/LPC17xx_Interrupts.o
                0x0000000000009714                TIMER2_IRQHandler
                0x0000000000009714                DebugMon_Handler
                0x0000000000009714                RIT_IRQHandler
                0x0000000000009714                I2C0_IRQHandler
                0x0000000000009714                HardFault_Handler
                0x0000000000009714                SysTick_Handler
                0x0000000000009714                PWM1_IRQHandler
                0x0000000000009714                PendSV_Handler
                0x0000000000009714                NMI_Handler
                0x0000000000009714                I2C1_IRQHandler
                0x0000000000009714                EINT2_IRQHandler
                0x0000000000009714                UART1_IRQHandler
                0x0000000000009714                TIMER3_IRQHandler
                0x0000000000009714                UART0_IRQHandler
                0x0000000000009714                MemManagement_Handler
                0x0000000000009714                UsageFault_Handler
                0x0000000000009714                PLL0_IRQHandler
                0x0000000000009714                CAN_IRQHandler
                0x0000000000009714                PLL1_IRQHandler
                0x0000000000009714                SSP0_IRQHandler
                0x0000000000009714                I2S_IRQHandler
                0x0000000000009714                I2C2_IRQHandler
                0x0000000000009714                RTC_IRQHandler
                0x0000000000009714                SPI_IRQHandler
                0x0000000000009714                EINT1_IRQHandler
                0x0000000000009714                TIMER1_IRQHandler
                0x0000000000009714                UART2_IRQHandler
                0x0000000000009714                ADC_IRQHandler
                0x0000000000009714                SSP1_IRQHandler
                0x0000000000009714                BOD_IRQHandler
                0x0000000000009714                WDT_IRQHandler
                0x0000000000009714                SVC_Handler
                0x0000000000009714                QEI_IRQHandler
                0x0000000000009714                EINT0_IRQHandler
                0x0000000000009714                USBACT_IRQHandler
                0x0000000000009714                CANACT_IRQHandler
                0x0000000000009714                BusFault_Handler
                0x0000000000009714                UART3_IRQHandler
                0x0000000000009714                MCPWM_IRQHandler
                0x0000000000009714                ENET_IRQHandler
 .text.wait     0x000000000000971c       0x24 ../common/ubertooth.o
                0x000000000000971c                wait
 .text.rbit     0x0000000000009740       0x24 ../common/ubertooth.o
                0x0000000000009740                rbit
 .text.wait_us  0x0000000000009764       0x4c ../common/ubertooth.o
                0x0000000000009764                wait_us
 .text.gpio_init
                0x00000000000097b0       0x74 ../common/ubertooth.o
                0x00000000000097b0                gpio_init
 .text.all_pins_off
                0x0000000000009824      0x108 ../common/ubertooth.o
                0x0000000000009824                all_pins_off
 .text.ubertooth_init
                0x000000000000992c       0x14 ../common/ubertooth.o
                0x000000000000992c                ubertooth_init
 .text.dio_ssp_init
                0x0000000000009940       0x70 ../common/ubertooth.o
                0x0000000000009940                dio_ssp_init
 .text.atest_init
                0x00000000000099b0       0x48 ../common/ubertooth.o
                0x00000000000099b0                atest_init
 .text.cc2400_init
                0x00000000000099f8       0x38 ../common/ubertooth.o
                0x00000000000099f8                cc2400_init
 .text.cc2400_spi
                0x0000000000009a30       0x88 ../common/ubertooth.o
                0x0000000000009a30                cc2400_spi
 .text.cc2400_get
                0x0000000000009ab8       0x2c ../common/ubertooth.o
                0x0000000000009ab8                cc2400_get
 .text.cc2400_set
                0x0000000000009ae4       0x28 ../common/ubertooth.o
                0x0000000000009ae4                cc2400_set
 .text.cc2400_get8
                0x0000000000009b0c       0x34 ../common/ubertooth.o
                0x0000000000009b0c                cc2400_get8
 .text.cc2400_set8
                0x0000000000009b40       0x28 ../common/ubertooth.o
                0x0000000000009b40                cc2400_set8
 .text.cc2400_spi_buf
                0x0000000000009b68       0xec ../common/ubertooth.o
                0x0000000000009b68                cc2400_spi_buf
 .text.cc2400_status
                0x0000000000009c54       0x14 ../common/ubertooth.o
                0x0000000000009c54                cc2400_status
 .text.cc2400_strobe
                0x0000000000009c68       0x20 ../common/ubertooth.o
                0x0000000000009c68                cc2400_strobe
 .text.cc2400_reset
                0x0000000000009c88       0x38 ../common/ubertooth.o
                0x0000000000009c88                cc2400_reset
 .text.clock_start
                0x0000000000009cc0      0x1bc ../common/ubertooth.o
                0x0000000000009cc0                clock_start
 .text.reset    0x0000000000009e7c       0x3c ../common/ubertooth.o
                0x0000000000009e7c                reset
 .text._HandleRequest
                0x0000000000009eb8       0x6c ../common/lpcusb/target/usbcontrol.o
 .text.StallControlPipe
                0x0000000000009f24       0x34 ../common/lpcusb/target/usbcontrol.o
 .text.DataIn   0x0000000000009f58       0x48 ../common/lpcusb/target/usbcontrol.o
 .text.USBHandleControlTransfer
                0x0000000000009fa0      0x160 ../common/lpcusb/target/usbcontrol.o
                0x0000000000009fa0                USBHandleControlTransfer
 .text.USBRegisterRequestHandler
                0x000000000000a100       0x34 ../common/lpcusb/target/usbcontrol.o
                0x000000000000a100                USBRegisterRequestHandler
 .text.HandleUsbReset
                0x000000000000a134       0x14 ../common/lpcusb/target/usbinit.o
 .text.USBInit  0x000000000000a148       0x50 ../common/lpcusb/target/usbinit.o
                0x000000000000a148                USBInit
 .text.Wait4DevInt
                0x000000000000a198       0x30 ../common/lpcusb/target/usbhw_lpc.o
 .text.USBHwCmd
                0x000000000000a1c8       0x30 ../common/lpcusb/target/usbhw_lpc.o
 .text.USBHwCmdWrite
                0x000000000000a1f8       0x34 ../common/lpcusb/target/usbhw_lpc.o
 .text.USBHwCmdRead
                0x000000000000a22c       0x3c ../common/lpcusb/target/usbhw_lpc.o
 .text.USBHwEPRealize
                0x000000000000a268       0x44 ../common/lpcusb/target/usbhw_lpc.o
 .text.USBHwEPEnable
                0x000000000000a2ac       0x30 ../common/lpcusb/target/usbhw_lpc.o
 .text.USBHwEPConfig
                0x000000000000a2dc       0x3c ../common/lpcusb/target/usbhw_lpc.o
                0x000000000000a2dc                USBHwEPConfig
 .text.USBHwRegisterEPIntHandler
                0x000000000000a318       0x64 ../common/lpcusb/target/usbhw_lpc.o
                0x000000000000a318                USBHwRegisterEPIntHandler
 .text.USBHwRegisterDevIntHandler
                0x000000000000a37c       0x2c ../common/lpcusb/target/usbhw_lpc.o
                0x000000000000a37c                USBHwRegisterDevIntHandler
 .text.USBHwSetAddress
                0x000000000000a3a8       0x24 ../common/lpcusb/target/usbhw_lpc.o
                0x000000000000a3a8                USBHwSetAddress
 .text.USBHwConnect
                0x000000000000a3cc       0x24 ../common/lpcusb/target/usbhw_lpc.o
                0x000000000000a3cc                USBHwConnect
 .text.USBHwNakIntEnable
                0x000000000000a3f0       0x1c ../common/lpcusb/target/usbhw_lpc.o
                0x000000000000a3f0                USBHwNakIntEnable
 .text.USBHwEPGetStatus
                0x000000000000a40c       0x30 ../common/lpcusb/target/usbhw_lpc.o
                0x000000000000a40c                USBHwEPGetStatus
 .text.USBHwEPStall
                0x000000000000a43c       0x48 ../common/lpcusb/target/usbhw_lpc.o
                0x000000000000a43c                USBHwEPStall
 .text.USBHwEPWrite
                0x000000000000a484       0x9c ../common/lpcusb/target/usbhw_lpc.o
                0x000000000000a484                USBHwEPWrite
 .text.USBHwEPRead
                0x000000000000a520       0xcc ../common/lpcusb/target/usbhw_lpc.o
                0x000000000000a520                USBHwEPRead
 .text.USBHwConfigDevice
                0x000000000000a5ec       0x24 ../common/lpcusb/target/usbhw_lpc.o
                0x000000000000a5ec                USBHwConfigDevice
 .text.USBHwISR
                0x000000000000a610      0x194 ../common/lpcusb/target/usbhw_lpc.o
                0x000000000000a610                USBHwISR
 .text.USBHwInit
                0x000000000000a7a4       0xec ../common/lpcusb/target/usbhw_lpc.o
                0x000000000000a7a4                USBHwInit
 .text.USBFilterOsVendorMessage
                0x000000000000a890       0xd0 ../common/lpcusb/target/usbstdreq.o
                0x000000000000a890                USBFilterOsVendorMessage
 .text.USBRegisterWinusbInterface
                0x000000000000a960       0x78 ../common/lpcusb/target/usbstdreq.o
                0x000000000000a960                USBRegisterWinusbInterface
 .text.USBGetOsStringDescriptor
                0x000000000000a9d8       0x34 ../common/lpcusb/target/usbstdreq.o
                0x000000000000a9d8                USBGetOsStringDescriptor
 .text.USBRegisterDescriptors
                0x000000000000aa0c       0x1c ../common/lpcusb/target/usbstdreq.o
                0x000000000000aa0c                USBRegisterDescriptors
 .text.USBGetDescriptor
                0x000000000000aa28       0xb8 ../common/lpcusb/target/usbstdreq.o
                0x000000000000aa28                USBGetDescriptor
 .text.USBSetConfiguration
                0x000000000000aae0       0xb8 ../common/lpcusb/target/usbstdreq.o
 .text.HandleStdDeviceReq
                0x000000000000ab98       0xd4 ../common/lpcusb/target/usbstdreq.o
 .text.HandleStdInterfaceReq
                0x000000000000ac6c       0xa0 ../common/lpcusb/target/usbstdreq.o
 .text.HandleStdEndPointReq
                0x000000000000ad0c       0xd0 ../common/lpcusb/target/usbstdreq.o
 .text.USBHandleStandardRequest
                0x000000000000addc       0x78 ../common/lpcusb/target/usbstdreq.o
                0x000000000000addc                USBHandleStandardRequest
 .text          0x000000000000ae54      0x370 /usr/bin/../lib/gcc/arm-none-eabi/4.9.3/armv7-m/libgcc.a(_arm_addsubdf3.o)
                0x000000000000ae54                __aeabi_drsub
                0x000000000000ae5c                __aeabi_dsub
                0x000000000000ae5c                __subdf3
                0x000000000000ae60                __adddf3
                0x000000000000ae60                __aeabi_dadd
                0x000000000000b0d8                __aeabi_ui2d
                0x000000000000b0d8                __floatunsidf
                0x000000000000b0f8                __floatsidf
                0x000000000000b0f8                __aeabi_i2d
                0x000000000000b11c                __extendsfdf2
                0x000000000000b11c                __aeabi_f2d
                0x000000000000b158                __aeabi_ul2d
                0x000000000000b158                __floatundidf
                0x000000000000b168                __floatdidf
                0x000000000000b168                __aeabi_l2d
 .text          0x000000000000b1c4      0x424 /usr/bin/../lib/gcc/arm-none-eabi/4.9.3/armv7-m/libgcc.a(_arm_muldivdf3.o)
                0x000000000000b1c4                __aeabi_dmul
                0x000000000000b1c4                __muldf3
                0x000000000000b418                __aeabi_ddiv
                0x000000000000b418                __divdf3
 .text          0x000000000000b5e8       0x40 /usr/bin/../lib/gcc/arm-none-eabi/4.9.3/armv7-m/libgcc.a(_arm_fixunsdfsi.o)
                0x000000000000b5e8                __fixunsdfsi
                0x000000000000b5e8                __aeabi_d2uiz
 .text.memcmp   0x000000000000b628       0x64 /usr/bin/../lib/gcc/arm-none-eabi/4.9.3/../../../../arm-none-eabi/lib/armv7-m/libc.a(lib_a-memcmp.o)
                0x000000000000b628                memcmp
 .text          0x000000000000b68c       0xec /usr/bin/../lib/gcc/arm-none-eabi/4.9.3/../../../../arm-none-eabi/lib/armv7-m/libc.a(lib_a-memcpy.o)
                0x000000000000b68c                memcpy
 .text.strlen   0x000000000000b778       0x5c /usr/bin/../lib/gcc/arm-none-eabi/4.9.3/../../../../arm-none-eabi/lib/armv7-m/libc.a(lib_a-strlen.o)
                0x000000000000b778                strlen
 *(.rodata .rodata.* .gnu.linkonce.r.*)
 .rodata.str1.4
                0x000000000000b7d4        0x4 /usr/bin/../lib/gcc/arm-none-eabi/4.9.3/../../../../arm-none-eabi/lib/armv7-m/libc.a(lib_a-impure.o)
                                          0x2 (size before relaxing)
 .rodata._global_impure_ptr
                0x000000000000b7d8        0x4 /usr/bin/../lib/gcc/arm-none-eabi/4.9.3/../../../../arm-none-eabi/lib/armv7-m/libc.a(lib_a-impure.o)
                0x000000000000b7d8                _global_impure_ptr
 .rodata        0x000000000000b7dc      0x8f2 bluetooth_rxtx.o
                0x000000000000c058                compile_info
 *fill*         0x000000000000c0ce        0x2 
 .rodata        0x000000000000c0d0       0x1e bluetooth.o
 *fill*         0x000000000000c0ee        0x2 
 .rodata        0x000000000000c0f0       0xeb ubertooth_usb.o
                0x000000000000c0f0                abDescriptors
 *fill*         0x000000000000c1db        0x1 
 .rodata        0x000000000000c1dc       0x4c ego.o
 .rodata        0x000000000000c228       0x28 ../common/lpcusb/target/usbstdreq.o
 *(.eh_frame_hdr)
 *(.eh_frame)
 .eh_frame      0x000000000000c250        0x0 /usr/bin/../lib/gcc/arm-none-eabi/4.9.3/armv7-m/crtbegin.o
                0x000000000000c250                . = ALIGN (0x4)
 *(.init)
 .init          0x000000000000c250        0x4 /usr/bin/../lib/gcc/arm-none-eabi/4.9.3/armv7-m/crti.o
                0x000000000000c250                _init
 .init          0x000000000000c254        0x8 /usr/bin/../lib/gcc/arm-none-eabi/4.9.3/armv7-m/crtn.o
                0x000000000000c25c                . = ALIGN (0x4)
                0x000000000000c25c                __preinit_array_start = .
 *(.preinit_array)
                0x000000000000c25c                __preinit_array_end = .
                0x000000000000c25c                . = ALIGN (0x4)
                0x000000000000c25c                __init_array_start = .
 *(SORT(.init_array.*))
 .init_array.00000
                0x000000000000c25c        0x4 /usr/bin/../lib/gcc/arm-none-eabi/4.9.3/../../../../arm-none-eabi/lib/armv7-m/libc.a(lib_a-__call_atexit.o)
 *(.init_array)
 .init_array    0x000000000000c260        0x4 /usr/bin/../lib/gcc/arm-none-eabi/4.9.3/armv7-m/crtbegin.o
                0x000000000000c264                __init_array_end = .
                0x000000000000c264                . = ALIGN (0x4)
 *crtbegin.o(.ctors)
 *(EXCLUDE_FILE(*crtend.o) .ctors)
 *(SORT(.ctors.*))
 *crtend.o(.ctors)
                0x000000000000c264                . = ALIGN (0x4)
 *(.fini)
 .fini          0x000000000000c264        0x4 /usr/bin/../lib/gcc/arm-none-eabi/4.9.3/armv7-m/crti.o
                0x000000000000c264                _fini
 .fini          0x000000000000c268        0x8 /usr/bin/../lib/gcc/arm-none-eabi/4.9.3/armv7-m/crtn.o
                0x000000000000c270                . = ALIGN (0x4)
                0x000000000000c270                __fini_array_start = .
 *(.fini_array)
 .fini_array    0x000000000000c270        0x4 /usr/bin/../lib/gcc/arm-none-eabi/4.9.3/armv7-m/crtbegin.o
 *(SORT(.fini_array.*))
                0x000000000000c274                __fini_array_end = .
 *crtbegin.o(.dtors)
 *(EXCLUDE_FILE(*crtend.o) .dtors)
 *(SORT(.dtors.*))
 *crtend.o(.dtors)
                0x000000000000c278                . = ALIGN (0x8)
 *fill*         0x000000000000c274        0x4 
                0x000000000000c278                _etext = .

.glue_7         0x000000000000c278        0x0
 .glue_7        0x0000000000000000        0x0 linker stubs

.glue_7t        0x000000000000c278        0x0
 .glue_7t       0x0000000000000000        0x0 linker stubs

.vfp11_veneer   0x000000000000c278        0x0
 .vfp11_veneer  0x0000000000000000        0x0 linker stubs

.v4_bx          0x000000000000c278        0x0
 .v4_bx         0x0000000000000000        0x0 linker stubs

.iplt           0x000000000000c278        0x0
 .iplt          0x0000000000000000        0x0 /usr/bin/../lib/gcc/arm-none-eabi/4.9.3/armv7-m/crtbegin.o

.rel.dyn        0x000000000000c278        0x0
 .rel.iplt      0x0000000000000000        0x0 /usr/bin/../lib/gcc/arm-none-eabi/4.9.3/armv7-m/crtbegin.o

.ARM.extab
 *(.ARM.extab* .gnu.linkonce.armextab.*)
                0x000000000000c278                __exidx_start = .

.ARM.exidx
 *(.ARM.exidx* .gnu.linkonce.armexidx.*)
                0x000000000000c278                __exidx_end = .
                0x000000000000c278                _etext = .

.persistent     0x0000000010000000       0x20
                0x0000000010000000                _persistent_start = .
                0x0000000010000020                . = (. + 0x20)
 *fill*         0x0000000010000000       0x20 
                0x0000000010000020                _persistent_end = .
                0x000000001000001c                bootloader_ctrl = (_persistent_start + 0x1c)

.data           0x0000000010000020      0x93e load address 0x000000000000c278
                0x0000000010000020                _data = .
 *(vtable)
 *(.data*)
 .data.impure_data
                0x0000000010000020      0x428 /usr/bin/../lib/gcc/arm-none-eabi/4.9.3/../../../../arm-none-eabi/lib/armv7-m/libc.a(lib_a-impure.o)
 .data          0x0000000010000448       0x5b bluetooth_rxtx.o
                0x000000001000044c                cs_threshold_req
                0x000000001000044d                cs_threshold_cur
                0x0000000010000450                active_rxbuf
                0x0000000010000454                idle_rxbuf
                0x0000000010000458                le
                0x000000001000049c                channel
                0x000000001000049e                low_freq
                0x00000000100004a0                high_freq
                0x00000000100004a2                rssi_threshold
 *fill*         0x00000000100004a3        0x1 
 .data          0x00000000100004a4      0x404 bluetooth_le.o
                0x00000000100004a8                btle_crc_lut
 .data          0x00000000100008a8        0x4 cc2400_rangetest.o
 .data          0x00000000100008ac        0xc ego.o
                0x00000000100008b0                channels
 .data          0x00000000100008b8       0xa6 ../common/lpcusb/target/usbstdreq.o
                0x000000001000095e                _edata = .

.jcr            0x0000000010000960        0x0 load address 0x000000000000cbb6
 .jcr           0x0000000010000960        0x0 /usr/bin/../lib/gcc/arm-none-eabi/4.9.3/armv7-m/crtbegin.o

.igot.plt       0x0000000010000960        0x0 load address 0x000000000000cbb6
 .igot.plt      0x0000000000000000        0x0 /usr/bin/../lib/gcc/arm-none-eabi/4.9.3/armv7-m/crtbegin.o

.bss            0x0000000010000960     0x2918 load address 0x000000000000cbb6
                0x0000000010000960                _bss = .
                0x0000000010000960                __bss_start__ = .
 *(.bss*)
 .bss           0x0000000010000960       0x1c /usr/bin/../lib/gcc/arm-none-eabi/4.9.3/armv7-m/crtbegin.o
 .bss           0x000000001000097c       0xe0 bluetooth_rxtx.o
                0x000000001000097c                hop_mode
                0x000000001000097d                do_hop
                0x000000001000097e                cs_no_squelch
                0x0000000010000980                hop_direct_channel
                0x0000000010000984                clock_trim
                0x0000000010000988                idle_buf_channel
                0x000000001000098a                active_buf_channel
                0x000000001000098c                slave_mac_address
                0x0000000010000994                le_jam_count
                0x0000000010000998                data_cb
                0x000000001000099c                packet_cb
                0x00000000100009a0                rssi_iir
                0x0000000010000a3e                mode
                0x0000000010000a3f                requested_mode
                0x0000000010000a40                jam_mode
                0x0000000010000a41                ego_mode
                0x0000000010000a42                modulation
                0x0000000010000a44                requested_channel
                0x0000000010000a46                saved_request
                0x0000000010000a48                status
                0x0000000010000a49                rssi_count
                0x0000000010000a4c                rssi_sum
 .bss           0x0000000010000a5c        0xc ubertooth_usb.o
                0x0000000010000a5c                head
                0x0000000010000a60                tail
                0x0000000010000a64                last_usb_pkt
 .bss           0x0000000010000a68        0x4 ../common/ubertooth.o
 .bss           0x0000000010000a6c       0x34 ../common/lpcusb/target/usbcontrol.o
 .bss           0x0000000010000aa0        0x8 ../common/lpcusb/target/usbinit.o
 .bss           0x0000000010000aa8       0x48 ../common/lpcusb/target/usbhw_lpc.o
 .bss           0x0000000010000af0        0xd ../common/lpcusb/target/usbstdreq.o
 *(COMMON)
 *fill*         0x0000000010000afd        0x3 
 COMMON         0x0000000010000b00      0x5c8 bluetooth_rxtx.o
                0x0000000010000b00                rx_tc
                0x0000000010000b04                rssi_max
                0x0000000010000b08                le_dma_lli
                0x0000000010000bb8                rssi_min
                0x0000000010000bbc                afh_map
                0x0000000010000bc8                idle_buf_clk100ns
                0x0000000010000bcc                rx_dma_lli2
                0x0000000010000bdc                cs_timestamp
                0x0000000010000be0                keepalive_trigger
                0x0000000010000be4                clkn
                0x0000000010000be8                active_buf_clkn_high
                0x0000000010000bec                le_promisc
                0x0000000010000cf8                syncword
                0x0000000010000d00                unpacked
                0x0000000010001020                active_buf_clk100ns
                0x0000000010001024                afh_enabled
                0x0000000010001028                idle_buf_clkn_high
                0x000000001000102c                rxbuf2
                0x0000000010001060                rx_dma_lli1
                0x0000000010001070                rr
                0x0000000010001078                rxbuf1
                0x00000000100010ac                rx_err
                0x00000000100010b0                cs_trigger
                0x00000000100010b8                target
 COMMON         0x00000000100010c8       0xa8 bluetooth.o
                0x00000000100010c8                b
                0x00000000100010c9                used_channels
                0x00000000100010ca                d1
                0x00000000100010cc                afh_bank
                0x000000001000111b                a1
                0x000000001000111c                c1
                0x0000000010001120                bank
                0x000000001000116f                e
 COMMON         0x0000000010001170     0x2108 ubertooth_usb.o
                0x0000000010001170                fifo
                0x0000000010003170                abVendorReqData
                0x0000000010003274                v_req_handler
                0x0000000010003278                _ebss = .
                0x0000000010003278                __bss_end__ = .

.cr_heap        0x0000000010003278        0x0 load address 0x000000000000cbb6
                0x0000000010003278                end = .
                0x0000000010003278                __end__ = .
                0x0000000010003278                _pvHeapStart = .
                0x0000000010003fe0                _StackTop = ((ORIGIN (ram) + 0x4000) - 0x20)
OUTPUT(bluetooth_rxtx.elf elf32-littlearm)

.ARM.attributes
                0x0000000000000000       0x29
 .ARM.attributes
                0x0000000000000000       0x1d /usr/bin/../lib/gcc/arm-none-eabi/4.9.3/armv7-m/crti.o
 .ARM.attributes
                0x000000000000001d       0x2d /usr/bin/../lib/gcc/arm-none-eabi/4.9.3/armv7-m/crtbegin.o
 .ARM.attributes
                0x000000000000004a       0x2d /usr/bin/../lib/gcc/arm-none-eabi/4.9.3/../../../../arm-none-eabi/lib/armv7-m/libc.a(lib_a-impure.o)
 .ARM.attributes
                0x0000000000000077       0x2d /usr/bin/../lib/gcc/arm-none-eabi/4.9.3/../../../../arm-none-eabi/lib/armv7-m/libc.a(lib_a-init.o)
 .ARM.attributes
                0x00000000000000a4       0x2d /usr/bin/../lib/gcc/arm-none-eabi/4.9.3/../../../../arm-none-eabi/lib/armv7-m/libc.a(lib_a-memset.o)
 .ARM.attributes
                0x00000000000000d1       0x2d /usr/bin/../lib/gcc/arm-none-eabi/4.9.3/../../../../arm-none-eabi/lib/armv7-m/libc.a(lib_a-__call_atexit.o)
 .ARM.attributes
                0x00000000000000fe       0x2d /usr/bin/../lib/gcc/arm-none-eabi/4.9.3/../../../../arm-none-eabi/lib/armv7-m/libc.a(lib_a-atexit.o)
 .ARM.attributes
                0x000000000000012b       0x2d /usr/bin/../lib/gcc/arm-none-eabi/4.9.3/../../../../arm-none-eabi/lib/armv7-m/libc.a(lib_a-fini.o)
 .ARM.attributes
                0x0000000000000158       0x2d /usr/bin/../lib/gcc/arm-none-eabi/4.9.3/../../../../arm-none-eabi/lib/armv7-m/libc.a(lib_a-__atexit.o)
 .ARM.attributes
                0x0000000000000185       0x33 bluetooth_rxtx.o
 .ARM.attributes
                0x00000000000001b8       0x33 bluetooth.o
 .ARM.attributes
                0x00000000000001eb       0x33 bluetooth_le.o
 .ARM.attributes
                0x000000000000021e       0x33 ubertooth_usb.o
 .ARM.attributes
                0x0000000000000251       0x33 cc2400_rangetest.o
 .ARM.attributes
                0x0000000000000284       0x33 ego.o
 .ARM.attributes
                0x00000000000002b7       0x33 ../common/usb_serial.o
 .ARM.attributes
                0x00000000000002ea       0x33 ../common/LPC17xx_Startup.o
 .ARM.attributes
                0x000000000000031d       0x33 ../common/LPC17xx_Interrupts.o
 .ARM.attributes
                0x0000000000000350       0x33 ../common/ubertooth.o
 .ARM.attributes
                0x0000000000000383       0x33 ../common/lpcusb/target/usbcontrol.o
 .ARM.attributes
                0x00000000000003b6       0x33 ../common/lpcusb/target/usbinit.o
 .ARM.attributes
                0x00000000000003e9       0x33 ../common/lpcusb/target/usbhw_lpc.o
 .ARM.attributes
                0x000000000000041c       0x33 ../common/lpcusb/target/usbstdreq.o
 .ARM.attributes
                0x000000000000044f       0x1d /usr/bin/../lib/gcc/arm-none-eabi/4.9.3/armv7-m/libgcc.a(_arm_addsubdf3.o)
 .ARM.attributes
                0x000000000000046c       0x1d /usr/bin/../lib/gcc/arm-none-eabi/4.9.3/armv7-m/libgcc.a(_arm_muldivdf3.o)
 .ARM.attributes
                0x0000000000000489       0x1d /usr/bin/../lib/gcc/arm-none-eabi/4.9.3/armv7-m/libgcc.a(_arm_fixunsdfsi.o)
 .ARM.attributes
                0x00000000000004a6       0x2d /usr/bin/../lib/gcc/arm-none-eabi/4.9.3/../../../../arm-none-eabi/lib/armv7-m/libc.a(lib_a-memcmp.o)
 .ARM.attributes
                0x00000000000004d3       0x1b /usr/bin/../lib/gcc/arm-none-eabi/4.9.3/../../../../arm-none-eabi/lib/armv7-m/libc.a(lib_a-memcpy.o)
 .ARM.attributes
                0x00000000000004ee       0x2d /usr/bin/../lib/gcc/arm-none-eabi/4.9.3/../../../../arm-none-eabi/lib/armv7-m/libc.a(lib_a-strlen.o)
 .ARM.attributes
                0x000000000000051b       0x1d /usr/bin/../lib/gcc/arm-none-eabi/4.9.3/armv7-m/crtn.o

.comment        0x0000000000000000       0x70
 .comment       0x0000000000000000       0x70 bluetooth_rxtx.o
                                         0x71 (size before relaxing)
 .comment       0x0000000000000000       0x71 bluetooth.o
 .comment       0x0000000000000000       0x71 bluetooth_le.o
 .comment       0x0000000000000000       0x71 ubertooth_usb.o
 .comment       0x0000000000000000       0x71 cc2400_rangetest.o
 .comment       0x0000000000000000       0x71 ego.o
 .comment       0x0000000000000000       0x71 ../common/usb_serial.o
 .comment       0x0000000000000000       0x71 ../common/LPC17xx_Startup.o
 .comment       0x0000000000000000       0x71 ../common/LPC17xx_Interrupts.o
 .comment       0x0000000000000000       0x71 ../common/ubertooth.o
 .comment       0x0000000000000000       0x71 ../common/lpcusb/target/usbcontrol.o
 .comment       0x0000000000000000       0x71 ../common/lpcusb/target/usbinit.o
 .comment       0x0000000000000000       0x71 ../common/lpcusb/target/usbhw_lpc.o
 .comment       0x0000000000000000       0x71 ../common/lpcusb/target/usbstdreq.o

.debug_frame    0x0000000000000000     0x1c9c
 .debug_frame   0x0000000000000000       0x2c /usr/bin/../lib/gcc/arm-none-eabi/4.9.3/../../../../arm-none-eabi/lib/armv7-m/libc.a(lib_a-init.o)
 .debug_frame   0x000000000000002c       0x34 /usr/bin/../lib/gcc/arm-none-eabi/4.9.3/../../../../arm-none-eabi/lib/armv7-m/libc.a(lib_a-memset.o)
 .debug_frame   0x0000000000000060       0x50 /usr/bin/../lib/gcc/arm-none-eabi/4.9.3/../../../../arm-none-eabi/lib/armv7-m/libc.a(lib_a-__call_atexit.o)
 .debug_frame   0x00000000000000b0       0x20 /usr/bin/../lib/gcc/arm-none-eabi/4.9.3/../../../../arm-none-eabi/lib/armv7-m/libc.a(lib_a-atexit.o)
 .debug_frame   0x00000000000000d0       0x34 /usr/bin/../lib/gcc/arm-none-eabi/4.9.3/../../../../arm-none-eabi/lib/armv7-m/libc.a(lib_a-fini.o)
 .debug_frame   0x0000000000000104       0x34 /usr/bin/../lib/gcc/arm-none-eabi/4.9.3/../../../../arm-none-eabi/lib/armv7-m/libc.a(lib_a-__atexit.o)
 .debug_frame   0x0000000000000138      0x728 bluetooth_rxtx.o
 .debug_frame   0x0000000000000860       0xe4 bluetooth.o
 .debug_frame   0x0000000000000944      0x100 bluetooth_le.o
 .debug_frame   0x0000000000000a44      0x124 ubertooth_usb.o
 .debug_frame   0x0000000000000b68       0x9c cc2400_rangetest.o
 .debug_frame   0x0000000000000c04      0x350 ego.o
 .debug_frame   0x0000000000000f54      0x1a4 ../common/usb_serial.o
 .debug_frame   0x00000000000010f8       0x30 ../common/LPC17xx_Startup.o
 .debug_frame   0x0000000000001128       0x2c ../common/LPC17xx_Interrupts.o
 .debug_frame   0x0000000000001154      0x398 ../common/ubertooth.o
 .debug_frame   0x00000000000014ec       0xd8 ../common/lpcusb/target/usbcontrol.o
 .debug_frame   0x00000000000015c4       0x54 ../common/lpcusb/target/usbinit.o
 .debug_frame   0x0000000000001618      0x464 ../common/lpcusb/target/usbhw_lpc.o
 .debug_frame   0x0000000000001a7c      0x1c8 ../common/lpcusb/target/usbstdreq.o
 .debug_frame   0x0000000000001c44       0x38 /usr/bin/../lib/gcc/arm-none-eabi/4.9.3/../../../../arm-none-eabi/lib/armv7-m/libc.a(lib_a-memcmp.o)
 .debug_frame   0x0000000000001c7c       0x20 /usr/bin/../lib/gcc/arm-none-eabi/4.9.3/../../../../arm-none-eabi/lib/armv7-m/libc.a(lib_a-strlen.o)

.debug_info     0x0000000000000000     0x4f95
 .debug_info    0x0000000000000000     0x1acc bluetooth_rxtx.o
 .debug_info    0x0000000000001acc      0x449 bluetooth.o
 .debug_info    0x0000000000001f15      0x5c3 bluetooth_le.o
 .debug_info    0x00000000000024d8      0x4e3 ubertooth_usb.o
 .debug_info    0x00000000000029bb      0x2ec cc2400_rangetest.o
 .debug_info    0x0000000000002ca7      0x67f ego.o
 .debug_info    0x0000000000003326      0x497 ../common/usb_serial.o
 .debug_info    0x00000000000037bd       0xf1 ../common/LPC17xx_Startup.o
 .debug_info    0x00000000000038ae       0x7d ../common/LPC17xx_Interrupts.o
 .debug_info    0x000000000000392b      0x4dd ../common/ubertooth.o
 .debug_info    0x0000000000003e08      0x2e8 ../common/lpcusb/target/usbcontrol.o
 .debug_info    0x00000000000040f0       0xb8 ../common/lpcusb/target/usbinit.o
 .debug_info    0x00000000000041a8      0x840 ../common/lpcusb/target/usbhw_lpc.o
 .debug_info    0x00000000000049e8      0x5ad ../common/lpcusb/target/usbstdreq.o

.debug_abbrev   0x0000000000000000     0x1537
 .debug_abbrev  0x0000000000000000      0x42c bluetooth_rxtx.o
 .debug_abbrev  0x000000000000042c      0x12e bluetooth.o
 .debug_abbrev  0x000000000000055a      0x132 bluetooth_le.o
 .debug_abbrev  0x000000000000068c      0x1cc ubertooth_usb.o
 .debug_abbrev  0x0000000000000858       0xfe cc2400_rangetest.o
 .debug_abbrev  0x0000000000000956      0x1e4 ego.o
 .debug_abbrev  0x0000000000000b3a      0x1a7 ../common/usb_serial.o
 .debug_abbrev  0x0000000000000ce1       0x89 ../common/LPC17xx_Startup.o
 .debug_abbrev  0x0000000000000d6a       0x80 ../common/LPC17xx_Interrupts.o
 .debug_abbrev  0x0000000000000dea      0x1de ../common/ubertooth.o
 .debug_abbrev  0x0000000000000fc8      0x138 ../common/lpcusb/target/usbcontrol.o
 .debug_abbrev  0x0000000000001100       0xa6 ../common/lpcusb/target/usbinit.o
 .debug_abbrev  0x00000000000011a6      0x1fa ../common/lpcusb/target/usbhw_lpc.o
 .debug_abbrev  0x00000000000013a0      0x197 ../common/lpcusb/target/usbstdreq.o

.debug_aranges  0x0000000000000000      0x6c8
 .debug_aranges
                0x0000000000000000      0x198 bluetooth_rxtx.o
 .debug_aranges
                0x0000000000000198       0x40 bluetooth.o
 .debug_aranges
                0x00000000000001d8       0x48 bluetooth_le.o
 .debug_aranges
                0x0000000000000220       0x50 ubertooth_usb.o
 .debug_aranges
                0x0000000000000270       0x30 cc2400_rangetest.o
 .debug_aranges
                0x00000000000002a0       0xc8 ego.o
 .debug_aranges
                0x0000000000000368       0x70 ../common/usb_serial.o
 .debug_aranges
                0x00000000000003d8       0x20 ../common/LPC17xx_Startup.o
 .debug_aranges
                0x00000000000003f8       0x20 ../common/LPC17xx_Interrupts.o
 .debug_aranges
                0x0000000000000418       0xe0 ../common/ubertooth.o
 .debug_aranges
                0x00000000000004f8       0x40 ../common/lpcusb/target/usbcontrol.o
 .debug_aranges
                0x0000000000000538       0x28 ../common/lpcusb/target/usbinit.o
 .debug_aranges
                0x0000000000000560       0xf8 ../common/lpcusb/target/usbhw_lpc.o
 .debug_aranges
                0x0000000000000658       0x70 ../common/lpcusb/target/usbstdreq.o

.debug_ranges   0x0000000000000000      0x5e8
 .debug_ranges  0x0000000000000000      0x188 bluetooth_rxtx.o
 .debug_ranges  0x0000000000000188       0x30 bluetooth.o
 .debug_ranges  0x00000000000001b8       0x38 bluetooth_le.o
 .debug_ranges  0x00000000000001f0       0x40 ubertooth_usb.o
 .debug_ranges  0x0000000000000230       0x20 cc2400_rangetest.o
 .debug_ranges  0x0000000000000250       0xb8 ego.o
 .debug_ranges  0x0000000000000308       0x60 ../common/usb_serial.o
 .debug_ranges  0x0000000000000368       0x10 ../common/LPC17xx_Startup.o
 .debug_ranges  0x0000000000000378       0x10 ../common/LPC17xx_Interrupts.o
 .debug_ranges  0x0000000000000388       0xd0 ../common/ubertooth.o
 .debug_ranges  0x0000000000000458       0x30 ../common/lpcusb/target/usbcontrol.o
 .debug_ranges  0x0000000000000488       0x18 ../common/lpcusb/target/usbinit.o
 .debug_ranges  0x00000000000004a0       0xe8 ../common/lpcusb/target/usbhw_lpc.o
 .debug_ranges  0x0000000000000588       0x60 ../common/lpcusb/target/usbstdreq.o

.debug_line     0x0000000000000000     0x2730
 .debug_line    0x0000000000000000      0xe45 bluetooth_rxtx.o
 .debug_line    0x0000000000000e45      0x229 bluetooth.o
 .debug_line    0x000000000000106e      0x188 bluetooth_le.o
 .debug_line    0x00000000000011f6      0x1a1 ubertooth_usb.o
 .debug_line    0x0000000000001397      0x2c2 cc2400_rangetest.o
 .debug_line    0x0000000000001659      0x313 ego.o
 .debug_line    0x000000000000196c      0x1f9 ../common/usb_serial.o
 .debug_line    0x0000000000001b65       0x98 ../common/LPC17xx_Startup.o
 .debug_line    0x0000000000001bfd       0x53 ../common/LPC17xx_Interrupts.o
 .debug_line    0x0000000000001c50      0x3b5 ../common/ubertooth.o
 .debug_line    0x0000000000002005      0x105 ../common/lpcusb/target/usbcontrol.o
 .debug_line    0x000000000000210a       0x74 ../common/lpcusb/target/usbinit.o
 .debug_line    0x000000000000217e      0x3c1 ../common/lpcusb/target/usbhw_lpc.o
 .debug_line    0x000000000000253f      0x1f1 ../common/lpcusb/target/usbstdreq.o

.debug_str      0x0000000000000000     0x21fd
 .debug_str     0x0000000000000000     0x1203 bluetooth_rxtx.o
                                       0x136b (size before relaxing)
 .debug_str     0x0000000000001203       0xae bluetooth.o
                                        0x33f (size before relaxing)
 .debug_str     0x00000000000012b1       0xb0 bluetooth_le.o
                                        0x4ca (size before relaxing)
 .debug_str     0x0000000000001361      0x126 ubertooth_usb.o
                                        0x444 (size before relaxing)
 .debug_str     0x0000000000001487       0x53 cc2400_rangetest.o
                                        0x31a (size before relaxing)
 .debug_str     0x00000000000014da      0x20e ego.o
                                        0x64f (size before relaxing)
 .debug_str     0x00000000000016e8      0x159 ../common/usb_serial.o
                                        0x3ef (size before relaxing)
 .debug_str     0x0000000000001841       0x5b ../common/LPC17xx_Startup.o
                                        0x257 (size before relaxing)
 .debug_str     0x000000000000189c       0x51 ../common/LPC17xx_Interrupts.o
                                        0x1d0 (size before relaxing)
 .debug_str     0x00000000000018ed      0x14f ../common/ubertooth.o
                                        0x392 (size before relaxing)
 .debug_str     0x0000000000001a3c       0xe4 ../common/lpcusb/target/usbcontrol.o
                                        0x2f1 (size before relaxing)
 .debug_str     0x0000000000001b20       0x46 ../common/lpcusb/target/usbinit.o
                                        0x1f1 (size before relaxing)
 .debug_str     0x0000000000001b66      0x3ea ../common/lpcusb/target/usbhw_lpc.o
                                        0x60e (size before relaxing)
 .debug_str     0x0000000000001f50      0x2ad ../common/lpcusb/target/usbstdreq.o
                                        0x4c4 (size before relaxing)
