Archive member included because of file (symbol)

/usr/bin/../lib/gcc/arm-none-eabi/4.9.3/../../../../arm-none-eabi/lib/armv7-m/libc.a(lib_a-exit.o)
                              /usr/bin/../lib/gcc/arm-none-eabi/4.9.3/../../../../arm-none-eabi/lib/armv7-m/crt0.o (exit)
/usr/bin/../lib/gcc/arm-none-eabi/4.9.3/../../../../arm-none-eabi/lib/armv7-m/libc.a(lib_a-impure.o)
                              /usr/bin/../lib/gcc/arm-none-eabi/4.9.3/../../../../arm-none-eabi/lib/armv7-m/libc.a(lib_a-exit.o) (_global_impure_ptr)
/usr/bin/../lib/gcc/arm-none-eabi/4.9.3/../../../../arm-none-eabi/lib/armv7-m/libc.a(lib_a-init.o)
                              /usr/bin/../lib/gcc/arm-none-eabi/4.9.3/../../../../arm-none-eabi/lib/armv7-m/crt0.o (__libc_init_array)
/usr/bin/../lib/gcc/arm-none-eabi/4.9.3/../../../../arm-none-eabi/lib/armv7-m/libc.a(lib_a-memset.o)
                              /usr/bin/../lib/gcc/arm-none-eabi/4.9.3/../../../../arm-none-eabi/lib/armv7-m/crt0.o (memset)
/usr/bin/../lib/gcc/arm-none-eabi/4.9.3/../../../../arm-none-eabi/lib/armv7-m/libc.a(lib_a-__call_atexit.o)
                              /usr/bin/../lib/gcc/arm-none-eabi/4.9.3/../../../../arm-none-eabi/lib/armv7-m/libc.a(lib_a-exit.o) (__call_exitprocs)
/usr/bin/../lib/gcc/arm-none-eabi/4.9.3/../../../../arm-none-eabi/lib/armv7-m/libc.a(lib_a-atexit.o)
                              /usr/bin/../lib/gcc/arm-none-eabi/4.9.3/../../../../arm-none-eabi/lib/armv7-m/libc.a(lib_a-__call_atexit.o) (atexit)
/usr/bin/../lib/gcc/arm-none-eabi/4.9.3/../../../../arm-none-eabi/lib/armv7-m/libc.a(lib_a-fini.o)
                              /usr/bin/../lib/gcc/arm-none-eabi/4.9.3/../../../../arm-none-eabi/lib/armv7-m/libc.a(lib_a-__call_atexit.o) (__libc_fini_array)
/usr/bin/../lib/gcc/arm-none-eabi/4.9.3/../../../../arm-none-eabi/lib/armv7-m/libc.a(lib_a-__atexit.o)
                              /usr/bin/../lib/gcc/arm-none-eabi/4.9.3/../../../../arm-none-eabi/lib/armv7-m/libc.a(lib_a-atexit.o) (__register_exitproc)
/usr/bin/../lib/gcc/arm-none-eabi/4.9.3/armv7-m/libgcc.a(_arm_addsubdf3.o)
                              bluetooth_rxtx.o (__aeabi_dadd)
/usr/bin/../lib/gcc/arm-none-eabi/4.9.3/armv7-m/libgcc.a(_arm_muldivdf3.o)
                              bluetooth_rxtx.o (__aeabi_dmul)
/usr/bin/../lib/gcc/arm-none-eabi/4.9.3/armv7-m/libgcc.a(_arm_fixunsdfsi.o)
                              bluetooth_rxtx.o (__aeabi_d2uiz)
/usr/bin/../lib/gcc/arm-none-eabi/4.9.3/../../../../arm-none-eabi/lib/armv7-m/libc.a(lib_a-memcmp.o)
                              bluetooth_rxtx.o (memcmp)
/usr/bin/../lib/gcc/arm-none-eabi/4.9.3/../../../../arm-none-eabi/lib/armv7-m/libc.a(lib_a-memcpy.o)
                              bluetooth_rxtx.o (memcpy)
/usr/bin/../lib/gcc/arm-none-eabi/4.9.3/../../../../arm-none-eabi/lib/armv7-m/libc.a(lib_a-strlen.o)
                              bluetooth_rxtx.o (strlen)
/usr/bin/../lib/gcc/arm-none-eabi/4.9.3/../../../../arm-none-eabi/lib/armv7-m/libnosys.a(_exit.o)
                              /usr/bin/../lib/gcc/arm-none-eabi/4.9.3/../../../../arm-none-eabi/lib/armv7-m/libc.a(lib_a-exit.o) (_exit)

Allocating common symbols
Common symbol       size              file

clkn_freq           0x4               bluetooth_rxtx.o
b                   0x1               bluetooth.o
rx_tc               0x4               bluetooth_rxtx.o
clkn_proposed       0x4               bluetooth_rxtx.o
rssi_max            0x1               bluetooth_rxtx.o
used_channels       0x1               bluetooth.o
le_dma_lli          0xb0              bluetooth_rxtx.o
rssi_min            0x1               bluetooth_rxtx.o
afh_map             0xa               bluetooth_rxtx.o
d1                  0x2               bluetooth.o
idle_buf_clk100ns   0x4               bluetooth_rxtx.o
rx_dma_lli2         0x10              bluetooth_rxtx.o
afh_bank            0x4f              bluetooth.o
a1                  0x1               bluetooth.o
cs_timestamp        0x4               bluetooth_rxtx.o
keepalive_trigger   0x1               bluetooth_rxtx.o
clkn                0x4               bluetooth_rxtx.o
device_index        0x1               bluetooth_rxtx.o
freq_avg            0x1               bluetooth_rxtx.o
active_buf_clkn_high
                    0x4               bluetooth_rxtx.o
fifo                0x2000            ubertooth_usb.o
le_promisc          0x108             bluetooth_rxtx.o
first_ts            0x4               bluetooth_rxtx.o
c1                  0x1               bluetooth.o
syncword            0x8               bluetooth_rxtx.o
bank                0x4f              bluetooth.o
unpacked            0x320             bluetooth_rxtx.o
active_buf_clk100ns
                    0x4               bluetooth_rxtx.o
clkn_legacy         0x4               bluetooth_rxtx.o
afh_enabled         0x1               bluetooth_rxtx.o
rssi_avg            0x1               bluetooth_rxtx.o
idle_buf_clkn_high  0x4               bluetooth_rxtx.o
rxbuf2              0x32              bluetooth_rxtx.o
abVendorReqData     0x102             ubertooth_usb.o
diff_ts             0x4               bluetooth_rxtx.o
v_req_handler       0x4               ubertooth_usb.o
rx_dma_lli1         0x10              bluetooth_rxtx.o
second_ts           0x4               bluetooth_rxtx.o
e                   0x1               bluetooth.o
rr                  0x5               bluetooth_rxtx.o
rxbuf1              0x32              bluetooth_rxtx.o
rx_err              0x4               bluetooth_rxtx.o
cs_trigger          0x1               bluetooth_rxtx.o
target              0x10              bluetooth_rxtx.o

Discarded input sections

 .text          0x0000000000000000        0x0 /usr/bin/../lib/gcc/arm-none-eabi/4.9.3/armv7-m/crti.o
 .data          0x0000000000000000        0x0 /usr/bin/../lib/gcc/arm-none-eabi/4.9.3/armv7-m/crti.o
 .bss           0x0000000000000000        0x0 /usr/bin/../lib/gcc/arm-none-eabi/4.9.3/armv7-m/crti.o
 .data          0x0000000000000000        0x4 /usr/bin/../lib/gcc/arm-none-eabi/4.9.3/armv7-m/crtbegin.o
 .text          0x0000000000000000       0x74 /usr/bin/../lib/gcc/arm-none-eabi/4.9.3/../../../../arm-none-eabi/lib/armv7-m/crt0.o
 .data          0x0000000000000000        0x0 /usr/bin/../lib/gcc/arm-none-eabi/4.9.3/../../../../arm-none-eabi/lib/armv7-m/crt0.o
 .bss           0x0000000000000000        0x0 /usr/bin/../lib/gcc/arm-none-eabi/4.9.3/../../../../arm-none-eabi/lib/armv7-m/crt0.o
 .ARM.extab     0x0000000000000000        0x0 /usr/bin/../lib/gcc/arm-none-eabi/4.9.3/../../../../arm-none-eabi/lib/armv7-m/crt0.o
 .ARM.exidx     0x0000000000000000        0x8 /usr/bin/../lib/gcc/arm-none-eabi/4.9.3/../../../../arm-none-eabi/lib/armv7-m/crt0.o
 .ARM.attributes
                0x0000000000000000       0x1b /usr/bin/../lib/gcc/arm-none-eabi/4.9.3/../../../../arm-none-eabi/lib/armv7-m/crt0.o
 .text          0x0000000000000000        0x0 /usr/bin/../lib/gcc/arm-none-eabi/4.9.3/../../../../arm-none-eabi/lib/armv7-m/libc.a(lib_a-exit.o)
 .data          0x0000000000000000        0x0 /usr/bin/../lib/gcc/arm-none-eabi/4.9.3/../../../../arm-none-eabi/lib/armv7-m/libc.a(lib_a-exit.o)
 .bss           0x0000000000000000        0x0 /usr/bin/../lib/gcc/arm-none-eabi/4.9.3/../../../../arm-none-eabi/lib/armv7-m/libc.a(lib_a-exit.o)
 .text.exit     0x0000000000000000       0x20 /usr/bin/../lib/gcc/arm-none-eabi/4.9.3/../../../../arm-none-eabi/lib/armv7-m/libc.a(lib_a-exit.o)
 .debug_frame   0x0000000000000000       0x28 /usr/bin/../lib/gcc/arm-none-eabi/4.9.3/../../../../arm-none-eabi/lib/armv7-m/libc.a(lib_a-exit.o)
 .ARM.attributes
                0x0000000000000000       0x2d /usr/bin/../lib/gcc/arm-none-eabi/4.9.3/../../../../arm-none-eabi/lib/armv7-m/libc.a(lib_a-exit.o)
 .text          0x0000000000000000        0x0 /usr/bin/../lib/gcc/arm-none-eabi/4.9.3/../../../../arm-none-eabi/lib/armv7-m/libc.a(lib_a-impure.o)
 .data          0x0000000000000000        0x0 /usr/bin/../lib/gcc/arm-none-eabi/4.9.3/../../../../arm-none-eabi/lib/armv7-m/libc.a(lib_a-impure.o)
 .bss           0x0000000000000000        0x0 /usr/bin/../lib/gcc/arm-none-eabi/4.9.3/../../../../arm-none-eabi/lib/armv7-m/libc.a(lib_a-impure.o)
 .data._impure_ptr
                0x0000000000000000        0x4 /usr/bin/../lib/gcc/arm-none-eabi/4.9.3/../../../../arm-none-eabi/lib/armv7-m/libc.a(lib_a-impure.o)
 .text          0x0000000000000000        0x0 /usr/bin/../lib/gcc/arm-none-eabi/4.9.3/../../../../arm-none-eabi/lib/armv7-m/libc.a(lib_a-init.o)
 .data          0x0000000000000000        0x0 /usr/bin/../lib/gcc/arm-none-eabi/4.9.3/../../../../arm-none-eabi/lib/armv7-m/libc.a(lib_a-init.o)
 .bss           0x0000000000000000        0x0 /usr/bin/../lib/gcc/arm-none-eabi/4.9.3/../../../../arm-none-eabi/lib/armv7-m/libc.a(lib_a-init.o)
 .text          0x0000000000000000        0x0 /usr/bin/../lib/gcc/arm-none-eabi/4.9.3/../../../../arm-none-eabi/lib/armv7-m/libc.a(lib_a-memset.o)
 .data          0x0000000000000000        0x0 /usr/bin/../lib/gcc/arm-none-eabi/4.9.3/../../../../arm-none-eabi/lib/armv7-m/libc.a(lib_a-memset.o)
 .bss           0x0000000000000000        0x0 /usr/bin/../lib/gcc/arm-none-eabi/4.9.3/../../../../arm-none-eabi/lib/armv7-m/libc.a(lib_a-memset.o)
 .text          0x0000000000000000        0x0 /usr/bin/../lib/gcc/arm-none-eabi/4.9.3/../../../../arm-none-eabi/lib/armv7-m/libc.a(lib_a-__call_atexit.o)
 .data          0x0000000000000000        0x0 /usr/bin/../lib/gcc/arm-none-eabi/4.9.3/../../../../arm-none-eabi/lib/armv7-m/libc.a(lib_a-__call_atexit.o)
 .bss           0x0000000000000000        0x0 /usr/bin/../lib/gcc/arm-none-eabi/4.9.3/../../../../arm-none-eabi/lib/armv7-m/libc.a(lib_a-__call_atexit.o)
 .text.__call_exitprocs
                0x0000000000000000       0xd4 /usr/bin/../lib/gcc/arm-none-eabi/4.9.3/../../../../arm-none-eabi/lib/armv7-m/libc.a(lib_a-__call_atexit.o)
 .text          0x0000000000000000        0x0 /usr/bin/../lib/gcc/arm-none-eabi/4.9.3/../../../../arm-none-eabi/lib/armv7-m/libc.a(lib_a-atexit.o)
 .data          0x0000000000000000        0x0 /usr/bin/../lib/gcc/arm-none-eabi/4.9.3/../../../../arm-none-eabi/lib/armv7-m/libc.a(lib_a-atexit.o)
 .bss           0x0000000000000000        0x0 /usr/bin/../lib/gcc/arm-none-eabi/4.9.3/../../../../arm-none-eabi/lib/armv7-m/libc.a(lib_a-atexit.o)
 .text          0x0000000000000000        0x0 /usr/bin/../lib/gcc/arm-none-eabi/4.9.3/../../../../arm-none-eabi/lib/armv7-m/libc.a(lib_a-fini.o)
 .data          0x0000000000000000        0x0 /usr/bin/../lib/gcc/arm-none-eabi/4.9.3/../../../../arm-none-eabi/lib/armv7-m/libc.a(lib_a-fini.o)
 .bss           0x0000000000000000        0x0 /usr/bin/../lib/gcc/arm-none-eabi/4.9.3/../../../../arm-none-eabi/lib/armv7-m/libc.a(lib_a-fini.o)
 .text          0x0000000000000000        0x0 /usr/bin/../lib/gcc/arm-none-eabi/4.9.3/../../../../arm-none-eabi/lib/armv7-m/libc.a(lib_a-__atexit.o)
 .data          0x0000000000000000        0x0 /usr/bin/../lib/gcc/arm-none-eabi/4.9.3/../../../../arm-none-eabi/lib/armv7-m/libc.a(lib_a-__atexit.o)
 .bss           0x0000000000000000        0x0 /usr/bin/../lib/gcc/arm-none-eabi/4.9.3/../../../../arm-none-eabi/lib/armv7-m/libc.a(lib_a-__atexit.o)
 .text          0x0000000000000000        0x0 bluetooth_rxtx.o
 .text.cc2400_rssi_to_dbm
                0x0000000000000000       0x3c bluetooth_rxtx.o
 .text.clkn_init
                0x0000000000000000       0x50 bluetooth_rxtx.o
 .text.cc2400_spi_rev
                0x0000000000000000       0x88 bluetooth_rxtx.o
 .text          0x0000000000000000        0x0 bluetooth.o
 .data          0x0000000000000000        0x4 bluetooth.o
 .bss           0x0000000000000000        0x0 bluetooth.o
 .text.count_bits
                0x0000000000000000       0x4c bluetooth.o
 .text.precalc  0x0000000000000000      0x220 bluetooth.o
 .text.find_access_code
                0x0000000000000000      0x128 bluetooth.o
 .text          0x0000000000000000        0x0 bluetooth_le.o
 .bss           0x0000000000000000        0x4 bluetooth_le.o
 .rodata        0x0000000000000000      0x890 bluetooth_le.o
 .text          0x0000000000000000        0x0 ubertooth_usb.o
 .data          0x0000000000000000        0x4 ubertooth_usb.o
 .text          0x0000000000000000        0x0 cc2400_rangetest.o
 .bss           0x0000000000000000        0x0 cc2400_rangetest.o
 .text          0x0000000000000000        0x0 ego.o
 .bss           0x0000000000000000        0x0 ego.o
 .text          0x0000000000000000        0x0 ../common/usb_serial.o
 .data          0x0000000000000000        0xc ../common/usb_serial.o
 .bss           0x0000000000000000      0x168 ../common/usb_serial.o
 .rodata        0x0000000000000000       0xd2 ../common/usb_serial.o
 .text.HandleClassRequest
                0x0000000000000000       0x54 ../common/usb_serial.o
 .text.BulkOut  0x0000000000000000       0x68 ../common/usb_serial.o
 .text.SendNextBulkIn
                0x0000000000000000       0x88 ../common/usb_serial.o
 .text.BulkIn   0x0000000000000000       0x20 ../common/usb_serial.o
 .text.USBFrameHandler
                0x0000000000000000       0x34 ../common/usb_serial.o
 .text.USBDevIntHandler
                0x0000000000000000       0x28 ../common/usb_serial.o
 .text.VCOM_init
                0x0000000000000000       0x3c ../common/usb_serial.o
 .text.VCOM_putchar
                0x0000000000000000       0x30 ../common/usb_serial.o
 .text.VCOM_getchar
                0x0000000000000000       0x2c ../common/usb_serial.o
 .text.usb_serial_init
                0x0000000000000000       0x74 ../common/usb_serial.o
 .text          0x0000000000000000        0x0 ../common/serial_fifo.o
 .data          0x0000000000000000        0x0 ../common/serial_fifo.o
 .bss           0x0000000000000000        0x0 ../common/serial_fifo.o
 .text.fifo_init
                0x0000000000000000       0x28 ../common/serial_fifo.o
 .text.fifo_put
                0x0000000000000000       0x58 ../common/serial_fifo.o
 .text.fifo_get
                0x0000000000000000       0x5c ../common/serial_fifo.o
 .text.fifo_avail
                0x0000000000000000       0x38 ../common/serial_fifo.o
 .text.fifo_free
                0x0000000000000000       0x1c ../common/serial_fifo.o
 .debug_info    0x0000000000000000      0x19e ../common/serial_fifo.o
 .debug_abbrev  0x0000000000000000       0xf5 ../common/serial_fifo.o
 .debug_aranges
                0x0000000000000000       0x40 ../common/serial_fifo.o
 .debug_ranges  0x0000000000000000       0x30 ../common/serial_fifo.o
 .debug_line    0x0000000000000000       0xce ../common/serial_fifo.o
 .debug_str     0x0000000000000000      0x200 ../common/serial_fifo.o
 .comment       0x0000000000000000       0x71 ../common/serial_fifo.o
 .debug_frame   0x0000000000000000       0xd8 ../common/serial_fifo.o
 .ARM.attributes
                0x0000000000000000       0x33 ../common/serial_fifo.o
 .text          0x0000000000000000        0x0 ../common/LPC17xx_Startup.o
 .data          0x0000000000000000        0x0 ../common/LPC17xx_Startup.o
 .bss           0x0000000000000000        0x0 ../common/LPC17xx_Startup.o
 .text          0x0000000000000000        0x0 ../common/LPC17xx_Interrupts.o
 .data          0x0000000000000000        0x0 ../common/LPC17xx_Interrupts.o
 .bss           0x0000000000000000        0x0 ../common/LPC17xx_Interrupts.o
 .text          0x0000000000000000        0x0 ../common/ubertooth.o
 .data          0x0000000000000000        0x4 ../common/ubertooth.o
 .text.wait_ms  0x0000000000000000       0x20 ../common/ubertooth.o
 .text.spi_delay
                0x0000000000000000       0x28 ../common/ubertooth.o
 .text.cc2400_fifo_write
                0x0000000000000000       0xec ../common/ubertooth.o
 .text.cc2400_tune_rx
                0x0000000000000000       0x20 ../common/ubertooth.o
 .text.cc2400_tune_tx
                0x0000000000000000       0x1c ../common/ubertooth.o
 .text.cc2400_hop_rx
                0x0000000000000000       0x5c ../common/ubertooth.o
 .text.cc2400_hop_tx
                0x0000000000000000       0x5c ../common/ubertooth.o
 .text          0x0000000000000000        0x0 ../common/lpcusb/target/usbcontrol.o
 .data          0x0000000000000000        0x0 ../common/lpcusb/target/usbcontrol.o
 .text          0x0000000000000000        0x0 ../common/lpcusb/target/usbinit.o
 .data          0x0000000000000000        0x0 ../common/lpcusb/target/usbinit.o
 .text          0x0000000000000000        0x0 ../common/lpcusb/target/usbhw_lpc.o
 .data          0x0000000000000000        0x0 ../common/lpcusb/target/usbhw_lpc.o
 .text.USBHwRegisterFrameHandler
                0x0000000000000000       0x2c ../common/lpcusb/target/usbhw_lpc.o
 .text.fast_wait
                0x0000000000000000       0x24 ../common/lpcusb/target/usbhw_lpc.o
 .text.USBHwISOCEPRead
                0x0000000000000000       0xe4 ../common/lpcusb/target/usbhw_lpc.o
 .text.USBSetupDMADescriptor
                0x0000000000000000       0xa8 ../common/lpcusb/target/usbhw_lpc.o
 .text.USBDisableDMAForEndpoint
                0x0000000000000000       0x38 ../common/lpcusb/target/usbhw_lpc.o
 .text.USBEnableDMAForEndpoint
                0x0000000000000000       0x38 ../common/lpcusb/target/usbhw_lpc.o
 .text.USBInitializeISOCFrameArray
                0x0000000000000000       0x58 ../common/lpcusb/target/usbhw_lpc.o
 .text.USBSetHeadDDForDMA
                0x0000000000000000       0x34 ../common/lpcusb/target/usbhw_lpc.o
 .text.USBInitializeUSBDMA
                0x0000000000000000       0x3c ../common/lpcusb/target/usbhw_lpc.o
 .text          0x0000000000000000        0x0 ../common/lpcusb/target/usbstdreq.o
 .text.USBRegisterCustomReqHandler
                0x0000000000000000       0x1c ../common/lpcusb/target/usbstdreq.o
 .data          0x0000000000000000        0x0 /usr/bin/../lib/gcc/arm-none-eabi/4.9.3/armv7-m/libgcc.a(_arm_addsubdf3.o)
 .bss           0x0000000000000000        0x0 /usr/bin/../lib/gcc/arm-none-eabi/4.9.3/armv7-m/libgcc.a(_arm_addsubdf3.o)
 .data          0x0000000000000000        0x0 /usr/bin/../lib/gcc/arm-none-eabi/4.9.3/armv7-m/libgcc.a(_arm_muldivdf3.o)
 .bss           0x0000000000000000        0x0 /usr/bin/../lib/gcc/arm-none-eabi/4.9.3/armv7-m/libgcc.a(_arm_muldivdf3.o)
 .data          0x0000000000000000        0x0 /usr/bin/../lib/gcc/arm-none-eabi/4.9.3/armv7-m/libgcc.a(_arm_fixunsdfsi.o)
 .bss           0x0000000000000000        0x0 /usr/bin/../lib/gcc/arm-none-eabi/4.9.3/armv7-m/libgcc.a(_arm_fixunsdfsi.o)
 .text          0x0000000000000000        0x0 /usr/bin/../lib/gcc/arm-none-eabi/4.9.3/../../../../arm-none-eabi/lib/armv7-m/libc.a(lib_a-memcmp.o)
 .data          0x0000000000000000        0x0 /usr/bin/../lib/gcc/arm-none-eabi/4.9.3/../../../../arm-none-eabi/lib/armv7-m/libc.a(lib_a-memcmp.o)
 .bss           0x0000000000000000        0x0 /usr/bin/../lib/gcc/arm-none-eabi/4.9.3/../../../../arm-none-eabi/lib/armv7-m/libc.a(lib_a-memcmp.o)
 .data          0x0000000000000000        0x0 /usr/bin/../lib/gcc/arm-none-eabi/4.9.3/../../../../arm-none-eabi/lib/armv7-m/libc.a(lib_a-memcpy.o)
 .bss           0x0000000000000000        0x0 /usr/bin/../lib/gcc/arm-none-eabi/4.9.3/../../../../arm-none-eabi/lib/armv7-m/libc.a(lib_a-memcpy.o)
 .text          0x0000000000000000        0x0 /usr/bin/../lib/gcc/arm-none-eabi/4.9.3/../../../../arm-none-eabi/lib/armv7-m/libc.a(lib_a-strlen.o)
 .data          0x0000000000000000        0x0 /usr/bin/../lib/gcc/arm-none-eabi/4.9.3/../../../../arm-none-eabi/lib/armv7-m/libc.a(lib_a-strlen.o)
 .bss           0x0000000000000000        0x0 /usr/bin/../lib/gcc/arm-none-eabi/4.9.3/../../../../arm-none-eabi/lib/armv7-m/libc.a(lib_a-strlen.o)
 .text          0x0000000000000000        0x0 /usr/bin/../lib/gcc/arm-none-eabi/4.9.3/armv7-m/crtend.o
 .data          0x0000000000000000        0x0 /usr/bin/../lib/gcc/arm-none-eabi/4.9.3/armv7-m/crtend.o
 .bss           0x0000000000000000        0x0 /usr/bin/../lib/gcc/arm-none-eabi/4.9.3/armv7-m/crtend.o
 .eh_frame      0x0000000000000000        0x4 /usr/bin/../lib/gcc/arm-none-eabi/4.9.3/armv7-m/crtend.o
 .jcr           0x0000000000000000        0x4 /usr/bin/../lib/gcc/arm-none-eabi/4.9.3/armv7-m/crtend.o
 .ARM.attributes
                0x0000000000000000       0x2d /usr/bin/../lib/gcc/arm-none-eabi/4.9.3/armv7-m/crtend.o
 .text          0x0000000000000000        0x0 /usr/bin/../lib/gcc/arm-none-eabi/4.9.3/armv7-m/crtn.o
 .data          0x0000000000000000        0x0 /usr/bin/../lib/gcc/arm-none-eabi/4.9.3/armv7-m/crtn.o
 .bss           0x0000000000000000        0x0 /usr/bin/../lib/gcc/arm-none-eabi/4.9.3/armv7-m/crtn.o
 .text          0x0000000000000000        0x0 /usr/bin/../lib/gcc/arm-none-eabi/4.9.3/../../../../arm-none-eabi/lib/armv7-m/libnosys.a(_exit.o)
 .data          0x0000000000000000        0x0 /usr/bin/../lib/gcc/arm-none-eabi/4.9.3/../../../../arm-none-eabi/lib/armv7-m/libnosys.a(_exit.o)
 .bss           0x0000000000000000        0x0 /usr/bin/../lib/gcc/arm-none-eabi/4.9.3/../../../../arm-none-eabi/lib/armv7-m/libnosys.a(_exit.o)
 .text._exit    0x0000000000000000        0x4 /usr/bin/../lib/gcc/arm-none-eabi/4.9.3/../../../../arm-none-eabi/lib/armv7-m/libnosys.a(_exit.o)
 .debug_frame   0x0000000000000000       0x20 /usr/bin/../lib/gcc/arm-none-eabi/4.9.3/../../../../arm-none-eabi/lib/armv7-m/libnosys.a(_exit.o)
 .ARM.attributes
                0x0000000000000000       0x2d /usr/bin/../lib/gcc/arm-none-eabi/4.9.3/../../../../arm-none-eabi/lib/armv7-m/libnosys.a(_exit.o)

Memory Configuration

Name             Origin             Length             Attributes
rom              0x0000000000004000 0x000000000001c000 xr
ram              0x0000000010000000 0x0000000000004000 xrw
*default*        0x0000000000000000 0xffffffffffffffff

Linker script and memory map

LOAD /usr/bin/../lib/gcc/arm-none-eabi/4.9.3/armv7-m/crti.o
LOAD /usr/bin/../lib/gcc/arm-none-eabi/4.9.3/armv7-m/crtbegin.o
LOAD /usr/bin/../lib/gcc/arm-none-eabi/4.9.3/../../../../arm-none-eabi/lib/armv7-m/crt0.o
START GROUP
LOAD /usr/bin/../lib/gcc/arm-none-eabi/4.9.3/../../../../arm-none-eabi/lib/armv7-m/libc.a
LOAD /usr/bin/../lib/gcc/arm-none-eabi/4.9.3/../../../../arm-none-eabi/lib/armv7-m/libg.a
LOAD /usr/bin/../lib/gcc/arm-none-eabi/4.9.3/armv7-m/libgcc.a
LOAD /usr/bin/../lib/gcc/arm-none-eabi/4.9.3/../../../../arm-none-eabi/lib/armv7-m/libm.a
END GROUP
LOAD bluetooth_rxtx.o
LOAD bluetooth.o
LOAD bluetooth_le.o
LOAD ubertooth_usb.o
LOAD cc2400_rangetest.o
LOAD ego.o
LOAD ../common/usb_serial.o
LOAD ../common/serial_fifo.o
LOAD ../common/LPC17xx_Startup.o
LOAD ../common/LPC17xx_Interrupts.o
LOAD ../common/ubertooth.o
LOAD ../common/lpcusb/target/usbcontrol.o
LOAD ../common/lpcusb/target/usbinit.o
LOAD ../common/lpcusb/target/usbhw_lpc.o
LOAD ../common/lpcusb/target/usbstdreq.o
START GROUP
LOAD /usr/bin/../lib/gcc/arm-none-eabi/4.9.3/armv7-m/libgcc.a
LOAD /usr/bin/../lib/gcc/arm-none-eabi/4.9.3/../../../../arm-none-eabi/lib/armv7-m/libc.a
END GROUP
LOAD /usr/bin/../lib/gcc/arm-none-eabi/4.9.3/armv7-m/crtend.o
LOAD /usr/bin/../lib/gcc/arm-none-eabi/4.9.3/armv7-m/crtn.o
START GROUP
LOAD /usr/bin/../lib/gcc/arm-none-eabi/4.9.3/armv7-m/libgcc.a
LOAD /usr/bin/../lib/gcc/arm-none-eabi/4.9.3/../../../../arm-none-eabi/lib/armv7-m/libc.a
LOAD /usr/bin/../lib/gcc/arm-none-eabi/4.9.3/../../../../arm-none-eabi/lib/armv7-m/libm.a
LOAD /usr/bin/../lib/gcc/arm-none-eabi/4.9.3/../../../../arm-none-eabi/lib/armv7-m/libnosys.a
END GROUP

.text           0x0000000000004000     0x9ca8
                0x0000000000004000                . = ALIGN (0x400)
                0x0000000000004000                _interrupt_vector_table = .
 *(.irq_handler_table)
 .irq_handler_table
                0x0000000000004000       0xcc ../common/LPC17xx_Interrupts.o
                0x0000000000004000                _NVIC_Handler_Functions
 *(.text .text.* .gnu.linkonce.t.*)
 .text          0x00000000000040cc       0x5c /usr/bin/../lib/gcc/arm-none-eabi/4.9.3/armv7-m/crtbegin.o
 .text.__libc_init_array
                0x0000000000004128       0x50 /usr/bin/../lib/gcc/arm-none-eabi/4.9.3/../../../../arm-none-eabi/lib/armv7-m/libc.a(lib_a-init.o)
                0x0000000000004128                __libc_init_array
 .text.memset   0x0000000000004178       0x9c /usr/bin/../lib/gcc/arm-none-eabi/4.9.3/../../../../arm-none-eabi/lib/armv7-m/libc.a(lib_a-memset.o)
                0x0000000000004178                memset
 .text.startup.register_fini
                0x0000000000004214       0x14 /usr/bin/../lib/gcc/arm-none-eabi/4.9.3/../../../../arm-none-eabi/lib/armv7-m/libc.a(lib_a-__call_atexit.o)
 .text.atexit   0x0000000000004228        0xc /usr/bin/../lib/gcc/arm-none-eabi/4.9.3/../../../../arm-none-eabi/lib/armv7-m/libc.a(lib_a-atexit.o)
                0x0000000000004228                atexit
 .text.__libc_fini_array
                0x0000000000004234       0x2c /usr/bin/../lib/gcc/arm-none-eabi/4.9.3/../../../../arm-none-eabi/lib/armv7-m/libc.a(lib_a-fini.o)
                0x0000000000004234                __libc_fini_array
 .text.__register_exitproc
                0x0000000000004260       0xa4 /usr/bin/../lib/gcc/arm-none-eabi/4.9.3/../../../../arm-none-eabi/lib/armv7-m/libc.a(lib_a-__atexit.o)
                0x0000000000004260                __register_exitproc
 .text.rssi_reset
                0x0000000000004304       0x34 bluetooth_rxtx.o
 .text.rssi_add
                0x0000000000004338       0x6c bluetooth_rxtx.o
 .text.rssi_iir_update
                0x00000000000043a4       0x98 bluetooth_rxtx.o
 .text.cs_threshold_set
                0x000000000000443c       0x8c bluetooth_rxtx.o
 .text.enqueue  0x00000000000044c8      0x194 bluetooth_rxtx.o
 .text.enqueue_legacy
                0x000000000000465c      0x128 bluetooth_rxtx.o
 .text.enqueue_freq
                0x0000000000004784      0x128 bluetooth_rxtx.o
 .text.enqueue_proposed
                0x00000000000048ac      0x128 bluetooth_rxtx.o
 .text.enqueue_with_ts
                0x00000000000049d4       0x7c bluetooth_rxtx.o
                0x00000000000049d4                enqueue_with_ts
 .text.cs_threshold_calc_and_set
                0x0000000000004a50       0x74 bluetooth_rxtx.o
 .text.cs_trigger_enable
                0x0000000000004ac4       0x3c bluetooth_rxtx.o
 .text.cs_trigger_disable
                0x0000000000004b00       0x3c bluetooth_rxtx.o
 .text.vendor_request_handler
                0x0000000000004b3c      0xae8 bluetooth_rxtx.o
 .text.TIMER0_IRQHandler
                0x0000000000005624      0x11c bluetooth_rxtx.o
                0x0000000000005624                TIMER0_IRQHandler
 .text.EINT3_IRQHandler
                0x0000000000005740       0x48 bluetooth_rxtx.o
                0x0000000000005740                EINT3_IRQHandler
 .text.msleep   0x0000000000005788       0x80 bluetooth_rxtx.o
 .text.dma_init
                0x0000000000005808      0x180 bluetooth_rxtx.o
 .text.dma_init_le
                0x0000000000005988      0x1a4 bluetooth_rxtx.o
 .text.bt_stream_dma_handler
                0x0000000000005b2c       0xdc bluetooth_rxtx.o
                0x0000000000005b2c                bt_stream_dma_handler
 .text.DMA_IRQHandler
                0x0000000000005c08       0x70 bluetooth_rxtx.o
                0x0000000000005c08                DMA_IRQHandler
 .text.dio_ssp_start
                0x0000000000005c78       0x60 bluetooth_rxtx.o
 .text.dio_ssp_stop
                0x0000000000005cd8       0xc8 bluetooth_rxtx.o
 .text.cc2400_idle
                0x0000000000005da0       0x50 bluetooth_rxtx.o
 .text.cc2400_rx
                0x0000000000005df0       0xbc bluetooth_rxtx.o
 .text.cc2400_rx_sync
                0x0000000000005eac       0xe4 bluetooth_rxtx.o
 .text.le_transmit
                0x0000000000005f90      0x2f8 bluetooth_rxtx.o
                0x0000000000005f90                le_transmit
 .text.le_jam   0x0000000000006288       0x94 bluetooth_rxtx.o
                0x0000000000006288                le_jam
 .text.hop      0x000000000000631c      0x128 bluetooth_rxtx.o
                0x000000000000631c                hop
 .text.cc2400_get_rev
                0x0000000000006444       0x94 bluetooth_rxtx.o
                0x0000000000006444                cc2400_get_rev
 .text.add      0x00000000000064d8       0x3c bluetooth_rxtx.o
                0x00000000000064d8                add
 .text.bt_stream_hop
                0x0000000000006514      0x3f8 bluetooth_rxtx.o
                0x0000000000006514                bt_stream_hop
 .text.bt_stream_proposed
                0x000000000000690c      0x1e0 bluetooth_rxtx.o
                0x000000000000690c                bt_stream_proposed
 .text.bt_stream_freq
                0x0000000000006aec      0x404 bluetooth_rxtx.o
                0x0000000000006aec                bt_stream_freq
 .text.bt_stream_legacy
                0x0000000000006ef0      0x3a8 bluetooth_rxtx.o
                0x0000000000006ef0                bt_stream_legacy
 .text.bt_stream_sniff
                0x0000000000007298      0x388 bluetooth_rxtx.o
                0x0000000000007298                bt_stream_sniff
 .text.bt_stream_cfo
                0x0000000000007620      0x1a0 bluetooth_rxtx.o
                0x0000000000007620                bt_stream_cfo
 .text.bt_stream_rssi
                0x00000000000077c0      0x17c bluetooth_rxtx.o
                0x00000000000077c0                bt_stream_rssi
 .text.bt_stream_rx
                0x000000000000793c      0x348 bluetooth_rxtx.o
                0x000000000000793c                bt_stream_rx
 .text.le_set_access_address
                0x0000000000007c84       0x34 bluetooth_rxtx.o
 .text.reset_le
                0x0000000000007cb8       0x98 bluetooth_rxtx.o
                0x0000000000007cb8                reset_le
 .text.reset_le_promisc
                0x0000000000007d50       0x20 bluetooth_rxtx.o
                0x0000000000007d50                reset_le_promisc
 .text.bt_generic_le
                0x0000000000007d70      0x2f8 bluetooth_rxtx.o
                0x0000000000007d70                bt_generic_le
 .text.bt_le_sync
                0x0000000000008068      0x55c bluetooth_rxtx.o
                0x0000000000008068                bt_le_sync
 .text.cb_follow_le
                0x00000000000085c4      0x1dc bluetooth_rxtx.o
                0x00000000000085c4                cb_follow_le
 .text.connection_follow_cb
                0x00000000000087a0      0x278 bluetooth_rxtx.o
                0x00000000000087a0                connection_follow_cb
 .text.bt_follow_le
                0x0000000000008a18       0x28 bluetooth_rxtx.o
                0x0000000000008a18                bt_follow_le
 .text.le_promisc_state
                0x0000000000008a40       0x90 bluetooth_rxtx.o
                0x0000000000008a40                le_promisc_state
 .text.promisc_recover_hop_increment
                0x0000000000008ad0      0x19c bluetooth_rxtx.o
                0x0000000000008ad0                promisc_recover_hop_increment
 .text.promisc_recover_hop_interval
                0x0000000000008c6c      0x10c bluetooth_rxtx.o
                0x0000000000008c6c                promisc_recover_hop_interval
 .text.promisc_follow_cb
                0x0000000000008d78       0xbc bluetooth_rxtx.o
                0x0000000000008d78                promisc_follow_cb
 .text.see_aa   0x0000000000008e34       0xa8 bluetooth_rxtx.o
                0x0000000000008e34                see_aa
 .text.cb_le_promisc
                0x0000000000008edc      0x310 bluetooth_rxtx.o
                0x0000000000008edc                cb_le_promisc
 .text.bt_promisc_le
                0x00000000000091ec       0x88 bluetooth_rxtx.o
                0x00000000000091ec                bt_promisc_le
 .text.bt_slave_le
                0x0000000000009274       0xf8 bluetooth_rxtx.o
                0x0000000000009274                bt_slave_le
 .text.specan   0x000000000000936c      0x198 bluetooth_rxtx.o
                0x000000000000936c                specan
 .text.led_specan
                0x0000000000009504      0x19c bluetooth_rxtx.o
                0x0000000000009504                led_specan
 .text.cc2400_txtest
                0x00000000000096a0      0x1f4 bluetooth_rxtx.o
                0x00000000000096a0                cc2400_txtest
 .text.main     0x0000000000009894      0x198 bluetooth_rxtx.o
                0x0000000000009894                main
 .text.perm5    0x0000000000009a2c      0x1a4 bluetooth.o
                0x0000000000009a2c                perm5
 .text.next_hop
                0x0000000000009bd0      0x18c bluetooth.o
                0x0000000000009bd0                next_hop
 .text.btle_next_hop
                0x0000000000009d5c       0x50 bluetooth_le.o
                0x0000000000009d5c                btle_next_hop
 .text.btle_channel_index
                0x0000000000009dac       0x58 bluetooth_le.o
                0x0000000000009dac                btle_channel_index
 .text.btle_channel_index_to_phys
                0x0000000000009e04       0x64 bluetooth_le.o
                0x0000000000009e04                btle_channel_index_to_phys
 .text.btle_calc_crc
                0x0000000000009e68       0x88 bluetooth_le.o
                0x0000000000009e68                btle_calc_crc
 .text.btle_reverse_crc
                0x0000000000009ef0       0xc4 bluetooth_le.o
                0x0000000000009ef0                btle_reverse_crc
 .text.btle_crcgen_lut
                0x0000000000009fb4       0x5c bluetooth_le.o
                0x0000000000009fb4                btle_crcgen_lut
 .text.usb_vendor_request_handler
                0x000000000000a010       0x4c ubertooth_usb.o
                0x000000000000a010                usb_vendor_request_handler
 .text.ubertooth_usb_init
                0x000000000000a05c       0x50 ubertooth_usb.o
                0x000000000000a05c                ubertooth_usb_init
 .text.queue_init
                0x000000000000a0ac       0x20 ubertooth_usb.o
                0x000000000000a0ac                queue_init
 .text.usb_enqueue
                0x000000000000a0cc       0x60 ubertooth_usb.o
                0x000000000000a0cc                usb_enqueue
 .text.dequeue  0x000000000000a12c       0x54 ubertooth_usb.o
                0x000000000000a12c                dequeue
 .text.dequeue_send
                0x000000000000a180       0x6c ubertooth_usb.o
                0x000000000000a180                dequeue_send
 .text.handle_usb
                0x000000000000a1ec       0x3c ubertooth_usb.o
                0x000000000000a1ec                handle_usb
 .text.cc2400_rangetest
                0x000000000000a228      0x43c cc2400_rangetest.o
                0x000000000000a228                cc2400_rangetest
 .text.cc2400_repeater
                0x000000000000a664      0x270 cc2400_rangetest.o
                0x000000000000a664                cc2400_repeater
 .text.ssp_start
                0x000000000000a8d4       0x34 ego.o
 .text.ssp_stop
                0x000000000000a908       0x28 ego.o
 .text.ego_init
                0x000000000000a930       0x18 ego.o
 .text.ego_deinit
                0x000000000000a948       0x1c ego.o
 .text.rf_on    0x000000000000a964       0xac ego.o
 .text.do_rx    0x000000000000aa10       0x4c ego.o
                0x000000000000aa10                do_rx
 .text.sync_received
                0x000000000000aa5c       0x14 ego.o
 .text.sleep_ms
                0x000000000000aa70       0x44 ego.o
 .text.sleep_ms_anchor
                0x000000000000aab4       0x2c ego.o
 .text.sleep_elapsed
                0x000000000000aae0       0x60 ego.o
 .text.nop_state
                0x000000000000ab40       0x14 ego.o
                0x000000000000ab40                nop_state
 .text.init_state
                0x000000000000ab54       0x34 ego.o
                0x000000000000ab54                init_state
 .text.start_rf_state
                0x000000000000ab88       0x18 ego.o
                0x000000000000ab88                start_rf_state
 .text.cap_state
                0x000000000000aba0       0xe8 ego.o
                0x000000000000aba0                cap_state
 .text.sleep_state
                0x000000000000ac88       0x64 ego.o
                0x000000000000ac88                sleep_state
 .text.continuous_init_state
                0x000000000000acec       0x18 ego.o
                0x000000000000acec                continuous_init_state
 .text.continuous_cap_state
                0x000000000000ad04       0xd4 ego.o
                0x000000000000ad04                continuous_cap_state
 .text.jam_cap_state
                0x000000000000add8       0x80 ego.o
                0x000000000000add8                jam_cap_state
 .text.start_jamming_state
                0x000000000000ae58       0xc4 ego.o
                0x000000000000ae58                start_jamming_state
 .text.jamming_state
                0x000000000000af1c       0x7c ego.o
                0x000000000000af1c                jamming_state
 .text.jam_sleep_state
                0x000000000000af98       0x30 ego.o
                0x000000000000af98                jam_sleep_state
 .text.ego_main
                0x000000000000afc8       0xe4 ego.o
                0x000000000000afc8                ego_main
 .text.USB_IRQHandler
                0x000000000000b0ac        0xc ../common/usb_serial.o
                0x000000000000b0ac                USB_IRQHandler
 .text.Reset_Handler
                0x000000000000b0b8       0x6c ../common/LPC17xx_Startup.o
                0x000000000000b0b8                Reset_Handler
 .text.Default_Handler
                0x000000000000b124        0x8 ../common/LPC17xx_Interrupts.o
                0x000000000000b124                TIMER2_IRQHandler
                0x000000000000b124                DebugMon_Handler
                0x000000000000b124                RIT_IRQHandler
                0x000000000000b124                I2C0_IRQHandler
                0x000000000000b124                HardFault_Handler
                0x000000000000b124                SysTick_Handler
                0x000000000000b124                PWM1_IRQHandler
                0x000000000000b124                PendSV_Handler
                0x000000000000b124                NMI_Handler
                0x000000000000b124                I2C1_IRQHandler
                0x000000000000b124                EINT2_IRQHandler
                0x000000000000b124                UART1_IRQHandler
                0x000000000000b124                TIMER3_IRQHandler
                0x000000000000b124                UART0_IRQHandler
                0x000000000000b124                MemManagement_Handler
                0x000000000000b124                UsageFault_Handler
                0x000000000000b124                PLL0_IRQHandler
                0x000000000000b124                CAN_IRQHandler
                0x000000000000b124                PLL1_IRQHandler
                0x000000000000b124                SSP0_IRQHandler
                0x000000000000b124                I2S_IRQHandler
                0x000000000000b124                I2C2_IRQHandler
                0x000000000000b124                RTC_IRQHandler
                0x000000000000b124                SPI_IRQHandler
                0x000000000000b124                EINT1_IRQHandler
                0x000000000000b124                TIMER1_IRQHandler
                0x000000000000b124                UART2_IRQHandler
                0x000000000000b124                ADC_IRQHandler
                0x000000000000b124                SSP1_IRQHandler
                0x000000000000b124                BOD_IRQHandler
                0x000000000000b124                WDT_IRQHandler
                0x000000000000b124                SVC_Handler
                0x000000000000b124                QEI_IRQHandler
                0x000000000000b124                EINT0_IRQHandler
                0x000000000000b124                USBACT_IRQHandler
                0x000000000000b124                CANACT_IRQHandler
                0x000000000000b124                BusFault_Handler
                0x000000000000b124                UART3_IRQHandler
                0x000000000000b124                MCPWM_IRQHandler
                0x000000000000b124                ENET_IRQHandler
 .text.wait     0x000000000000b12c       0x24 ../common/ubertooth.o
                0x000000000000b12c                wait
 .text.rbit     0x000000000000b150       0x24 ../common/ubertooth.o
                0x000000000000b150                rbit
 .text.wait_us  0x000000000000b174       0x4c ../common/ubertooth.o
                0x000000000000b174                wait_us
 .text.gpio_init
                0x000000000000b1c0       0x74 ../common/ubertooth.o
                0x000000000000b1c0                gpio_init
 .text.all_pins_off
                0x000000000000b234      0x108 ../common/ubertooth.o
                0x000000000000b234                all_pins_off
 .text.ubertooth_init
                0x000000000000b33c       0x14 ../common/ubertooth.o
                0x000000000000b33c                ubertooth_init
 .text.dio_ssp_init
                0x000000000000b350       0x70 ../common/ubertooth.o
                0x000000000000b350                dio_ssp_init
 .text.atest_init
                0x000000000000b3c0       0x48 ../common/ubertooth.o
                0x000000000000b3c0                atest_init
 .text.cc2400_init
                0x000000000000b408       0x38 ../common/ubertooth.o
                0x000000000000b408                cc2400_init
 .text.cc2400_spi
                0x000000000000b440       0x88 ../common/ubertooth.o
                0x000000000000b440                cc2400_spi
 .text.cc2400_get
                0x000000000000b4c8       0x2c ../common/ubertooth.o
                0x000000000000b4c8                cc2400_get
 .text.cc2400_set
                0x000000000000b4f4       0x28 ../common/ubertooth.o
                0x000000000000b4f4                cc2400_set
 .text.cc2400_get8
                0x000000000000b51c       0x34 ../common/ubertooth.o
                0x000000000000b51c                cc2400_get8
 .text.cc2400_set8
                0x000000000000b550       0x28 ../common/ubertooth.o
                0x000000000000b550                cc2400_set8
 .text.cc2400_spi_buf
                0x000000000000b578       0xcc ../common/ubertooth.o
                0x000000000000b578                cc2400_spi_buf
 .text.cc2400_status
                0x000000000000b644       0x14 ../common/ubertooth.o
                0x000000000000b644                cc2400_status
 .text.cc2400_strobe
                0x000000000000b658       0x20 ../common/ubertooth.o
                0x000000000000b658                cc2400_strobe
 .text.cc2400_reset
                0x000000000000b678       0x38 ../common/ubertooth.o
                0x000000000000b678                cc2400_reset
 .text.clock_start
                0x000000000000b6b0      0x1bc ../common/ubertooth.o
                0x000000000000b6b0                clock_start
 .text.reset    0x000000000000b86c       0x3c ../common/ubertooth.o
                0x000000000000b86c                reset
 .text._HandleRequest
                0x000000000000b8a8       0x6c ../common/lpcusb/target/usbcontrol.o
 .text.StallControlPipe
                0x000000000000b914       0x34 ../common/lpcusb/target/usbcontrol.o
 .text.DataIn   0x000000000000b948       0x48 ../common/lpcusb/target/usbcontrol.o
 .text.USBHandleControlTransfer
                0x000000000000b990      0x160 ../common/lpcusb/target/usbcontrol.o
                0x000000000000b990                USBHandleControlTransfer
 .text.USBRegisterRequestHandler
                0x000000000000baf0       0x34 ../common/lpcusb/target/usbcontrol.o
                0x000000000000baf0                USBRegisterRequestHandler
 .text.HandleUsbReset
                0x000000000000bb24       0x14 ../common/lpcusb/target/usbinit.o
 .text.USBInit  0x000000000000bb38       0x50 ../common/lpcusb/target/usbinit.o
                0x000000000000bb38                USBInit
 .text.Wait4DevInt
                0x000000000000bb88       0x30 ../common/lpcusb/target/usbhw_lpc.o
 .text.USBHwCmd
                0x000000000000bbb8       0x30 ../common/lpcusb/target/usbhw_lpc.o
 .text.USBHwCmdWrite
                0x000000000000bbe8       0x34 ../common/lpcusb/target/usbhw_lpc.o
 .text.USBHwCmdRead
                0x000000000000bc1c       0x3c ../common/lpcusb/target/usbhw_lpc.o
 .text.USBHwEPRealize
                0x000000000000bc58       0x44 ../common/lpcusb/target/usbhw_lpc.o
 .text.USBHwEPEnable
                0x000000000000bc9c       0x30 ../common/lpcusb/target/usbhw_lpc.o
 .text.USBHwEPConfig
                0x000000000000bccc       0x3c ../common/lpcusb/target/usbhw_lpc.o
                0x000000000000bccc                USBHwEPConfig
 .text.USBHwRegisterEPIntHandler
                0x000000000000bd08       0x64 ../common/lpcusb/target/usbhw_lpc.o
                0x000000000000bd08                USBHwRegisterEPIntHandler
 .text.USBHwRegisterDevIntHandler
                0x000000000000bd6c       0x2c ../common/lpcusb/target/usbhw_lpc.o
                0x000000000000bd6c                USBHwRegisterDevIntHandler
 .text.USBHwSetAddress
                0x000000000000bd98       0x24 ../common/lpcusb/target/usbhw_lpc.o
                0x000000000000bd98                USBHwSetAddress
 .text.USBHwConnect
                0x000000000000bdbc       0x24 ../common/lpcusb/target/usbhw_lpc.o
                0x000000000000bdbc                USBHwConnect
 .text.USBHwNakIntEnable
                0x000000000000bde0       0x1c ../common/lpcusb/target/usbhw_lpc.o
                0x000000000000bde0                USBHwNakIntEnable
 .text.USBHwEPGetStatus
                0x000000000000bdfc       0x30 ../common/lpcusb/target/usbhw_lpc.o
                0x000000000000bdfc                USBHwEPGetStatus
 .text.USBHwEPStall
                0x000000000000be2c       0x48 ../common/lpcusb/target/usbhw_lpc.o
                0x000000000000be2c                USBHwEPStall
 .text.USBHwEPWrite
                0x000000000000be74       0x9c ../common/lpcusb/target/usbhw_lpc.o
                0x000000000000be74                USBHwEPWrite
 .text.USBHwEPRead
                0x000000000000bf10       0xcc ../common/lpcusb/target/usbhw_lpc.o
                0x000000000000bf10                USBHwEPRead
 .text.USBHwConfigDevice
                0x000000000000bfdc       0x24 ../common/lpcusb/target/usbhw_lpc.o
                0x000000000000bfdc                USBHwConfigDevice
 .text.USBHwISR
                0x000000000000c000      0x194 ../common/lpcusb/target/usbhw_lpc.o
                0x000000000000c000                USBHwISR
 .text.USBHwInit
                0x000000000000c194       0xec ../common/lpcusb/target/usbhw_lpc.o
                0x000000000000c194                USBHwInit
 .text.USBFilterOsVendorMessage
                0x000000000000c280       0xd0 ../common/lpcusb/target/usbstdreq.o
                0x000000000000c280                USBFilterOsVendorMessage
 .text.USBRegisterWinusbInterface
                0x000000000000c350       0x78 ../common/lpcusb/target/usbstdreq.o
                0x000000000000c350                USBRegisterWinusbInterface
 .text.USBGetOsStringDescriptor
                0x000000000000c3c8       0x34 ../common/lpcusb/target/usbstdreq.o
                0x000000000000c3c8                USBGetOsStringDescriptor
 .text.USBRegisterDescriptors
                0x000000000000c3fc       0x1c ../common/lpcusb/target/usbstdreq.o
                0x000000000000c3fc                USBRegisterDescriptors
 .text.USBGetDescriptor
                0x000000000000c418       0xb8 ../common/lpcusb/target/usbstdreq.o
                0x000000000000c418                USBGetDescriptor
 .text.USBSetConfiguration
                0x000000000000c4d0       0xb8 ../common/lpcusb/target/usbstdreq.o
 .text.HandleStdDeviceReq
                0x000000000000c588       0xd4 ../common/lpcusb/target/usbstdreq.o
 .text.HandleStdInterfaceReq
                0x000000000000c65c       0xa0 ../common/lpcusb/target/usbstdreq.o
 .text.HandleStdEndPointReq
                0x000000000000c6fc       0xd0 ../common/lpcusb/target/usbstdreq.o
 .text.USBHandleStandardRequest
                0x000000000000c7cc       0x78 ../common/lpcusb/target/usbstdreq.o
                0x000000000000c7cc                USBHandleStandardRequest
 .text          0x000000000000c844      0x370 /usr/bin/../lib/gcc/arm-none-eabi/4.9.3/armv7-m/libgcc.a(_arm_addsubdf3.o)
                0x000000000000c844                __aeabi_drsub
                0x000000000000c84c                __aeabi_dsub
                0x000000000000c84c                __subdf3
                0x000000000000c850                __adddf3
                0x000000000000c850                __aeabi_dadd
                0x000000000000cac8                __aeabi_ui2d
                0x000000000000cac8                __floatunsidf
                0x000000000000cae8                __floatsidf
                0x000000000000cae8                __aeabi_i2d
                0x000000000000cb0c                __extendsfdf2
                0x000000000000cb0c                __aeabi_f2d
                0x000000000000cb48                __aeabi_ul2d
                0x000000000000cb48                __floatundidf
                0x000000000000cb58                __floatdidf
                0x000000000000cb58                __aeabi_l2d
 .text          0x000000000000cbb4      0x424 /usr/bin/../lib/gcc/arm-none-eabi/4.9.3/armv7-m/libgcc.a(_arm_muldivdf3.o)
                0x000000000000cbb4                __aeabi_dmul
                0x000000000000cbb4                __muldf3
                0x000000000000ce08                __aeabi_ddiv
                0x000000000000ce08                __divdf3
 .text          0x000000000000cfd8       0x40 /usr/bin/../lib/gcc/arm-none-eabi/4.9.3/armv7-m/libgcc.a(_arm_fixunsdfsi.o)
                0x000000000000cfd8                __fixunsdfsi
                0x000000000000cfd8                __aeabi_d2uiz
 .text.memcmp   0x000000000000d018       0x64 /usr/bin/../lib/gcc/arm-none-eabi/4.9.3/../../../../arm-none-eabi/lib/armv7-m/libc.a(lib_a-memcmp.o)
                0x000000000000d018                memcmp
 .text          0x000000000000d07c       0xec /usr/bin/../lib/gcc/arm-none-eabi/4.9.3/../../../../arm-none-eabi/lib/armv7-m/libc.a(lib_a-memcpy.o)
                0x000000000000d07c                memcpy
 .text.strlen   0x000000000000d168       0x5c /usr/bin/../lib/gcc/arm-none-eabi/4.9.3/../../../../arm-none-eabi/lib/armv7-m/libc.a(lib_a-strlen.o)
                0x000000000000d168                strlen
 *(.rodata .rodata.* .gnu.linkonce.r.*)
 .rodata.str1.4
                0x000000000000d1c4        0x4 /usr/bin/../lib/gcc/arm-none-eabi/4.9.3/../../../../arm-none-eabi/lib/armv7-m/libc.a(lib_a-impure.o)
                                          0x2 (size before relaxing)
 .rodata._global_impure_ptr
                0x000000000000d1c8        0x4 /usr/bin/../lib/gcc/arm-none-eabi/4.9.3/../../../../arm-none-eabi/lib/armv7-m/libc.a(lib_a-impure.o)
                0x000000000000d1c8                _global_impure_ptr
 .rodata        0x000000000000d1cc      0x931 bluetooth_rxtx.o
                0x000000000000da5c                compile_info
 *fill*         0x000000000000dafd        0x3 
 .rodata        0x000000000000db00       0x1e bluetooth.o
 *fill*         0x000000000000db1e        0x2 
 .rodata        0x000000000000db20       0xeb ubertooth_usb.o
                0x000000000000db20                abDescriptors
 *fill*         0x000000000000dc0b        0x1 
 .rodata        0x000000000000dc0c       0x4c ego.o
 .rodata        0x000000000000dc58       0x28 ../common/lpcusb/target/usbstdreq.o
 *(.eh_frame_hdr)
 *(.eh_frame)
 .eh_frame      0x000000000000dc80        0x0 /usr/bin/../lib/gcc/arm-none-eabi/4.9.3/armv7-m/crtbegin.o
                0x000000000000dc80                . = ALIGN (0x4)
 *(.init)
 .init          0x000000000000dc80        0x4 /usr/bin/../lib/gcc/arm-none-eabi/4.9.3/armv7-m/crti.o
                0x000000000000dc80                _init
 .init          0x000000000000dc84        0x8 /usr/bin/../lib/gcc/arm-none-eabi/4.9.3/armv7-m/crtn.o
                0x000000000000dc8c                . = ALIGN (0x4)
                0x000000000000dc8c                __preinit_array_start = .
 *(.preinit_array)
                0x000000000000dc8c                __preinit_array_end = .
                0x000000000000dc8c                . = ALIGN (0x4)
                0x000000000000dc8c                __init_array_start = .
 *(SORT(.init_array.*))
 .init_array.00000
                0x000000000000dc8c        0x4 /usr/bin/../lib/gcc/arm-none-eabi/4.9.3/../../../../arm-none-eabi/lib/armv7-m/libc.a(lib_a-__call_atexit.o)
 *(.init_array)
 .init_array    0x000000000000dc90        0x4 /usr/bin/../lib/gcc/arm-none-eabi/4.9.3/armv7-m/crtbegin.o
                0x000000000000dc94                __init_array_end = .
                0x000000000000dc94                . = ALIGN (0x4)
 *crtbegin.o(.ctors)
 *(EXCLUDE_FILE(*crtend.o) .ctors)
 *(SORT(.ctors.*))
 *crtend.o(.ctors)
                0x000000000000dc94                . = ALIGN (0x4)
 *(.fini)
 .fini          0x000000000000dc94        0x4 /usr/bin/../lib/gcc/arm-none-eabi/4.9.3/armv7-m/crti.o
                0x000000000000dc94                _fini
 .fini          0x000000000000dc98        0x8 /usr/bin/../lib/gcc/arm-none-eabi/4.9.3/armv7-m/crtn.o
                0x000000000000dca0                . = ALIGN (0x4)
                0x000000000000dca0                __fini_array_start = .
 *(.fini_array)
 .fini_array    0x000000000000dca0        0x4 /usr/bin/../lib/gcc/arm-none-eabi/4.9.3/armv7-m/crtbegin.o
 *(SORT(.fini_array.*))
                0x000000000000dca4                __fini_array_end = .
 *crtbegin.o(.dtors)
 *(EXCLUDE_FILE(*crtend.o) .dtors)
 *(SORT(.dtors.*))
 *crtend.o(.dtors)
                0x000000000000dca8                . = ALIGN (0x8)
 *fill*         0x000000000000dca4        0x4 
                0x000000000000dca8                _etext = .

.glue_7         0x000000000000dca8        0x0
 .glue_7        0x0000000000000000        0x0 linker stubs

.glue_7t        0x000000000000dca8        0x0
 .glue_7t       0x0000000000000000        0x0 linker stubs

.vfp11_veneer   0x000000000000dca8        0x0
 .vfp11_veneer  0x0000000000000000        0x0 linker stubs

.v4_bx          0x000000000000dca8        0x0
 .v4_bx         0x0000000000000000        0x0 linker stubs

.iplt           0x000000000000dca8        0x0
 .iplt          0x0000000000000000        0x0 /usr/bin/../lib/gcc/arm-none-eabi/4.9.3/armv7-m/crtbegin.o

.rel.dyn        0x000000000000dca8        0x0
 .rel.iplt      0x0000000000000000        0x0 /usr/bin/../lib/gcc/arm-none-eabi/4.9.3/armv7-m/crtbegin.o

.ARM.extab
 *(.ARM.extab* .gnu.linkonce.armextab.*)
                0x000000000000dca8                __exidx_start = .

.ARM.exidx
 *(.ARM.exidx* .gnu.linkonce.armexidx.*)
                0x000000000000dca8                __exidx_end = .
                0x000000000000dca8                _etext = .

.persistent     0x0000000010000000       0x20
                0x0000000010000000                _persistent_start = .
                0x0000000010000020                . = (. + 0x20)
 *fill*         0x0000000010000000       0x20 
                0x0000000010000020                _persistent_end = .
                0x000000001000001c                bootloader_ctrl = (_persistent_start + 0x1c)

.data           0x0000000010000020      0x93e load address 0x000000000000dca8
                0x0000000010000020                _data = .
 *(vtable)
 *(.data*)
 .data.impure_data
                0x0000000010000020      0x428 /usr/bin/../lib/gcc/arm-none-eabi/4.9.3/../../../../arm-none-eabi/lib/armv7-m/libc.a(lib_a-impure.o)
 .data          0x0000000010000448       0x5b bluetooth_rxtx.o
                0x000000001000044c                cs_threshold_req
                0x000000001000044d                cs_threshold_cur
                0x0000000010000450                active_rxbuf
                0x0000000010000454                idle_rxbuf
                0x0000000010000458                le
                0x000000001000049c                channel
                0x000000001000049e                low_freq
                0x00000000100004a0                high_freq
                0x00000000100004a2                rssi_threshold
 *fill*         0x00000000100004a3        0x1 
 .data          0x00000000100004a4      0x404 bluetooth_le.o
                0x00000000100004a8                btle_crc_lut
 .data          0x00000000100008a8        0x4 cc2400_rangetest.o
 .data          0x00000000100008ac        0xc ego.o
                0x00000000100008b0                channels
 .data          0x00000000100008b8       0xa6 ../common/lpcusb/target/usbstdreq.o
                0x000000001000095e                _edata = .

.jcr            0x0000000010000960        0x0 load address 0x000000000000e5e6
 .jcr           0x0000000010000960        0x0 /usr/bin/../lib/gcc/arm-none-eabi/4.9.3/armv7-m/crtbegin.o

.igot.plt       0x0000000010000960        0x0 load address 0x000000000000e5e6
 .igot.plt      0x0000000000000000        0x0 /usr/bin/../lib/gcc/arm-none-eabi/4.9.3/armv7-m/crtbegin.o

.bss            0x0000000010000960     0x2938 load address 0x000000000000e5e6
                0x0000000010000960                _bss = .
                0x0000000010000960                __bss_start__ = .
 *(.bss*)
 .bss           0x0000000010000960       0x1c /usr/bin/../lib/gcc/arm-none-eabi/4.9.3/armv7-m/crtbegin.o
 .bss           0x000000001000097c       0xe0 bluetooth_rxtx.o
                0x000000001000097c                hop_mode
                0x000000001000097d                do_hop
                0x000000001000097e                cs_no_squelch
                0x0000000010000980                hop_direct_channel
                0x0000000010000984                clock_trim
                0x0000000010000988                idle_buf_channel
                0x000000001000098a                active_buf_channel
                0x000000001000098c                slave_mac_address
                0x0000000010000994                le_jam_count
                0x0000000010000998                data_cb
                0x000000001000099c                packet_cb
                0x00000000100009a0                rssi_iir
                0x0000000010000a3e                mode
                0x0000000010000a3f                requested_mode
                0x0000000010000a40                jam_mode
                0x0000000010000a41                ego_mode
                0x0000000010000a42                modulation
                0x0000000010000a44                requested_channel
                0x0000000010000a46                saved_request
                0x0000000010000a48                status
                0x0000000010000a49                rssi_count
                0x0000000010000a4c                rssi_sum
 .bss           0x0000000010000a5c        0xc ubertooth_usb.o
                0x0000000010000a5c                head
                0x0000000010000a60                tail
                0x0000000010000a64                last_usb_pkt
 .bss           0x0000000010000a68        0x8 ../common/ubertooth.o
 .bss           0x0000000010000a70       0x34 ../common/lpcusb/target/usbcontrol.o
 .bss           0x0000000010000aa4        0x8 ../common/lpcusb/target/usbinit.o
 .bss           0x0000000010000aac       0x48 ../common/lpcusb/target/usbhw_lpc.o
 .bss           0x0000000010000af4        0xd ../common/lpcusb/target/usbstdreq.o
 *(COMMON)
 *fill*         0x0000000010000b01        0x7 
 COMMON         0x0000000010000b08      0x5e0 bluetooth_rxtx.o
                0x0000000010000b08                clkn_freq
                0x0000000010000b0c                rx_tc
                0x0000000010000b10                clkn_proposed
                0x0000000010000b14                rssi_max
                0x0000000010000b18                le_dma_lli
                0x0000000010000bc8                rssi_min
                0x0000000010000bcc                afh_map
                0x0000000010000bd8                idle_buf_clk100ns
                0x0000000010000bdc                rx_dma_lli2
                0x0000000010000bec                cs_timestamp
                0x0000000010000bf0                keepalive_trigger
                0x0000000010000bf4                clkn
                0x0000000010000bf8                device_index
                0x0000000010000bf9                freq_avg
                0x0000000010000bfc                active_buf_clkn_high
                0x0000000010000c00                le_promisc
                0x0000000010000d08                first_ts
                0x0000000010000d10                syncword
                0x0000000010000d18                unpacked
                0x0000000010001038                active_buf_clk100ns
                0x000000001000103c                clkn_legacy
                0x0000000010001040                afh_enabled
                0x0000000010001041                rssi_avg
                0x0000000010001044                idle_buf_clkn_high
                0x0000000010001048                rxbuf2
                0x000000001000107c                diff_ts
                0x0000000010001080                rx_dma_lli1
                0x0000000010001090                second_ts
                0x0000000010001094                rr
                0x000000001000109c                rxbuf1
                0x00000000100010d0                rx_err
                0x00000000100010d4                cs_trigger
                0x00000000100010d8                target
 COMMON         0x00000000100010e8       0xa8 bluetooth.o
                0x00000000100010e8                b
                0x00000000100010e9                used_channels
                0x00000000100010ea                d1
                0x00000000100010ec                afh_bank
                0x000000001000113b                a1
                0x000000001000113c                c1
                0x0000000010001140                bank
                0x000000001000118f                e
 COMMON         0x0000000010001190     0x2108 ubertooth_usb.o
                0x0000000010001190                fifo
                0x0000000010003190                abVendorReqData
                0x0000000010003294                v_req_handler
                0x0000000010003298                _ebss = .
                0x0000000010003298                __bss_end__ = .

.cr_heap        0x0000000010003298        0x0 load address 0x000000000000e5e6
                0x0000000010003298                end = .
                0x0000000010003298                __end__ = .
                0x0000000010003298                _pvHeapStart = .
                0x0000000010003fe0                _StackTop = ((ORIGIN (ram) + 0x4000) - 0x20)
OUTPUT(bluetooth_rxtx.elf elf32-littlearm)

.ARM.attributes
                0x0000000000000000       0x29
 .ARM.attributes
                0x0000000000000000       0x1d /usr/bin/../lib/gcc/arm-none-eabi/4.9.3/armv7-m/crti.o
 .ARM.attributes
                0x000000000000001d       0x2d /usr/bin/../lib/gcc/arm-none-eabi/4.9.3/armv7-m/crtbegin.o
 .ARM.attributes
                0x000000000000004a       0x2d /usr/bin/../lib/gcc/arm-none-eabi/4.9.3/../../../../arm-none-eabi/lib/armv7-m/libc.a(lib_a-impure.o)
 .ARM.attributes
                0x0000000000000077       0x2d /usr/bin/../lib/gcc/arm-none-eabi/4.9.3/../../../../arm-none-eabi/lib/armv7-m/libc.a(lib_a-init.o)
 .ARM.attributes
                0x00000000000000a4       0x2d /usr/bin/../lib/gcc/arm-none-eabi/4.9.3/../../../../arm-none-eabi/lib/armv7-m/libc.a(lib_a-memset.o)
 .ARM.attributes
                0x00000000000000d1       0x2d /usr/bin/../lib/gcc/arm-none-eabi/4.9.3/../../../../arm-none-eabi/lib/armv7-m/libc.a(lib_a-__call_atexit.o)
 .ARM.attributes
                0x00000000000000fe       0x2d /usr/bin/../lib/gcc/arm-none-eabi/4.9.3/../../../../arm-none-eabi/lib/armv7-m/libc.a(lib_a-atexit.o)
 .ARM.attributes
                0x000000000000012b       0x2d /usr/bin/../lib/gcc/arm-none-eabi/4.9.3/../../../../arm-none-eabi/lib/armv7-m/libc.a(lib_a-fini.o)
 .ARM.attributes
                0x0000000000000158       0x2d /usr/bin/../lib/gcc/arm-none-eabi/4.9.3/../../../../arm-none-eabi/lib/armv7-m/libc.a(lib_a-__atexit.o)
 .ARM.attributes
                0x0000000000000185       0x33 bluetooth_rxtx.o
 .ARM.attributes
                0x00000000000001b8       0x33 bluetooth.o
 .ARM.attributes
                0x00000000000001eb       0x33 bluetooth_le.o
 .ARM.attributes
                0x000000000000021e       0x33 ubertooth_usb.o
 .ARM.attributes
                0x0000000000000251       0x33 cc2400_rangetest.o
 .ARM.attributes
                0x0000000000000284       0x33 ego.o
 .ARM.attributes
                0x00000000000002b7       0x33 ../common/usb_serial.o
 .ARM.attributes
                0x00000000000002ea       0x33 ../common/LPC17xx_Startup.o
 .ARM.attributes
                0x000000000000031d       0x33 ../common/LPC17xx_Interrupts.o
 .ARM.attributes
                0x0000000000000350       0x33 ../common/ubertooth.o
 .ARM.attributes
                0x0000000000000383       0x33 ../common/lpcusb/target/usbcontrol.o
 .ARM.attributes
                0x00000000000003b6       0x33 ../common/lpcusb/target/usbinit.o
 .ARM.attributes
                0x00000000000003e9       0x33 ../common/lpcusb/target/usbhw_lpc.o
 .ARM.attributes
                0x000000000000041c       0x33 ../common/lpcusb/target/usbstdreq.o
 .ARM.attributes
                0x000000000000044f       0x1d /usr/bin/../lib/gcc/arm-none-eabi/4.9.3/armv7-m/libgcc.a(_arm_addsubdf3.o)
 .ARM.attributes
                0x000000000000046c       0x1d /usr/bin/../lib/gcc/arm-none-eabi/4.9.3/armv7-m/libgcc.a(_arm_muldivdf3.o)
 .ARM.attributes
                0x0000000000000489       0x1d /usr/bin/../lib/gcc/arm-none-eabi/4.9.3/armv7-m/libgcc.a(_arm_fixunsdfsi.o)
 .ARM.attributes
                0x00000000000004a6       0x2d /usr/bin/../lib/gcc/arm-none-eabi/4.9.3/../../../../arm-none-eabi/lib/armv7-m/libc.a(lib_a-memcmp.o)
 .ARM.attributes
                0x00000000000004d3       0x1b /usr/bin/../lib/gcc/arm-none-eabi/4.9.3/../../../../arm-none-eabi/lib/armv7-m/libc.a(lib_a-memcpy.o)
 .ARM.attributes
                0x00000000000004ee       0x2d /usr/bin/../lib/gcc/arm-none-eabi/4.9.3/../../../../arm-none-eabi/lib/armv7-m/libc.a(lib_a-strlen.o)
 .ARM.attributes
                0x000000000000051b       0x1d /usr/bin/../lib/gcc/arm-none-eabi/4.9.3/armv7-m/crtn.o

.comment        0x0000000000000000       0x70
 .comment       0x0000000000000000       0x70 bluetooth_rxtx.o
                                         0x71 (size before relaxing)
 .comment       0x0000000000000000       0x71 bluetooth.o
 .comment       0x0000000000000000       0x71 bluetooth_le.o
 .comment       0x0000000000000000       0x71 ubertooth_usb.o
 .comment       0x0000000000000000       0x71 cc2400_rangetest.o
 .comment       0x0000000000000000       0x71 ego.o
 .comment       0x0000000000000000       0x71 ../common/usb_serial.o
 .comment       0x0000000000000000       0x71 ../common/LPC17xx_Startup.o
 .comment       0x0000000000000000       0x71 ../common/LPC17xx_Interrupts.o
 .comment       0x0000000000000000       0x71 ../common/ubertooth.o
 .comment       0x0000000000000000       0x71 ../common/lpcusb/target/usbcontrol.o
 .comment       0x0000000000000000       0x71 ../common/lpcusb/target/usbinit.o
 .comment       0x0000000000000000       0x71 ../common/lpcusb/target/usbhw_lpc.o
 .comment       0x0000000000000000       0x71 ../common/lpcusb/target/usbstdreq.o

.debug_frame    0x0000000000000000     0x1ee4
 .debug_frame   0x0000000000000000       0x2c /usr/bin/../lib/gcc/arm-none-eabi/4.9.3/../../../../arm-none-eabi/lib/armv7-m/libc.a(lib_a-init.o)
 .debug_frame   0x000000000000002c       0x34 /usr/bin/../lib/gcc/arm-none-eabi/4.9.3/../../../../arm-none-eabi/lib/armv7-m/libc.a(lib_a-memset.o)
 .debug_frame   0x0000000000000060       0x50 /usr/bin/../lib/gcc/arm-none-eabi/4.9.3/../../../../arm-none-eabi/lib/armv7-m/libc.a(lib_a-__call_atexit.o)
 .debug_frame   0x00000000000000b0       0x20 /usr/bin/../lib/gcc/arm-none-eabi/4.9.3/../../../../arm-none-eabi/lib/armv7-m/libc.a(lib_a-atexit.o)
 .debug_frame   0x00000000000000d0       0x34 /usr/bin/../lib/gcc/arm-none-eabi/4.9.3/../../../../arm-none-eabi/lib/armv7-m/libc.a(lib_a-fini.o)
 .debug_frame   0x0000000000000104       0x34 /usr/bin/../lib/gcc/arm-none-eabi/4.9.3/../../../../arm-none-eabi/lib/armv7-m/libc.a(lib_a-__atexit.o)
 .debug_frame   0x0000000000000138      0x94c bluetooth_rxtx.o
 .debug_frame   0x0000000000000a84       0xe4 bluetooth.o
 .debug_frame   0x0000000000000b68      0x100 bluetooth_le.o
 .debug_frame   0x0000000000000c68      0x124 ubertooth_usb.o
 .debug_frame   0x0000000000000d8c       0x74 cc2400_rangetest.o
 .debug_frame   0x0000000000000e00      0x350 ego.o
 .debug_frame   0x0000000000001150      0x1a4 ../common/usb_serial.o
 .debug_frame   0x00000000000012f4       0x30 ../common/LPC17xx_Startup.o
 .debug_frame   0x0000000000001324       0x2c ../common/LPC17xx_Interrupts.o
 .debug_frame   0x0000000000001350      0x3e4 ../common/ubertooth.o
 .debug_frame   0x0000000000001734       0xd8 ../common/lpcusb/target/usbcontrol.o
 .debug_frame   0x000000000000180c       0x54 ../common/lpcusb/target/usbinit.o
 .debug_frame   0x0000000000001860      0x464 ../common/lpcusb/target/usbhw_lpc.o
 .debug_frame   0x0000000000001cc4      0x1c8 ../common/lpcusb/target/usbstdreq.o
 .debug_frame   0x0000000000001e8c       0x38 /usr/bin/../lib/gcc/arm-none-eabi/4.9.3/../../../../arm-none-eabi/lib/armv7-m/libc.a(lib_a-memcmp.o)
 .debug_frame   0x0000000000001ec4       0x20 /usr/bin/../lib/gcc/arm-none-eabi/4.9.3/../../../../arm-none-eabi/lib/armv7-m/libc.a(lib_a-strlen.o)

.debug_info     0x0000000000000000     0x589e
 .debug_info    0x0000000000000000     0x2355 bluetooth_rxtx.o
 .debug_info    0x0000000000002355      0x449 bluetooth.o
 .debug_info    0x000000000000279e      0x5e9 bluetooth_le.o
 .debug_info    0x0000000000002d87      0x4e3 ubertooth_usb.o
 .debug_info    0x000000000000326a      0x282 cc2400_rangetest.o
 .debug_info    0x00000000000034ec      0x6a3 ego.o
 .debug_info    0x0000000000003b8f      0x497 ../common/usb_serial.o
 .debug_info    0x0000000000004026       0xf1 ../common/LPC17xx_Startup.o
 .debug_info    0x0000000000004117       0x7d ../common/LPC17xx_Interrupts.o
 .debug_info    0x0000000000004194      0x57d ../common/ubertooth.o
 .debug_info    0x0000000000004711      0x2e8 ../common/lpcusb/target/usbcontrol.o
 .debug_info    0x00000000000049f9       0xb8 ../common/lpcusb/target/usbinit.o
 .debug_info    0x0000000000004ab1      0x840 ../common/lpcusb/target/usbhw_lpc.o
 .debug_info    0x00000000000052f1      0x5ad ../common/lpcusb/target/usbstdreq.o

.debug_abbrev   0x0000000000000000     0x152a
 .debug_abbrev  0x0000000000000000      0x423 bluetooth_rxtx.o
 .debug_abbrev  0x0000000000000423      0x12e bluetooth.o
 .debug_abbrev  0x0000000000000551      0x132 bluetooth_le.o
 .debug_abbrev  0x0000000000000683      0x1cc ubertooth_usb.o
 .debug_abbrev  0x000000000000084f       0xe6 cc2400_rangetest.o
 .debug_abbrev  0x0000000000000935      0x1e4 ego.o
 .debug_abbrev  0x0000000000000b19      0x1a7 ../common/usb_serial.o
 .debug_abbrev  0x0000000000000cc0       0x89 ../common/LPC17xx_Startup.o
 .debug_abbrev  0x0000000000000d49       0x80 ../common/LPC17xx_Interrupts.o
 .debug_abbrev  0x0000000000000dc9      0x1f2 ../common/ubertooth.o
 .debug_abbrev  0x0000000000000fbb      0x138 ../common/lpcusb/target/usbcontrol.o
 .debug_abbrev  0x00000000000010f3       0xa6 ../common/lpcusb/target/usbinit.o
 .debug_abbrev  0x0000000000001199      0x1fa ../common/lpcusb/target/usbhw_lpc.o
 .debug_abbrev  0x0000000000001393      0x197 ../common/lpcusb/target/usbstdreq.o

.debug_aranges  0x0000000000000000      0x738
 .debug_aranges
                0x0000000000000000      0x200 bluetooth_rxtx.o
 .debug_aranges
                0x0000000000000200       0x40 bluetooth.o
 .debug_aranges
                0x0000000000000240       0x48 bluetooth_le.o
 .debug_aranges
                0x0000000000000288       0x50 ubertooth_usb.o
 .debug_aranges
                0x00000000000002d8       0x28 cc2400_rangetest.o
 .debug_aranges
                0x0000000000000300       0xc8 ego.o
 .debug_aranges
                0x00000000000003c8       0x70 ../common/usb_serial.o
 .debug_aranges
                0x0000000000000438       0x20 ../common/LPC17xx_Startup.o
 .debug_aranges
                0x0000000000000458       0x20 ../common/LPC17xx_Interrupts.o
 .debug_aranges
                0x0000000000000478       0xf0 ../common/ubertooth.o
 .debug_aranges
                0x0000000000000568       0x40 ../common/lpcusb/target/usbcontrol.o
 .debug_aranges
                0x00000000000005a8       0x28 ../common/lpcusb/target/usbinit.o
 .debug_aranges
                0x00000000000005d0       0xf8 ../common/lpcusb/target/usbhw_lpc.o
 .debug_aranges
                0x00000000000006c8       0x70 ../common/lpcusb/target/usbstdreq.o

.debug_ranges   0x0000000000000000      0x658
 .debug_ranges  0x0000000000000000      0x1f0 bluetooth_rxtx.o
 .debug_ranges  0x00000000000001f0       0x30 bluetooth.o
 .debug_ranges  0x0000000000000220       0x38 bluetooth_le.o
 .debug_ranges  0x0000000000000258       0x40 ubertooth_usb.o
 .debug_ranges  0x0000000000000298       0x18 cc2400_rangetest.o
 .debug_ranges  0x00000000000002b0       0xb8 ego.o
 .debug_ranges  0x0000000000000368       0x60 ../common/usb_serial.o
 .debug_ranges  0x00000000000003c8       0x10 ../common/LPC17xx_Startup.o
 .debug_ranges  0x00000000000003d8       0x10 ../common/LPC17xx_Interrupts.o
 .debug_ranges  0x00000000000003e8       0xe0 ../common/ubertooth.o
 .debug_ranges  0x00000000000004c8       0x30 ../common/lpcusb/target/usbcontrol.o
 .debug_ranges  0x00000000000004f8       0x18 ../common/lpcusb/target/usbinit.o
 .debug_ranges  0x0000000000000510       0xe8 ../common/lpcusb/target/usbhw_lpc.o
 .debug_ranges  0x00000000000005f8       0x60 ../common/lpcusb/target/usbstdreq.o

.debug_line     0x0000000000000000     0x2e10
 .debug_line    0x0000000000000000     0x14d0 bluetooth_rxtx.o
 .debug_line    0x00000000000014d0      0x229 bluetooth.o
 .debug_line    0x00000000000016f9      0x188 bluetooth_le.o
 .debug_line    0x0000000000001881      0x1a1 ubertooth_usb.o
 .debug_line    0x0000000000001a22      0x293 cc2400_rangetest.o
 .debug_line    0x0000000000001cb5      0x313 ego.o
 .debug_line    0x0000000000001fc8      0x1f9 ../common/usb_serial.o
 .debug_line    0x00000000000021c1       0x98 ../common/LPC17xx_Startup.o
 .debug_line    0x0000000000002259       0x53 ../common/LPC17xx_Interrupts.o
 .debug_line    0x00000000000022ac      0x439 ../common/ubertooth.o
 .debug_line    0x00000000000026e5      0x105 ../common/lpcusb/target/usbcontrol.o
 .debug_line    0x00000000000027ea       0x74 ../common/lpcusb/target/usbinit.o
 .debug_line    0x000000000000285e      0x3c1 ../common/lpcusb/target/usbhw_lpc.o
 .debug_line    0x0000000000002c1f      0x1f1 ../common/lpcusb/target/usbstdreq.o

.debug_str      0x0000000000000000     0x2414
 .debug_str     0x0000000000000000     0x140b bluetooth_rxtx.o
                                       0x157d (size before relaxing)
 .debug_str     0x000000000000140b       0xae bluetooth.o
                                        0x344 (size before relaxing)
 .debug_str     0x00000000000014b9       0xb0 bluetooth_le.o
                                        0x4d7 (size before relaxing)
 .debug_str     0x0000000000001569      0x126 ubertooth_usb.o
                                        0x449 (size before relaxing)
 .debug_str     0x000000000000168f       0x3d cc2400_rangetest.o
                                        0x2c2 (size before relaxing)
 .debug_str     0x00000000000016cc      0x20e ego.o
                                        0x6a5 (size before relaxing)
 .debug_str     0x00000000000018da      0x159 ../common/usb_serial.o
                                        0x3f4 (size before relaxing)
 .debug_str     0x0000000000001a33       0x5b ../common/LPC17xx_Startup.o
                                        0x25c (size before relaxing)
 .debug_str     0x0000000000001a8e       0x51 ../common/LPC17xx_Interrupts.o
                                        0x1d5 (size before relaxing)
 .debug_str     0x0000000000001adf      0x174 ../common/ubertooth.o
                                        0x3c1 (size before relaxing)
 .debug_str     0x0000000000001c53       0xe4 ../common/lpcusb/target/usbcontrol.o
                                        0x2f6 (size before relaxing)
 .debug_str     0x0000000000001d37       0x46 ../common/lpcusb/target/usbinit.o
                                        0x1f6 (size before relaxing)
 .debug_str     0x0000000000001d7d      0x3ea ../common/lpcusb/target/usbhw_lpc.o
                                        0x613 (size before relaxing)
 .debug_str     0x0000000000002167      0x2ad ../common/lpcusb/target/usbstdreq.o
                                        0x4c9 (size before relaxing)
