Archive member included because of file (symbol)

/usr/bin/../lib/gcc/arm-none-eabi/4.9.3/../../../../arm-none-eabi/lib/armv7-m/libc.a(lib_a-exit.o)
                              /usr/bin/../lib/gcc/arm-none-eabi/4.9.3/../../../../arm-none-eabi/lib/armv7-m/crt0.o (exit)
/usr/bin/../lib/gcc/arm-none-eabi/4.9.3/../../../../arm-none-eabi/lib/armv7-m/libc.a(lib_a-impure.o)
                              /usr/bin/../lib/gcc/arm-none-eabi/4.9.3/../../../../arm-none-eabi/lib/armv7-m/libc.a(lib_a-exit.o) (_global_impure_ptr)
/usr/bin/../lib/gcc/arm-none-eabi/4.9.3/../../../../arm-none-eabi/lib/armv7-m/libc.a(lib_a-init.o)
                              /usr/bin/../lib/gcc/arm-none-eabi/4.9.3/../../../../arm-none-eabi/lib/armv7-m/crt0.o (__libc_init_array)
/usr/bin/../lib/gcc/arm-none-eabi/4.9.3/../../../../arm-none-eabi/lib/armv7-m/libc.a(lib_a-memset.o)
                              /usr/bin/../lib/gcc/arm-none-eabi/4.9.3/../../../../arm-none-eabi/lib/armv7-m/crt0.o (memset)
/usr/bin/../lib/gcc/arm-none-eabi/4.9.3/../../../../arm-none-eabi/lib/armv7-m/libc.a(lib_a-__call_atexit.o)
                              /usr/bin/../lib/gcc/arm-none-eabi/4.9.3/../../../../arm-none-eabi/lib/armv7-m/libc.a(lib_a-exit.o) (__call_exitprocs)
/usr/bin/../lib/gcc/arm-none-eabi/4.9.3/../../../../arm-none-eabi/lib/armv7-m/libc.a(lib_a-atexit.o)
                              /usr/bin/../lib/gcc/arm-none-eabi/4.9.3/../../../../arm-none-eabi/lib/armv7-m/libc.a(lib_a-__call_atexit.o) (atexit)
/usr/bin/../lib/gcc/arm-none-eabi/4.9.3/../../../../arm-none-eabi/lib/armv7-m/libc.a(lib_a-fini.o)
                              /usr/bin/../lib/gcc/arm-none-eabi/4.9.3/../../../../arm-none-eabi/lib/armv7-m/libc.a(lib_a-__call_atexit.o) (__libc_fini_array)
/usr/bin/../lib/gcc/arm-none-eabi/4.9.3/../../../../arm-none-eabi/lib/armv7-m/libc.a(lib_a-__atexit.o)
                              /usr/bin/../lib/gcc/arm-none-eabi/4.9.3/../../../../arm-none-eabi/lib/armv7-m/libc.a(lib_a-atexit.o) (__register_exitproc)
/usr/bin/../lib/gcc/arm-none-eabi/4.9.3/armv7-m/libgcc.a(_arm_addsubdf3.o)
                              bluetooth_rxtx.o (__aeabi_dadd)
/usr/bin/../lib/gcc/arm-none-eabi/4.9.3/armv7-m/libgcc.a(_arm_muldivdf3.o)
                              bluetooth_rxtx.o (__aeabi_dmul)
/usr/bin/../lib/gcc/arm-none-eabi/4.9.3/armv7-m/libgcc.a(_arm_fixunsdfsi.o)
                              bluetooth_rxtx.o (__aeabi_d2uiz)
/usr/bin/../lib/gcc/arm-none-eabi/4.9.3/../../../../arm-none-eabi/lib/armv7-m/libc.a(lib_a-memcmp.o)
                              bluetooth_rxtx.o (memcmp)
/usr/bin/../lib/gcc/arm-none-eabi/4.9.3/../../../../arm-none-eabi/lib/armv7-m/libc.a(lib_a-memcpy.o)
                              bluetooth_rxtx.o (memcpy)
/usr/bin/../lib/gcc/arm-none-eabi/4.9.3/../../../../arm-none-eabi/lib/armv7-m/libc.a(lib_a-strlen.o)
                              bluetooth_rxtx.o (strlen)
/usr/bin/../lib/gcc/arm-none-eabi/4.9.3/../../../../arm-none-eabi/lib/armv7-m/libnosys.a(_exit.o)
                              /usr/bin/../lib/gcc/arm-none-eabi/4.9.3/../../../../arm-none-eabi/lib/armv7-m/libc.a(lib_a-exit.o) (_exit)

Allocating common symbols
Common symbol       size              file

clkn_freq           0x4               bluetooth_rxtx.o
b                   0x1               bluetooth.o
rx_tc               0x4               bluetooth_rxtx.o
clkn_proposed       0x4               bluetooth_rxtx.o
rssi_max            0x1               bluetooth_rxtx.o
used_channels       0x1               bluetooth.o
le_dma_lli          0xb0              bluetooth_rxtx.o
rssi_min            0x1               bluetooth_rxtx.o
afh_map             0xa               bluetooth_rxtx.o
d1                  0x2               bluetooth.o
idle_buf_clk100ns   0x4               bluetooth_rxtx.o
rx_dma_lli2         0x10              bluetooth_rxtx.o
afh_bank            0x4f              bluetooth.o
a1                  0x1               bluetooth.o
cs_timestamp        0x4               bluetooth_rxtx.o
keepalive_trigger   0x1               bluetooth_rxtx.o
clkn                0x4               bluetooth_rxtx.o
device_index        0x1               bluetooth_rxtx.o
freq_avg            0x1               bluetooth_rxtx.o
active_buf_clkn_high
                    0x4               bluetooth_rxtx.o
fifo                0x2000            ubertooth_usb.o
le_promisc          0x108             bluetooth_rxtx.o
first_ts            0x4               bluetooth_rxtx.o
c1                  0x1               bluetooth.o
syncword            0x8               bluetooth_rxtx.o
bank                0x4f              bluetooth.o
unpacked            0x320             bluetooth_rxtx.o
active_buf_clk100ns
                    0x4               bluetooth_rxtx.o
clkn_legacy         0x4               bluetooth_rxtx.o
afh_enabled         0x1               bluetooth_rxtx.o
rssi_avg            0x1               bluetooth_rxtx.o
idle_buf_clkn_high  0x4               bluetooth_rxtx.o
rxbuf2              0x32              bluetooth_rxtx.o
abVendorReqData     0x102             ubertooth_usb.o
diff_ts             0x4               bluetooth_rxtx.o
v_req_handler       0x4               ubertooth_usb.o
rx_dma_lli1         0x10              bluetooth_rxtx.o
second_ts           0x4               bluetooth_rxtx.o
e                   0x1               bluetooth.o
rr                  0x5               bluetooth_rxtx.o
rxbuf1              0x32              bluetooth_rxtx.o
rx_err              0x4               bluetooth_rxtx.o
cs_trigger          0x1               bluetooth_rxtx.o
target              0x10              bluetooth_rxtx.o

Discarded input sections

 .text          0x0000000000000000        0x0 /usr/bin/../lib/gcc/arm-none-eabi/4.9.3/armv7-m/crti.o
 .data          0x0000000000000000        0x0 /usr/bin/../lib/gcc/arm-none-eabi/4.9.3/armv7-m/crti.o
 .bss           0x0000000000000000        0x0 /usr/bin/../lib/gcc/arm-none-eabi/4.9.3/armv7-m/crti.o
 .data          0x0000000000000000        0x4 /usr/bin/../lib/gcc/arm-none-eabi/4.9.3/armv7-m/crtbegin.o
 .text          0x0000000000000000       0x74 /usr/bin/../lib/gcc/arm-none-eabi/4.9.3/../../../../arm-none-eabi/lib/armv7-m/crt0.o
 .data          0x0000000000000000        0x0 /usr/bin/../lib/gcc/arm-none-eabi/4.9.3/../../../../arm-none-eabi/lib/armv7-m/crt0.o
 .bss           0x0000000000000000        0x0 /usr/bin/../lib/gcc/arm-none-eabi/4.9.3/../../../../arm-none-eabi/lib/armv7-m/crt0.o
 .ARM.extab     0x0000000000000000        0x0 /usr/bin/../lib/gcc/arm-none-eabi/4.9.3/../../../../arm-none-eabi/lib/armv7-m/crt0.o
 .ARM.exidx     0x0000000000000000        0x8 /usr/bin/../lib/gcc/arm-none-eabi/4.9.3/../../../../arm-none-eabi/lib/armv7-m/crt0.o
 .ARM.attributes
                0x0000000000000000       0x1b /usr/bin/../lib/gcc/arm-none-eabi/4.9.3/../../../../arm-none-eabi/lib/armv7-m/crt0.o
 .text          0x0000000000000000        0x0 /usr/bin/../lib/gcc/arm-none-eabi/4.9.3/../../../../arm-none-eabi/lib/armv7-m/libc.a(lib_a-exit.o)
 .data          0x0000000000000000        0x0 /usr/bin/../lib/gcc/arm-none-eabi/4.9.3/../../../../arm-none-eabi/lib/armv7-m/libc.a(lib_a-exit.o)
 .bss           0x0000000000000000        0x0 /usr/bin/../lib/gcc/arm-none-eabi/4.9.3/../../../../arm-none-eabi/lib/armv7-m/libc.a(lib_a-exit.o)
 .text.exit     0x0000000000000000       0x20 /usr/bin/../lib/gcc/arm-none-eabi/4.9.3/../../../../arm-none-eabi/lib/armv7-m/libc.a(lib_a-exit.o)
 .debug_frame   0x0000000000000000       0x28 /usr/bin/../lib/gcc/arm-none-eabi/4.9.3/../../../../arm-none-eabi/lib/armv7-m/libc.a(lib_a-exit.o)
 .ARM.attributes
                0x0000000000000000       0x2d /usr/bin/../lib/gcc/arm-none-eabi/4.9.3/../../../../arm-none-eabi/lib/armv7-m/libc.a(lib_a-exit.o)
 .text          0x0000000000000000        0x0 /usr/bin/../lib/gcc/arm-none-eabi/4.9.3/../../../../arm-none-eabi/lib/armv7-m/libc.a(lib_a-impure.o)
 .data          0x0000000000000000        0x0 /usr/bin/../lib/gcc/arm-none-eabi/4.9.3/../../../../arm-none-eabi/lib/armv7-m/libc.a(lib_a-impure.o)
 .bss           0x0000000000000000        0x0 /usr/bin/../lib/gcc/arm-none-eabi/4.9.3/../../../../arm-none-eabi/lib/armv7-m/libc.a(lib_a-impure.o)
 .data._impure_ptr
                0x0000000000000000        0x4 /usr/bin/../lib/gcc/arm-none-eabi/4.9.3/../../../../arm-none-eabi/lib/armv7-m/libc.a(lib_a-impure.o)
 .text          0x0000000000000000        0x0 /usr/bin/../lib/gcc/arm-none-eabi/4.9.3/../../../../arm-none-eabi/lib/armv7-m/libc.a(lib_a-init.o)
 .data          0x0000000000000000        0x0 /usr/bin/../lib/gcc/arm-none-eabi/4.9.3/../../../../arm-none-eabi/lib/armv7-m/libc.a(lib_a-init.o)
 .bss           0x0000000000000000        0x0 /usr/bin/../lib/gcc/arm-none-eabi/4.9.3/../../../../arm-none-eabi/lib/armv7-m/libc.a(lib_a-init.o)
 .text          0x0000000000000000        0x0 /usr/bin/../lib/gcc/arm-none-eabi/4.9.3/../../../../arm-none-eabi/lib/armv7-m/libc.a(lib_a-memset.o)
 .data          0x0000000000000000        0x0 /usr/bin/../lib/gcc/arm-none-eabi/4.9.3/../../../../arm-none-eabi/lib/armv7-m/libc.a(lib_a-memset.o)
 .bss           0x0000000000000000        0x0 /usr/bin/../lib/gcc/arm-none-eabi/4.9.3/../../../../arm-none-eabi/lib/armv7-m/libc.a(lib_a-memset.o)
 .text          0x0000000000000000        0x0 /usr/bin/../lib/gcc/arm-none-eabi/4.9.3/../../../../arm-none-eabi/lib/armv7-m/libc.a(lib_a-__call_atexit.o)
 .data          0x0000000000000000        0x0 /usr/bin/../lib/gcc/arm-none-eabi/4.9.3/../../../../arm-none-eabi/lib/armv7-m/libc.a(lib_a-__call_atexit.o)
 .bss           0x0000000000000000        0x0 /usr/bin/../lib/gcc/arm-none-eabi/4.9.3/../../../../arm-none-eabi/lib/armv7-m/libc.a(lib_a-__call_atexit.o)
 .text.__call_exitprocs
                0x0000000000000000       0xd4 /usr/bin/../lib/gcc/arm-none-eabi/4.9.3/../../../../arm-none-eabi/lib/armv7-m/libc.a(lib_a-__call_atexit.o)
 .text          0x0000000000000000        0x0 /usr/bin/../lib/gcc/arm-none-eabi/4.9.3/../../../../arm-none-eabi/lib/armv7-m/libc.a(lib_a-atexit.o)
 .data          0x0000000000000000        0x0 /usr/bin/../lib/gcc/arm-none-eabi/4.9.3/../../../../arm-none-eabi/lib/armv7-m/libc.a(lib_a-atexit.o)
 .bss           0x0000000000000000        0x0 /usr/bin/../lib/gcc/arm-none-eabi/4.9.3/../../../../arm-none-eabi/lib/armv7-m/libc.a(lib_a-atexit.o)
 .text          0x0000000000000000        0x0 /usr/bin/../lib/gcc/arm-none-eabi/4.9.3/../../../../arm-none-eabi/lib/armv7-m/libc.a(lib_a-fini.o)
 .data          0x0000000000000000        0x0 /usr/bin/../lib/gcc/arm-none-eabi/4.9.3/../../../../arm-none-eabi/lib/armv7-m/libc.a(lib_a-fini.o)
 .bss           0x0000000000000000        0x0 /usr/bin/../lib/gcc/arm-none-eabi/4.9.3/../../../../arm-none-eabi/lib/armv7-m/libc.a(lib_a-fini.o)
 .text          0x0000000000000000        0x0 /usr/bin/../lib/gcc/arm-none-eabi/4.9.3/../../../../arm-none-eabi/lib/armv7-m/libc.a(lib_a-__atexit.o)
 .data          0x0000000000000000        0x0 /usr/bin/../lib/gcc/arm-none-eabi/4.9.3/../../../../arm-none-eabi/lib/armv7-m/libc.a(lib_a-__atexit.o)
 .bss           0x0000000000000000        0x0 /usr/bin/../lib/gcc/arm-none-eabi/4.9.3/../../../../arm-none-eabi/lib/armv7-m/libc.a(lib_a-__atexit.o)
 .text          0x0000000000000000        0x0 bluetooth_rxtx.o
 .text          0x0000000000000000        0x0 bluetooth.o
 .data          0x0000000000000000        0x4 bluetooth.o
 .bss           0x0000000000000000        0x0 bluetooth.o
 .text.count_bits
                0x0000000000000000       0x4c bluetooth.o
 .text.precalc  0x0000000000000000      0x220 bluetooth.o
 .text.find_access_code
                0x0000000000000000      0x128 bluetooth.o
 .text          0x0000000000000000        0x0 bluetooth_le.o
 .bss           0x0000000000000000        0x4 bluetooth_le.o
 .rodata        0x0000000000000000      0x890 bluetooth_le.o
 .text          0x0000000000000000        0x0 ubertooth_usb.o
 .data          0x0000000000000000        0x4 ubertooth_usb.o
 .text          0x0000000000000000        0x0 cc2400_rangetest.o
 .bss           0x0000000000000000        0x0 cc2400_rangetest.o
 .text          0x0000000000000000        0x0 ego.o
 .bss           0x0000000000000000        0x0 ego.o
 .text          0x0000000000000000        0x0 ../common/usb_serial.o
 .data          0x0000000000000000        0xc ../common/usb_serial.o
 .bss           0x0000000000000000      0x168 ../common/usb_serial.o
 .rodata        0x0000000000000000       0xd2 ../common/usb_serial.o
 .text.HandleClassRequest
                0x0000000000000000       0x54 ../common/usb_serial.o
 .text.BulkOut  0x0000000000000000       0x68 ../common/usb_serial.o
 .text.SendNextBulkIn
                0x0000000000000000       0x88 ../common/usb_serial.o
 .text.BulkIn   0x0000000000000000       0x20 ../common/usb_serial.o
 .text.USBFrameHandler
                0x0000000000000000       0x34 ../common/usb_serial.o
 .text.USBDevIntHandler
                0x0000000000000000       0x28 ../common/usb_serial.o
 .text.VCOM_init
                0x0000000000000000       0x3c ../common/usb_serial.o
 .text.VCOM_putchar
                0x0000000000000000       0x30 ../common/usb_serial.o
 .text.VCOM_getchar
                0x0000000000000000       0x2c ../common/usb_serial.o
 .text.usb_serial_init
                0x0000000000000000       0x74 ../common/usb_serial.o
 .text          0x0000000000000000        0x0 ../common/serial_fifo.o
 .data          0x0000000000000000        0x0 ../common/serial_fifo.o
 .bss           0x0000000000000000        0x0 ../common/serial_fifo.o
 .text.fifo_init
                0x0000000000000000       0x28 ../common/serial_fifo.o
 .text.fifo_put
                0x0000000000000000       0x58 ../common/serial_fifo.o
 .text.fifo_get
                0x0000000000000000       0x5c ../common/serial_fifo.o
 .text.fifo_avail
                0x0000000000000000       0x38 ../common/serial_fifo.o
 .text.fifo_free
                0x0000000000000000       0x1c ../common/serial_fifo.o
 .debug_info    0x0000000000000000      0x19e ../common/serial_fifo.o
 .debug_abbrev  0x0000000000000000       0xf5 ../common/serial_fifo.o
 .debug_aranges
                0x0000000000000000       0x40 ../common/serial_fifo.o
 .debug_ranges  0x0000000000000000       0x30 ../common/serial_fifo.o
 .debug_line    0x0000000000000000       0xce ../common/serial_fifo.o
 .debug_str     0x0000000000000000      0x200 ../common/serial_fifo.o
 .comment       0x0000000000000000       0x71 ../common/serial_fifo.o
 .debug_frame   0x0000000000000000       0xd8 ../common/serial_fifo.o
 .ARM.attributes
                0x0000000000000000       0x33 ../common/serial_fifo.o
 .text          0x0000000000000000        0x0 ../common/LPC17xx_Startup.o
 .data          0x0000000000000000        0x0 ../common/LPC17xx_Startup.o
 .bss           0x0000000000000000        0x0 ../common/LPC17xx_Startup.o
 .text          0x0000000000000000        0x0 ../common/LPC17xx_Interrupts.o
 .data          0x0000000000000000        0x0 ../common/LPC17xx_Interrupts.o
 .bss           0x0000000000000000        0x0 ../common/LPC17xx_Interrupts.o
 .text          0x0000000000000000        0x0 ../common/ubertooth.o
 .data          0x0000000000000000        0x4 ../common/ubertooth.o
 .text.wait_ms  0x0000000000000000       0x20 ../common/ubertooth.o
 .text.cc2400_tune_rx
                0x0000000000000000       0x20 ../common/ubertooth.o
 .text.cc2400_tune_tx
                0x0000000000000000       0x1c ../common/ubertooth.o
 .text.cc2400_hop_rx
                0x0000000000000000       0x5c ../common/ubertooth.o
 .text.cc2400_hop_tx
                0x0000000000000000       0x5c ../common/ubertooth.o
 .text          0x0000000000000000        0x0 ../common/lpcusb/target/usbcontrol.o
 .data          0x0000000000000000        0x0 ../common/lpcusb/target/usbcontrol.o
 .text          0x0000000000000000        0x0 ../common/lpcusb/target/usbinit.o
 .data          0x0000000000000000        0x0 ../common/lpcusb/target/usbinit.o
 .text          0x0000000000000000        0x0 ../common/lpcusb/target/usbhw_lpc.o
 .data          0x0000000000000000        0x0 ../common/lpcusb/target/usbhw_lpc.o
 .text.USBHwRegisterFrameHandler
                0x0000000000000000       0x2c ../common/lpcusb/target/usbhw_lpc.o
 .text.fast_wait
                0x0000000000000000       0x24 ../common/lpcusb/target/usbhw_lpc.o
 .text.USBHwISOCEPRead
                0x0000000000000000       0xe4 ../common/lpcusb/target/usbhw_lpc.o
 .text.USBSetupDMADescriptor
                0x0000000000000000       0xa8 ../common/lpcusb/target/usbhw_lpc.o
 .text.USBDisableDMAForEndpoint
                0x0000000000000000       0x38 ../common/lpcusb/target/usbhw_lpc.o
 .text.USBEnableDMAForEndpoint
                0x0000000000000000       0x38 ../common/lpcusb/target/usbhw_lpc.o
 .text.USBInitializeISOCFrameArray
                0x0000000000000000       0x58 ../common/lpcusb/target/usbhw_lpc.o
 .text.USBSetHeadDDForDMA
                0x0000000000000000       0x34 ../common/lpcusb/target/usbhw_lpc.o
 .text.USBInitializeUSBDMA
                0x0000000000000000       0x3c ../common/lpcusb/target/usbhw_lpc.o
 .text          0x0000000000000000        0x0 ../common/lpcusb/target/usbstdreq.o
 .text.USBRegisterCustomReqHandler
                0x0000000000000000       0x1c ../common/lpcusb/target/usbstdreq.o
 .data          0x0000000000000000        0x0 /usr/bin/../lib/gcc/arm-none-eabi/4.9.3/armv7-m/libgcc.a(_arm_addsubdf3.o)
 .bss           0x0000000000000000        0x0 /usr/bin/../lib/gcc/arm-none-eabi/4.9.3/armv7-m/libgcc.a(_arm_addsubdf3.o)
 .data          0x0000000000000000        0x0 /usr/bin/../lib/gcc/arm-none-eabi/4.9.3/armv7-m/libgcc.a(_arm_muldivdf3.o)
 .bss           0x0000000000000000        0x0 /usr/bin/../lib/gcc/arm-none-eabi/4.9.3/armv7-m/libgcc.a(_arm_muldivdf3.o)
 .data          0x0000000000000000        0x0 /usr/bin/../lib/gcc/arm-none-eabi/4.9.3/armv7-m/libgcc.a(_arm_fixunsdfsi.o)
 .bss           0x0000000000000000        0x0 /usr/bin/../lib/gcc/arm-none-eabi/4.9.3/armv7-m/libgcc.a(_arm_fixunsdfsi.o)
 .text          0x0000000000000000        0x0 /usr/bin/../lib/gcc/arm-none-eabi/4.9.3/../../../../arm-none-eabi/lib/armv7-m/libc.a(lib_a-memcmp.o)
 .data          0x0000000000000000        0x0 /usr/bin/../lib/gcc/arm-none-eabi/4.9.3/../../../../arm-none-eabi/lib/armv7-m/libc.a(lib_a-memcmp.o)
 .bss           0x0000000000000000        0x0 /usr/bin/../lib/gcc/arm-none-eabi/4.9.3/../../../../arm-none-eabi/lib/armv7-m/libc.a(lib_a-memcmp.o)
 .data          0x0000000000000000        0x0 /usr/bin/../lib/gcc/arm-none-eabi/4.9.3/../../../../arm-none-eabi/lib/armv7-m/libc.a(lib_a-memcpy.o)
 .bss           0x0000000000000000        0x0 /usr/bin/../lib/gcc/arm-none-eabi/4.9.3/../../../../arm-none-eabi/lib/armv7-m/libc.a(lib_a-memcpy.o)
 .text          0x0000000000000000        0x0 /usr/bin/../lib/gcc/arm-none-eabi/4.9.3/../../../../arm-none-eabi/lib/armv7-m/libc.a(lib_a-strlen.o)
 .data          0x0000000000000000        0x0 /usr/bin/../lib/gcc/arm-none-eabi/4.9.3/../../../../arm-none-eabi/lib/armv7-m/libc.a(lib_a-strlen.o)
 .bss           0x0000000000000000        0x0 /usr/bin/../lib/gcc/arm-none-eabi/4.9.3/../../../../arm-none-eabi/lib/armv7-m/libc.a(lib_a-strlen.o)
 .text          0x0000000000000000        0x0 /usr/bin/../lib/gcc/arm-none-eabi/4.9.3/armv7-m/crtend.o
 .data          0x0000000000000000        0x0 /usr/bin/../lib/gcc/arm-none-eabi/4.9.3/armv7-m/crtend.o
 .bss           0x0000000000000000        0x0 /usr/bin/../lib/gcc/arm-none-eabi/4.9.3/armv7-m/crtend.o
 .eh_frame      0x0000000000000000        0x4 /usr/bin/../lib/gcc/arm-none-eabi/4.9.3/armv7-m/crtend.o
 .jcr           0x0000000000000000        0x4 /usr/bin/../lib/gcc/arm-none-eabi/4.9.3/armv7-m/crtend.o
 .ARM.attributes
                0x0000000000000000       0x2d /usr/bin/../lib/gcc/arm-none-eabi/4.9.3/armv7-m/crtend.o
 .text          0x0000000000000000        0x0 /usr/bin/../lib/gcc/arm-none-eabi/4.9.3/armv7-m/crtn.o
 .data          0x0000000000000000        0x0 /usr/bin/../lib/gcc/arm-none-eabi/4.9.3/armv7-m/crtn.o
 .bss           0x0000000000000000        0x0 /usr/bin/../lib/gcc/arm-none-eabi/4.9.3/armv7-m/crtn.o
 .text          0x0000000000000000        0x0 /usr/bin/../lib/gcc/arm-none-eabi/4.9.3/../../../../arm-none-eabi/lib/armv7-m/libnosys.a(_exit.o)
 .data          0x0000000000000000        0x0 /usr/bin/../lib/gcc/arm-none-eabi/4.9.3/../../../../arm-none-eabi/lib/armv7-m/libnosys.a(_exit.o)
 .bss           0x0000000000000000        0x0 /usr/bin/../lib/gcc/arm-none-eabi/4.9.3/../../../../arm-none-eabi/lib/armv7-m/libnosys.a(_exit.o)
 .text._exit    0x0000000000000000        0x4 /usr/bin/../lib/gcc/arm-none-eabi/4.9.3/../../../../arm-none-eabi/lib/armv7-m/libnosys.a(_exit.o)
 .debug_frame   0x0000000000000000       0x20 /usr/bin/../lib/gcc/arm-none-eabi/4.9.3/../../../../arm-none-eabi/lib/armv7-m/libnosys.a(_exit.o)
 .ARM.attributes
                0x0000000000000000       0x2d /usr/bin/../lib/gcc/arm-none-eabi/4.9.3/../../../../arm-none-eabi/lib/armv7-m/libnosys.a(_exit.o)

Memory Configuration

Name             Origin             Length             Attributes
rom              0x0000000000004000 0x000000000001c000 xr
ram              0x0000000010000000 0x0000000000004000 xrw
*default*        0x0000000000000000 0xffffffffffffffff

Linker script and memory map

LOAD /usr/bin/../lib/gcc/arm-none-eabi/4.9.3/armv7-m/crti.o
LOAD /usr/bin/../lib/gcc/arm-none-eabi/4.9.3/armv7-m/crtbegin.o
LOAD /usr/bin/../lib/gcc/arm-none-eabi/4.9.3/../../../../arm-none-eabi/lib/armv7-m/crt0.o
START GROUP
LOAD /usr/bin/../lib/gcc/arm-none-eabi/4.9.3/../../../../arm-none-eabi/lib/armv7-m/libc.a
LOAD /usr/bin/../lib/gcc/arm-none-eabi/4.9.3/../../../../arm-none-eabi/lib/armv7-m/libg.a
LOAD /usr/bin/../lib/gcc/arm-none-eabi/4.9.3/armv7-m/libgcc.a
LOAD /usr/bin/../lib/gcc/arm-none-eabi/4.9.3/../../../../arm-none-eabi/lib/armv7-m/libm.a
END GROUP
LOAD bluetooth_rxtx.o
LOAD bluetooth.o
LOAD bluetooth_le.o
LOAD ubertooth_usb.o
LOAD cc2400_rangetest.o
LOAD ego.o
LOAD ../common/usb_serial.o
LOAD ../common/serial_fifo.o
LOAD ../common/LPC17xx_Startup.o
LOAD ../common/LPC17xx_Interrupts.o
LOAD ../common/ubertooth.o
LOAD ../common/lpcusb/target/usbcontrol.o
LOAD ../common/lpcusb/target/usbinit.o
LOAD ../common/lpcusb/target/usbhw_lpc.o
LOAD ../common/lpcusb/target/usbstdreq.o
START GROUP
LOAD /usr/bin/../lib/gcc/arm-none-eabi/4.9.3/armv7-m/libgcc.a
LOAD /usr/bin/../lib/gcc/arm-none-eabi/4.9.3/../../../../arm-none-eabi/lib/armv7-m/libc.a
END GROUP
LOAD /usr/bin/../lib/gcc/arm-none-eabi/4.9.3/armv7-m/crtend.o
LOAD /usr/bin/../lib/gcc/arm-none-eabi/4.9.3/armv7-m/crtn.o
START GROUP
LOAD /usr/bin/../lib/gcc/arm-none-eabi/4.9.3/armv7-m/libgcc.a
LOAD /usr/bin/../lib/gcc/arm-none-eabi/4.9.3/../../../../arm-none-eabi/lib/armv7-m/libc.a
LOAD /usr/bin/../lib/gcc/arm-none-eabi/4.9.3/../../../../arm-none-eabi/lib/armv7-m/libm.a
LOAD /usr/bin/../lib/gcc/arm-none-eabi/4.9.3/../../../../arm-none-eabi/lib/armv7-m/libnosys.a
END GROUP

.text           0x0000000000004000     0x9150
                0x0000000000004000                . = ALIGN (0x400)
                0x0000000000004000                _interrupt_vector_table = .
 *(.irq_handler_table)
 .irq_handler_table
                0x0000000000004000       0xcc ../common/LPC17xx_Interrupts.o
                0x0000000000004000                _NVIC_Handler_Functions
 *(.text .text.* .gnu.linkonce.t.*)
 .text          0x00000000000040cc       0x5c /usr/bin/../lib/gcc/arm-none-eabi/4.9.3/armv7-m/crtbegin.o
 .text.__libc_init_array
                0x0000000000004128       0x50 /usr/bin/../lib/gcc/arm-none-eabi/4.9.3/../../../../arm-none-eabi/lib/armv7-m/libc.a(lib_a-init.o)
                0x0000000000004128                __libc_init_array
 .text.memset   0x0000000000004178       0x9c /usr/bin/../lib/gcc/arm-none-eabi/4.9.3/../../../../arm-none-eabi/lib/armv7-m/libc.a(lib_a-memset.o)
                0x0000000000004178                memset
 .text.startup.register_fini
                0x0000000000004214       0x14 /usr/bin/../lib/gcc/arm-none-eabi/4.9.3/../../../../arm-none-eabi/lib/armv7-m/libc.a(lib_a-__call_atexit.o)
 .text.atexit   0x0000000000004228        0xc /usr/bin/../lib/gcc/arm-none-eabi/4.9.3/../../../../arm-none-eabi/lib/armv7-m/libc.a(lib_a-atexit.o)
                0x0000000000004228                atexit
 .text.__libc_fini_array
                0x0000000000004234       0x2c /usr/bin/../lib/gcc/arm-none-eabi/4.9.3/../../../../arm-none-eabi/lib/armv7-m/libc.a(lib_a-fini.o)
                0x0000000000004234                __libc_fini_array
 .text.__register_exitproc
                0x0000000000004260       0xa4 /usr/bin/../lib/gcc/arm-none-eabi/4.9.3/../../../../arm-none-eabi/lib/armv7-m/libc.a(lib_a-__atexit.o)
                0x0000000000004260                __register_exitproc
 .text.rssi_reset
                0x0000000000004304       0x34 bluetooth_rxtx.o
 .text.rssi_add
                0x0000000000004338       0x6c bluetooth_rxtx.o
 .text.rssi_iir_update
                0x00000000000043a4       0x98 bluetooth_rxtx.o
 .text.cs_threshold_set
                0x000000000000443c       0x8c bluetooth_rxtx.o
 .text.enqueue  0x00000000000044c8      0x194 bluetooth_rxtx.o
 .text.enqueue_legacy
                0x000000000000465c      0x128 bluetooth_rxtx.o
 .text.enqueue_freq
                0x0000000000004784      0x128 bluetooth_rxtx.o
 .text.enqueue_proposed
                0x00000000000048ac      0x128 bluetooth_rxtx.o
 .text.enqueue_with_ts
                0x00000000000049d4       0x7c bluetooth_rxtx.o
                0x00000000000049d4                enqueue_with_ts
 .text.cs_threshold_calc_and_set
                0x0000000000004a50       0x74 bluetooth_rxtx.o
 .text.cs_trigger_enable
                0x0000000000004ac4       0x3c bluetooth_rxtx.o
 .text.cs_trigger_disable
                0x0000000000004b00       0x3c bluetooth_rxtx.o
 .text.vendor_request_handler
                0x0000000000004b3c      0xb10 bluetooth_rxtx.o
 .text.clkn_init
                0x000000000000564c       0x50 bluetooth_rxtx.o
 .text.TIMER0_IRQHandler
                0x000000000000569c      0x11c bluetooth_rxtx.o
                0x000000000000569c                TIMER0_IRQHandler
 .text.EINT3_IRQHandler
                0x00000000000057b8       0x48 bluetooth_rxtx.o
                0x00000000000057b8                EINT3_IRQHandler
 .text.msleep   0x0000000000005800       0x80 bluetooth_rxtx.o
 .text.dma_init
                0x0000000000005880      0x180 bluetooth_rxtx.o
 .text.dma_init_le
                0x0000000000005a00      0x1a4 bluetooth_rxtx.o
 .text.bt_stream_dma_handler
                0x0000000000005ba4       0xdc bluetooth_rxtx.o
                0x0000000000005ba4                bt_stream_dma_handler
 .text.DMA_IRQHandler
                0x0000000000005c80       0x60 bluetooth_rxtx.o
                0x0000000000005c80                DMA_IRQHandler
 .text.dio_ssp_start
                0x0000000000005ce0       0x60 bluetooth_rxtx.o
 .text.dio_ssp_stop
                0x0000000000005d40       0xc8 bluetooth_rxtx.o
 .text.cc2400_idle
                0x0000000000005e08       0x50 bluetooth_rxtx.o
 .text.cc2400_rx
                0x0000000000005e58       0xbc bluetooth_rxtx.o
 .text.cc2400_rx_sync
                0x0000000000005f14       0xe4 bluetooth_rxtx.o
 .text.le_transmit
                0x0000000000005ff8      0x2f8 bluetooth_rxtx.o
                0x0000000000005ff8                le_transmit
 .text.le_jam   0x00000000000062f0       0x94 bluetooth_rxtx.o
                0x00000000000062f0                le_jam
 .text.hop      0x0000000000006384      0x128 bluetooth_rxtx.o
                0x0000000000006384                hop
 .text.cc2400_spi_rev
                0x00000000000064ac       0x88 bluetooth_rxtx.o
                0x00000000000064ac                cc2400_spi_rev
 .text.cc2400_get_rev
                0x0000000000006534       0x2c bluetooth_rxtx.o
                0x0000000000006534                cc2400_get_rev
 .text.add      0x0000000000006560       0x3c bluetooth_rxtx.o
                0x0000000000006560                add
 .text.bt_stream_proposed
                0x000000000000659c      0x234 bluetooth_rxtx.o
                0x000000000000659c                bt_stream_proposed
 .text.bt_stream_freq
                0x00000000000067d0      0x398 bluetooth_rxtx.o
                0x00000000000067d0                bt_stream_freq
 .text.bt_stream_legacy
                0x0000000000006b68      0x3bc bluetooth_rxtx.o
                0x0000000000006b68                bt_stream_legacy
 .text.bt_stream_rx
                0x0000000000006f24      0x3a4 bluetooth_rxtx.o
                0x0000000000006f24                bt_stream_rx
 .text.le_set_access_address
                0x00000000000072c8       0x34 bluetooth_rxtx.o
 .text.reset_le
                0x00000000000072fc       0x98 bluetooth_rxtx.o
                0x00000000000072fc                reset_le
 .text.reset_le_promisc
                0x0000000000007394       0x20 bluetooth_rxtx.o
                0x0000000000007394                reset_le_promisc
 .text.bt_generic_le
                0x00000000000073b4      0x2f8 bluetooth_rxtx.o
                0x00000000000073b4                bt_generic_le
 .text.bt_le_sync
                0x00000000000076ac      0x55c bluetooth_rxtx.o
                0x00000000000076ac                bt_le_sync
 .text.cb_follow_le
                0x0000000000007c08      0x1dc bluetooth_rxtx.o
                0x0000000000007c08                cb_follow_le
 .text.connection_follow_cb
                0x0000000000007de4      0x278 bluetooth_rxtx.o
                0x0000000000007de4                connection_follow_cb
 .text.bt_follow_le
                0x000000000000805c       0x28 bluetooth_rxtx.o
                0x000000000000805c                bt_follow_le
 .text.le_promisc_state
                0x0000000000008084       0x90 bluetooth_rxtx.o
                0x0000000000008084                le_promisc_state
 .text.promisc_recover_hop_increment
                0x0000000000008114      0x19c bluetooth_rxtx.o
                0x0000000000008114                promisc_recover_hop_increment
 .text.promisc_recover_hop_interval
                0x00000000000082b0      0x10c bluetooth_rxtx.o
                0x00000000000082b0                promisc_recover_hop_interval
 .text.promisc_follow_cb
                0x00000000000083bc       0xbc bluetooth_rxtx.o
                0x00000000000083bc                promisc_follow_cb
 .text.see_aa   0x0000000000008478       0xa8 bluetooth_rxtx.o
                0x0000000000008478                see_aa
 .text.cb_le_promisc
                0x0000000000008520      0x310 bluetooth_rxtx.o
                0x0000000000008520                cb_le_promisc
 .text.bt_promisc_le
                0x0000000000008830       0x88 bluetooth_rxtx.o
                0x0000000000008830                bt_promisc_le
 .text.bt_slave_le
                0x00000000000088b8       0xf8 bluetooth_rxtx.o
                0x00000000000088b8                bt_slave_le
 .text.specan   0x00000000000089b0      0x198 bluetooth_rxtx.o
                0x00000000000089b0                specan
 .text.led_specan
                0x0000000000008b48      0x19c bluetooth_rxtx.o
                0x0000000000008b48                led_specan
 .text.main     0x0000000000008ce4      0x158 bluetooth_rxtx.o
                0x0000000000008ce4                main
 .text.perm5    0x0000000000008e3c      0x1a4 bluetooth.o
                0x0000000000008e3c                perm5
 .text.next_hop
                0x0000000000008fe0      0x18c bluetooth.o
                0x0000000000008fe0                next_hop
 .text.btle_next_hop
                0x000000000000916c       0x50 bluetooth_le.o
                0x000000000000916c                btle_next_hop
 .text.btle_channel_index
                0x00000000000091bc       0x58 bluetooth_le.o
                0x00000000000091bc                btle_channel_index
 .text.btle_channel_index_to_phys
                0x0000000000009214       0x64 bluetooth_le.o
                0x0000000000009214                btle_channel_index_to_phys
 .text.btle_calc_crc
                0x0000000000009278       0x88 bluetooth_le.o
                0x0000000000009278                btle_calc_crc
 .text.btle_reverse_crc
                0x0000000000009300       0xc4 bluetooth_le.o
                0x0000000000009300                btle_reverse_crc
 .text.btle_crcgen_lut
                0x00000000000093c4       0x5c bluetooth_le.o
                0x00000000000093c4                btle_crcgen_lut
 .text.usb_vendor_request_handler
                0x0000000000009420       0x4c ubertooth_usb.o
                0x0000000000009420                usb_vendor_request_handler
 .text.ubertooth_usb_init
                0x000000000000946c       0x50 ubertooth_usb.o
                0x000000000000946c                ubertooth_usb_init
 .text.queue_init
                0x00000000000094bc       0x20 ubertooth_usb.o
                0x00000000000094bc                queue_init
 .text.usb_enqueue
                0x00000000000094dc       0x60 ubertooth_usb.o
                0x00000000000094dc                usb_enqueue
 .text.dequeue  0x000000000000953c       0x54 ubertooth_usb.o
                0x000000000000953c                dequeue
 .text.dequeue_send
                0x0000000000009590       0x6c ubertooth_usb.o
                0x0000000000009590                dequeue_send
 .text.handle_usb
                0x00000000000095fc       0x3c ubertooth_usb.o
                0x00000000000095fc                handle_usb
 .text.cc2400_rangetest
                0x0000000000009638      0x43c cc2400_rangetest.o
                0x0000000000009638                cc2400_rangetest
 .text.cc2400_repeater
                0x0000000000009a74      0x270 cc2400_rangetest.o
                0x0000000000009a74                cc2400_repeater
 .text.cc2400_txtest
                0x0000000000009ce4       0xa8 cc2400_rangetest.o
                0x0000000000009ce4                cc2400_txtest
 .text.ssp_start
                0x0000000000009d8c       0x34 ego.o
 .text.ssp_stop
                0x0000000000009dc0       0x28 ego.o
 .text.ego_init
                0x0000000000009de8       0x18 ego.o
 .text.ego_deinit
                0x0000000000009e00       0x1c ego.o
 .text.rf_on    0x0000000000009e1c       0xac ego.o
 .text.do_rx    0x0000000000009ec8       0x4c ego.o
                0x0000000000009ec8                do_rx
 .text.sync_received
                0x0000000000009f14       0x14 ego.o
 .text.sleep_ms
                0x0000000000009f28       0x44 ego.o
 .text.sleep_ms_anchor
                0x0000000000009f6c       0x2c ego.o
 .text.sleep_elapsed
                0x0000000000009f98       0x60 ego.o
 .text.nop_state
                0x0000000000009ff8       0x14 ego.o
                0x0000000000009ff8                nop_state
 .text.init_state
                0x000000000000a00c       0x34 ego.o
                0x000000000000a00c                init_state
 .text.start_rf_state
                0x000000000000a040       0x18 ego.o
                0x000000000000a040                start_rf_state
 .text.cap_state
                0x000000000000a058       0xe8 ego.o
                0x000000000000a058                cap_state
 .text.sleep_state
                0x000000000000a140       0x64 ego.o
                0x000000000000a140                sleep_state
 .text.continuous_init_state
                0x000000000000a1a4       0x18 ego.o
                0x000000000000a1a4                continuous_init_state
 .text.continuous_cap_state
                0x000000000000a1bc       0xd4 ego.o
                0x000000000000a1bc                continuous_cap_state
 .text.jam_cap_state
                0x000000000000a290       0x80 ego.o
                0x000000000000a290                jam_cap_state
 .text.start_jamming_state
                0x000000000000a310       0xc4 ego.o
                0x000000000000a310                start_jamming_state
 .text.jamming_state
                0x000000000000a3d4       0x7c ego.o
                0x000000000000a3d4                jamming_state
 .text.jam_sleep_state
                0x000000000000a450       0x30 ego.o
                0x000000000000a450                jam_sleep_state
 .text.ego_main
                0x000000000000a480       0xe4 ego.o
                0x000000000000a480                ego_main
 .text.USB_IRQHandler
                0x000000000000a564        0xc ../common/usb_serial.o
                0x000000000000a564                USB_IRQHandler
 .text.Reset_Handler
                0x000000000000a570       0x6c ../common/LPC17xx_Startup.o
                0x000000000000a570                Reset_Handler
 .text.Default_Handler
                0x000000000000a5dc        0x8 ../common/LPC17xx_Interrupts.o
                0x000000000000a5dc                TIMER2_IRQHandler
                0x000000000000a5dc                DebugMon_Handler
                0x000000000000a5dc                RIT_IRQHandler
                0x000000000000a5dc                I2C0_IRQHandler
                0x000000000000a5dc                HardFault_Handler
                0x000000000000a5dc                SysTick_Handler
                0x000000000000a5dc                PWM1_IRQHandler
                0x000000000000a5dc                PendSV_Handler
                0x000000000000a5dc                NMI_Handler
                0x000000000000a5dc                I2C1_IRQHandler
                0x000000000000a5dc                EINT2_IRQHandler
                0x000000000000a5dc                UART1_IRQHandler
                0x000000000000a5dc                TIMER3_IRQHandler
                0x000000000000a5dc                UART0_IRQHandler
                0x000000000000a5dc                MemManagement_Handler
                0x000000000000a5dc                UsageFault_Handler
                0x000000000000a5dc                PLL0_IRQHandler
                0x000000000000a5dc                CAN_IRQHandler
                0x000000000000a5dc                PLL1_IRQHandler
                0x000000000000a5dc                SSP0_IRQHandler
                0x000000000000a5dc                I2S_IRQHandler
                0x000000000000a5dc                I2C2_IRQHandler
                0x000000000000a5dc                RTC_IRQHandler
                0x000000000000a5dc                SPI_IRQHandler
                0x000000000000a5dc                EINT1_IRQHandler
                0x000000000000a5dc                TIMER1_IRQHandler
                0x000000000000a5dc                UART2_IRQHandler
                0x000000000000a5dc                ADC_IRQHandler
                0x000000000000a5dc                SSP1_IRQHandler
                0x000000000000a5dc                BOD_IRQHandler
                0x000000000000a5dc                WDT_IRQHandler
                0x000000000000a5dc                SVC_Handler
                0x000000000000a5dc                QEI_IRQHandler
                0x000000000000a5dc                EINT0_IRQHandler
                0x000000000000a5dc                USBACT_IRQHandler
                0x000000000000a5dc                CANACT_IRQHandler
                0x000000000000a5dc                BusFault_Handler
                0x000000000000a5dc                UART3_IRQHandler
                0x000000000000a5dc                MCPWM_IRQHandler
                0x000000000000a5dc                ENET_IRQHandler
 .text.wait     0x000000000000a5e4       0x24 ../common/ubertooth.o
                0x000000000000a5e4                wait
 .text.rbit     0x000000000000a608       0x24 ../common/ubertooth.o
                0x000000000000a608                rbit
 .text.wait_us  0x000000000000a62c       0x4c ../common/ubertooth.o
                0x000000000000a62c                wait_us
 .text.gpio_init
                0x000000000000a678       0x74 ../common/ubertooth.o
                0x000000000000a678                gpio_init
 .text.all_pins_off
                0x000000000000a6ec      0x108 ../common/ubertooth.o
                0x000000000000a6ec                all_pins_off
 .text.ubertooth_init
                0x000000000000a7f4       0x14 ../common/ubertooth.o
                0x000000000000a7f4                ubertooth_init
 .text.dio_ssp_init
                0x000000000000a808       0x70 ../common/ubertooth.o
                0x000000000000a808                dio_ssp_init
 .text.atest_init
                0x000000000000a878       0x48 ../common/ubertooth.o
                0x000000000000a878                atest_init
 .text.cc2400_init
                0x000000000000a8c0       0x38 ../common/ubertooth.o
                0x000000000000a8c0                cc2400_init
 .text.cc2400_spi
                0x000000000000a8f8       0x88 ../common/ubertooth.o
                0x000000000000a8f8                cc2400_spi
 .text.cc2400_get
                0x000000000000a980       0x2c ../common/ubertooth.o
                0x000000000000a980                cc2400_get
 .text.cc2400_set
                0x000000000000a9ac       0x28 ../common/ubertooth.o
                0x000000000000a9ac                cc2400_set
 .text.cc2400_get8
                0x000000000000a9d4       0x34 ../common/ubertooth.o
                0x000000000000a9d4                cc2400_get8
 .text.cc2400_set8
                0x000000000000aa08       0x28 ../common/ubertooth.o
                0x000000000000aa08                cc2400_set8
 .text.cc2400_spi_buf
                0x000000000000aa30       0xec ../common/ubertooth.o
                0x000000000000aa30                cc2400_spi_buf
 .text.cc2400_status
                0x000000000000ab1c       0x14 ../common/ubertooth.o
                0x000000000000ab1c                cc2400_status
 .text.cc2400_strobe
                0x000000000000ab30       0x20 ../common/ubertooth.o
                0x000000000000ab30                cc2400_strobe
 .text.cc2400_reset
                0x000000000000ab50       0x38 ../common/ubertooth.o
                0x000000000000ab50                cc2400_reset
 .text.clock_start
                0x000000000000ab88      0x1bc ../common/ubertooth.o
                0x000000000000ab88                clock_start
 .text.reset    0x000000000000ad44       0x3c ../common/ubertooth.o
                0x000000000000ad44                reset
 .text._HandleRequest
                0x000000000000ad80       0x6c ../common/lpcusb/target/usbcontrol.o
 .text.StallControlPipe
                0x000000000000adec       0x34 ../common/lpcusb/target/usbcontrol.o
 .text.DataIn   0x000000000000ae20       0x48 ../common/lpcusb/target/usbcontrol.o
 .text.USBHandleControlTransfer
                0x000000000000ae68      0x160 ../common/lpcusb/target/usbcontrol.o
                0x000000000000ae68                USBHandleControlTransfer
 .text.USBRegisterRequestHandler
                0x000000000000afc8       0x34 ../common/lpcusb/target/usbcontrol.o
                0x000000000000afc8                USBRegisterRequestHandler
 .text.HandleUsbReset
                0x000000000000affc       0x14 ../common/lpcusb/target/usbinit.o
 .text.USBInit  0x000000000000b010       0x50 ../common/lpcusb/target/usbinit.o
                0x000000000000b010                USBInit
 .text.Wait4DevInt
                0x000000000000b060       0x30 ../common/lpcusb/target/usbhw_lpc.o
 .text.USBHwCmd
                0x000000000000b090       0x30 ../common/lpcusb/target/usbhw_lpc.o
 .text.USBHwCmdWrite
                0x000000000000b0c0       0x34 ../common/lpcusb/target/usbhw_lpc.o
 .text.USBHwCmdRead
                0x000000000000b0f4       0x3c ../common/lpcusb/target/usbhw_lpc.o
 .text.USBHwEPRealize
                0x000000000000b130       0x44 ../common/lpcusb/target/usbhw_lpc.o
 .text.USBHwEPEnable
                0x000000000000b174       0x30 ../common/lpcusb/target/usbhw_lpc.o
 .text.USBHwEPConfig
                0x000000000000b1a4       0x3c ../common/lpcusb/target/usbhw_lpc.o
                0x000000000000b1a4                USBHwEPConfig
 .text.USBHwRegisterEPIntHandler
                0x000000000000b1e0       0x64 ../common/lpcusb/target/usbhw_lpc.o
                0x000000000000b1e0                USBHwRegisterEPIntHandler
 .text.USBHwRegisterDevIntHandler
                0x000000000000b244       0x2c ../common/lpcusb/target/usbhw_lpc.o
                0x000000000000b244                USBHwRegisterDevIntHandler
 .text.USBHwSetAddress
                0x000000000000b270       0x24 ../common/lpcusb/target/usbhw_lpc.o
                0x000000000000b270                USBHwSetAddress
 .text.USBHwConnect
                0x000000000000b294       0x24 ../common/lpcusb/target/usbhw_lpc.o
                0x000000000000b294                USBHwConnect
 .text.USBHwNakIntEnable
                0x000000000000b2b8       0x1c ../common/lpcusb/target/usbhw_lpc.o
                0x000000000000b2b8                USBHwNakIntEnable
 .text.USBHwEPGetStatus
                0x000000000000b2d4       0x30 ../common/lpcusb/target/usbhw_lpc.o
                0x000000000000b2d4                USBHwEPGetStatus
 .text.USBHwEPStall
                0x000000000000b304       0x48 ../common/lpcusb/target/usbhw_lpc.o
                0x000000000000b304                USBHwEPStall
 .text.USBHwEPWrite
                0x000000000000b34c       0x9c ../common/lpcusb/target/usbhw_lpc.o
                0x000000000000b34c                USBHwEPWrite
 .text.USBHwEPRead
                0x000000000000b3e8       0xcc ../common/lpcusb/target/usbhw_lpc.o
                0x000000000000b3e8                USBHwEPRead
 .text.USBHwConfigDevice
                0x000000000000b4b4       0x24 ../common/lpcusb/target/usbhw_lpc.o
                0x000000000000b4b4                USBHwConfigDevice
 .text.USBHwISR
                0x000000000000b4d8      0x194 ../common/lpcusb/target/usbhw_lpc.o
                0x000000000000b4d8                USBHwISR
 .text.USBHwInit
                0x000000000000b66c       0xec ../common/lpcusb/target/usbhw_lpc.o
                0x000000000000b66c                USBHwInit
 .text.USBFilterOsVendorMessage
                0x000000000000b758       0xd0 ../common/lpcusb/target/usbstdreq.o
                0x000000000000b758                USBFilterOsVendorMessage
 .text.USBRegisterWinusbInterface
                0x000000000000b828       0x78 ../common/lpcusb/target/usbstdreq.o
                0x000000000000b828                USBRegisterWinusbInterface
 .text.USBGetOsStringDescriptor
                0x000000000000b8a0       0x34 ../common/lpcusb/target/usbstdreq.o
                0x000000000000b8a0                USBGetOsStringDescriptor
 .text.USBRegisterDescriptors
                0x000000000000b8d4       0x1c ../common/lpcusb/target/usbstdreq.o
                0x000000000000b8d4                USBRegisterDescriptors
 .text.USBGetDescriptor
                0x000000000000b8f0       0xb8 ../common/lpcusb/target/usbstdreq.o
                0x000000000000b8f0                USBGetDescriptor
 .text.USBSetConfiguration
                0x000000000000b9a8       0xb8 ../common/lpcusb/target/usbstdreq.o
 .text.HandleStdDeviceReq
                0x000000000000ba60       0xd4 ../common/lpcusb/target/usbstdreq.o
 .text.HandleStdInterfaceReq
                0x000000000000bb34       0xa0 ../common/lpcusb/target/usbstdreq.o
 .text.HandleStdEndPointReq
                0x000000000000bbd4       0xd0 ../common/lpcusb/target/usbstdreq.o
 .text.USBHandleStandardRequest
                0x000000000000bca4       0x78 ../common/lpcusb/target/usbstdreq.o
                0x000000000000bca4                USBHandleStandardRequest
 .text          0x000000000000bd1c      0x370 /usr/bin/../lib/gcc/arm-none-eabi/4.9.3/armv7-m/libgcc.a(_arm_addsubdf3.o)
                0x000000000000bd1c                __aeabi_drsub
                0x000000000000bd24                __aeabi_dsub
                0x000000000000bd24                __subdf3
                0x000000000000bd28                __adddf3
                0x000000000000bd28                __aeabi_dadd
                0x000000000000bfa0                __aeabi_ui2d
                0x000000000000bfa0                __floatunsidf
                0x000000000000bfc0                __floatsidf
                0x000000000000bfc0                __aeabi_i2d
                0x000000000000bfe4                __extendsfdf2
                0x000000000000bfe4                __aeabi_f2d
                0x000000000000c020                __aeabi_ul2d
                0x000000000000c020                __floatundidf
                0x000000000000c030                __floatdidf
                0x000000000000c030                __aeabi_l2d
 .text          0x000000000000c08c      0x424 /usr/bin/../lib/gcc/arm-none-eabi/4.9.3/armv7-m/libgcc.a(_arm_muldivdf3.o)
                0x000000000000c08c                __aeabi_dmul
                0x000000000000c08c                __muldf3
                0x000000000000c2e0                __aeabi_ddiv
                0x000000000000c2e0                __divdf3
 .text          0x000000000000c4b0       0x40 /usr/bin/../lib/gcc/arm-none-eabi/4.9.3/armv7-m/libgcc.a(_arm_fixunsdfsi.o)
                0x000000000000c4b0                __fixunsdfsi
                0x000000000000c4b0                __aeabi_d2uiz
 .text.memcmp   0x000000000000c4f0       0x64 /usr/bin/../lib/gcc/arm-none-eabi/4.9.3/../../../../arm-none-eabi/lib/armv7-m/libc.a(lib_a-memcmp.o)
                0x000000000000c4f0                memcmp
 .text          0x000000000000c554       0xec /usr/bin/../lib/gcc/arm-none-eabi/4.9.3/../../../../arm-none-eabi/lib/armv7-m/libc.a(lib_a-memcpy.o)
                0x000000000000c554                memcpy
 .text.strlen   0x000000000000c640       0x5c /usr/bin/../lib/gcc/arm-none-eabi/4.9.3/../../../../arm-none-eabi/lib/armv7-m/libc.a(lib_a-strlen.o)
                0x000000000000c640                strlen
 *(.rodata .rodata.* .gnu.linkonce.r.*)
 .rodata.str1.4
                0x000000000000c69c        0x4 /usr/bin/../lib/gcc/arm-none-eabi/4.9.3/../../../../arm-none-eabi/lib/armv7-m/libc.a(lib_a-impure.o)
                                          0x2 (size before relaxing)
 .rodata._global_impure_ptr
                0x000000000000c6a0        0x4 /usr/bin/../lib/gcc/arm-none-eabi/4.9.3/../../../../arm-none-eabi/lib/armv7-m/libc.a(lib_a-impure.o)
                0x000000000000c6a0                _global_impure_ptr
 .rodata        0x000000000000c6a4      0x906 bluetooth_rxtx.o
                0x000000000000cf34                compile_info
 *fill*         0x000000000000cfaa        0x2 
 .rodata        0x000000000000cfac       0x1e bluetooth.o
 *fill*         0x000000000000cfca        0x2 
 .rodata        0x000000000000cfcc       0xeb ubertooth_usb.o
                0x000000000000cfcc                abDescriptors
 *fill*         0x000000000000d0b7        0x1 
 .rodata        0x000000000000d0b8       0x4c ego.o
 .rodata        0x000000000000d104       0x28 ../common/lpcusb/target/usbstdreq.o
 *(.eh_frame_hdr)
 *(.eh_frame)
 .eh_frame      0x000000000000d12c        0x0 /usr/bin/../lib/gcc/arm-none-eabi/4.9.3/armv7-m/crtbegin.o
                0x000000000000d12c                . = ALIGN (0x4)
 *(.init)
 .init          0x000000000000d12c        0x4 /usr/bin/../lib/gcc/arm-none-eabi/4.9.3/armv7-m/crti.o
                0x000000000000d12c                _init
 .init          0x000000000000d130        0x8 /usr/bin/../lib/gcc/arm-none-eabi/4.9.3/armv7-m/crtn.o
                0x000000000000d138                . = ALIGN (0x4)
                0x000000000000d138                __preinit_array_start = .
 *(.preinit_array)
                0x000000000000d138                __preinit_array_end = .
                0x000000000000d138                . = ALIGN (0x4)
                0x000000000000d138                __init_array_start = .
 *(SORT(.init_array.*))
 .init_array.00000
                0x000000000000d138        0x4 /usr/bin/../lib/gcc/arm-none-eabi/4.9.3/../../../../arm-none-eabi/lib/armv7-m/libc.a(lib_a-__call_atexit.o)
 *(.init_array)
 .init_array    0x000000000000d13c        0x4 /usr/bin/../lib/gcc/arm-none-eabi/4.9.3/armv7-m/crtbegin.o
                0x000000000000d140                __init_array_end = .
                0x000000000000d140                . = ALIGN (0x4)
 *crtbegin.o(.ctors)
 *(EXCLUDE_FILE(*crtend.o) .ctors)
 *(SORT(.ctors.*))
 *crtend.o(.ctors)
                0x000000000000d140                . = ALIGN (0x4)
 *(.fini)
 .fini          0x000000000000d140        0x4 /usr/bin/../lib/gcc/arm-none-eabi/4.9.3/armv7-m/crti.o
                0x000000000000d140                _fini
 .fini          0x000000000000d144        0x8 /usr/bin/../lib/gcc/arm-none-eabi/4.9.3/armv7-m/crtn.o
                0x000000000000d14c                . = ALIGN (0x4)
                0x000000000000d14c                __fini_array_start = .
 *(.fini_array)
 .fini_array    0x000000000000d14c        0x4 /usr/bin/../lib/gcc/arm-none-eabi/4.9.3/armv7-m/crtbegin.o
 *(SORT(.fini_array.*))
                0x000000000000d150                __fini_array_end = .
 *crtbegin.o(.dtors)
 *(EXCLUDE_FILE(*crtend.o) .dtors)
 *(SORT(.dtors.*))
 *crtend.o(.dtors)
                0x000000000000d150                . = ALIGN (0x8)
                0x000000000000d150                _etext = .

.glue_7         0x000000000000d150        0x0
 .glue_7        0x0000000000000000        0x0 linker stubs

.glue_7t        0x000000000000d150        0x0
 .glue_7t       0x0000000000000000        0x0 linker stubs

.vfp11_veneer   0x000000000000d150        0x0
 .vfp11_veneer  0x0000000000000000        0x0 linker stubs

.v4_bx          0x000000000000d150        0x0
 .v4_bx         0x0000000000000000        0x0 linker stubs

.iplt           0x000000000000d150        0x0
 .iplt          0x0000000000000000        0x0 /usr/bin/../lib/gcc/arm-none-eabi/4.9.3/armv7-m/crtbegin.o

.rel.dyn        0x000000000000d150        0x0
 .rel.iplt      0x0000000000000000        0x0 /usr/bin/../lib/gcc/arm-none-eabi/4.9.3/armv7-m/crtbegin.o

.ARM.extab
 *(.ARM.extab* .gnu.linkonce.armextab.*)
                0x000000000000d150                __exidx_start = .

.ARM.exidx
 *(.ARM.exidx* .gnu.linkonce.armexidx.*)
                0x000000000000d150                __exidx_end = .
                0x000000000000d150                _etext = .

.persistent     0x0000000010000000       0x20
                0x0000000010000000                _persistent_start = .
                0x0000000010000020                . = (. + 0x20)
 *fill*         0x0000000010000000       0x20 
                0x0000000010000020                _persistent_end = .
                0x000000001000001c                bootloader_ctrl = (_persistent_start + 0x1c)

.data           0x0000000010000020      0x93e load address 0x000000000000d150
                0x0000000010000020                _data = .
 *(vtable)
 *(.data*)
 .data.impure_data
                0x0000000010000020      0x428 /usr/bin/../lib/gcc/arm-none-eabi/4.9.3/../../../../arm-none-eabi/lib/armv7-m/libc.a(lib_a-impure.o)
 .data          0x0000000010000448       0x5b bluetooth_rxtx.o
                0x000000001000044c                cs_threshold_req
                0x000000001000044d                cs_threshold_cur
                0x0000000010000450                active_rxbuf
                0x0000000010000454                idle_rxbuf
                0x0000000010000458                le
                0x000000001000049c                channel
                0x000000001000049e                low_freq
                0x00000000100004a0                high_freq
                0x00000000100004a2                rssi_threshold
 *fill*         0x00000000100004a3        0x1 
 .data          0x00000000100004a4      0x404 bluetooth_le.o
                0x00000000100004a8                btle_crc_lut
 .data          0x00000000100008a8        0x4 cc2400_rangetest.o
 .data          0x00000000100008ac        0xc ego.o
                0x00000000100008b0                channels
 .data          0x00000000100008b8       0xa6 ../common/lpcusb/target/usbstdreq.o
                0x000000001000095e                _edata = .

.jcr            0x0000000010000960        0x0 load address 0x000000000000da8e
 .jcr           0x0000000010000960        0x0 /usr/bin/../lib/gcc/arm-none-eabi/4.9.3/armv7-m/crtbegin.o

.igot.plt       0x0000000010000960        0x0 load address 0x000000000000da8e
 .igot.plt      0x0000000000000000        0x0 /usr/bin/../lib/gcc/arm-none-eabi/4.9.3/armv7-m/crtbegin.o

.bss            0x0000000010000960     0x2930 load address 0x000000000000da8e
                0x0000000010000960                _bss = .
                0x0000000010000960                __bss_start__ = .
 *(.bss*)
 .bss           0x0000000010000960       0x1c /usr/bin/../lib/gcc/arm-none-eabi/4.9.3/armv7-m/crtbegin.o
 .bss           0x000000001000097c       0xe0 bluetooth_rxtx.o
                0x000000001000097c                hop_mode
                0x000000001000097d                do_hop
                0x000000001000097e                cs_no_squelch
                0x0000000010000980                hop_direct_channel
                0x0000000010000984                clock_trim
                0x0000000010000988                idle_buf_channel
                0x000000001000098a                active_buf_channel
                0x000000001000098c                slave_mac_address
                0x0000000010000994                le_jam_count
                0x0000000010000998                data_cb
                0x000000001000099c                packet_cb
                0x00000000100009a0                rssi_iir
                0x0000000010000a3e                mode
                0x0000000010000a3f                requested_mode
                0x0000000010000a40                jam_mode
                0x0000000010000a41                ego_mode
                0x0000000010000a42                modulation
                0x0000000010000a44                requested_channel
                0x0000000010000a46                saved_request
                0x0000000010000a48                status
                0x0000000010000a49                rssi_count
                0x0000000010000a4c                rssi_sum
 .bss           0x0000000010000a5c        0xc ubertooth_usb.o
                0x0000000010000a5c                head
                0x0000000010000a60                tail
                0x0000000010000a64                last_usb_pkt
 .bss           0x0000000010000a68        0x4 ../common/ubertooth.o
 .bss           0x0000000010000a6c       0x34 ../common/lpcusb/target/usbcontrol.o
 .bss           0x0000000010000aa0        0x8 ../common/lpcusb/target/usbinit.o
 .bss           0x0000000010000aa8       0x48 ../common/lpcusb/target/usbhw_lpc.o
 .bss           0x0000000010000af0        0xd ../common/lpcusb/target/usbstdreq.o
 *(COMMON)
 *fill*         0x0000000010000afd        0x3 
 COMMON         0x0000000010000b00      0x5e0 bluetooth_rxtx.o
                0x0000000010000b00                clkn_freq
                0x0000000010000b04                rx_tc
                0x0000000010000b08                clkn_proposed
                0x0000000010000b0c                rssi_max
                0x0000000010000b10                le_dma_lli
                0x0000000010000bc0                rssi_min
                0x0000000010000bc4                afh_map
                0x0000000010000bd0                idle_buf_clk100ns
                0x0000000010000bd4                rx_dma_lli2
                0x0000000010000be4                cs_timestamp
                0x0000000010000be8                keepalive_trigger
                0x0000000010000bec                clkn
                0x0000000010000bf0                device_index
                0x0000000010000bf1                freq_avg
                0x0000000010000bf4                active_buf_clkn_high
                0x0000000010000bf8                le_promisc
                0x0000000010000d00                first_ts
                0x0000000010000d08                syncword
                0x0000000010000d10                unpacked
                0x0000000010001030                active_buf_clk100ns
                0x0000000010001034                clkn_legacy
                0x0000000010001038                afh_enabled
                0x0000000010001039                rssi_avg
                0x000000001000103c                idle_buf_clkn_high
                0x0000000010001040                rxbuf2
                0x0000000010001074                diff_ts
                0x0000000010001078                rx_dma_lli1
                0x0000000010001088                second_ts
                0x000000001000108c                rr
                0x0000000010001094                rxbuf1
                0x00000000100010c8                rx_err
                0x00000000100010cc                cs_trigger
                0x00000000100010d0                target
 COMMON         0x00000000100010e0       0xa8 bluetooth.o
                0x00000000100010e0                b
                0x00000000100010e1                used_channels
                0x00000000100010e2                d1
                0x00000000100010e4                afh_bank
                0x0000000010001133                a1
                0x0000000010001134                c1
                0x0000000010001138                bank
                0x0000000010001187                e
 COMMON         0x0000000010001188     0x2108 ubertooth_usb.o
                0x0000000010001188                fifo
                0x0000000010003188                abVendorReqData
                0x000000001000328c                v_req_handler
                0x0000000010003290                _ebss = .
                0x0000000010003290                __bss_end__ = .

.cr_heap        0x0000000010003290        0x0 load address 0x000000000000da8e
                0x0000000010003290                end = .
                0x0000000010003290                __end__ = .
                0x0000000010003290                _pvHeapStart = .
                0x0000000010003fe0                _StackTop = ((ORIGIN (ram) + 0x4000) - 0x20)
OUTPUT(bluetooth_rxtx.elf elf32-littlearm)

.ARM.attributes
                0x0000000000000000       0x29
 .ARM.attributes
                0x0000000000000000       0x1d /usr/bin/../lib/gcc/arm-none-eabi/4.9.3/armv7-m/crti.o
 .ARM.attributes
                0x000000000000001d       0x2d /usr/bin/../lib/gcc/arm-none-eabi/4.9.3/armv7-m/crtbegin.o
 .ARM.attributes
                0x000000000000004a       0x2d /usr/bin/../lib/gcc/arm-none-eabi/4.9.3/../../../../arm-none-eabi/lib/armv7-m/libc.a(lib_a-impure.o)
 .ARM.attributes
                0x0000000000000077       0x2d /usr/bin/../lib/gcc/arm-none-eabi/4.9.3/../../../../arm-none-eabi/lib/armv7-m/libc.a(lib_a-init.o)
 .ARM.attributes
                0x00000000000000a4       0x2d /usr/bin/../lib/gcc/arm-none-eabi/4.9.3/../../../../arm-none-eabi/lib/armv7-m/libc.a(lib_a-memset.o)
 .ARM.attributes
                0x00000000000000d1       0x2d /usr/bin/../lib/gcc/arm-none-eabi/4.9.3/../../../../arm-none-eabi/lib/armv7-m/libc.a(lib_a-__call_atexit.o)
 .ARM.attributes
                0x00000000000000fe       0x2d /usr/bin/../lib/gcc/arm-none-eabi/4.9.3/../../../../arm-none-eabi/lib/armv7-m/libc.a(lib_a-atexit.o)
 .ARM.attributes
                0x000000000000012b       0x2d /usr/bin/../lib/gcc/arm-none-eabi/4.9.3/../../../../arm-none-eabi/lib/armv7-m/libc.a(lib_a-fini.o)
 .ARM.attributes
                0x0000000000000158       0x2d /usr/bin/../lib/gcc/arm-none-eabi/4.9.3/../../../../arm-none-eabi/lib/armv7-m/libc.a(lib_a-__atexit.o)
 .ARM.attributes
                0x0000000000000185       0x33 bluetooth_rxtx.o
 .ARM.attributes
                0x00000000000001b8       0x33 bluetooth.o
 .ARM.attributes
                0x00000000000001eb       0x33 bluetooth_le.o
 .ARM.attributes
                0x000000000000021e       0x33 ubertooth_usb.o
 .ARM.attributes
                0x0000000000000251       0x33 cc2400_rangetest.o
 .ARM.attributes
                0x0000000000000284       0x33 ego.o
 .ARM.attributes
                0x00000000000002b7       0x33 ../common/usb_serial.o
 .ARM.attributes
                0x00000000000002ea       0x33 ../common/LPC17xx_Startup.o
 .ARM.attributes
                0x000000000000031d       0x33 ../common/LPC17xx_Interrupts.o
 .ARM.attributes
                0x0000000000000350       0x33 ../common/ubertooth.o
 .ARM.attributes
                0x0000000000000383       0x33 ../common/lpcusb/target/usbcontrol.o
 .ARM.attributes
                0x00000000000003b6       0x33 ../common/lpcusb/target/usbinit.o
 .ARM.attributes
                0x00000000000003e9       0x33 ../common/lpcusb/target/usbhw_lpc.o
 .ARM.attributes
                0x000000000000041c       0x33 ../common/lpcusb/target/usbstdreq.o
 .ARM.attributes
                0x000000000000044f       0x1d /usr/bin/../lib/gcc/arm-none-eabi/4.9.3/armv7-m/libgcc.a(_arm_addsubdf3.o)
 .ARM.attributes
                0x000000000000046c       0x1d /usr/bin/../lib/gcc/arm-none-eabi/4.9.3/armv7-m/libgcc.a(_arm_muldivdf3.o)
 .ARM.attributes
                0x0000000000000489       0x1d /usr/bin/../lib/gcc/arm-none-eabi/4.9.3/armv7-m/libgcc.a(_arm_fixunsdfsi.o)
 .ARM.attributes
                0x00000000000004a6       0x2d /usr/bin/../lib/gcc/arm-none-eabi/4.9.3/../../../../arm-none-eabi/lib/armv7-m/libc.a(lib_a-memcmp.o)
 .ARM.attributes
                0x00000000000004d3       0x1b /usr/bin/../lib/gcc/arm-none-eabi/4.9.3/../../../../arm-none-eabi/lib/armv7-m/libc.a(lib_a-memcpy.o)
 .ARM.attributes
                0x00000000000004ee       0x2d /usr/bin/../lib/gcc/arm-none-eabi/4.9.3/../../../../arm-none-eabi/lib/armv7-m/libc.a(lib_a-strlen.o)
 .ARM.attributes
                0x000000000000051b       0x1d /usr/bin/../lib/gcc/arm-none-eabi/4.9.3/armv7-m/crtn.o

.comment        0x0000000000000000       0x70
 .comment       0x0000000000000000       0x70 bluetooth_rxtx.o
                                         0x71 (size before relaxing)
 .comment       0x0000000000000000       0x71 bluetooth.o
 .comment       0x0000000000000000       0x71 bluetooth_le.o
 .comment       0x0000000000000000       0x71 ubertooth_usb.o
 .comment       0x0000000000000000       0x71 cc2400_rangetest.o
 .comment       0x0000000000000000       0x71 ego.o
 .comment       0x0000000000000000       0x71 ../common/usb_serial.o
 .comment       0x0000000000000000       0x71 ../common/LPC17xx_Startup.o
 .comment       0x0000000000000000       0x71 ../common/LPC17xx_Interrupts.o
 .comment       0x0000000000000000       0x71 ../common/ubertooth.o
 .comment       0x0000000000000000       0x71 ../common/lpcusb/target/usbcontrol.o
 .comment       0x0000000000000000       0x71 ../common/lpcusb/target/usbinit.o
 .comment       0x0000000000000000       0x71 ../common/lpcusb/target/usbhw_lpc.o
 .comment       0x0000000000000000       0x71 ../common/lpcusb/target/usbstdreq.o

.debug_frame    0x0000000000000000     0x1dc4
 .debug_frame   0x0000000000000000       0x2c /usr/bin/../lib/gcc/arm-none-eabi/4.9.3/../../../../arm-none-eabi/lib/armv7-m/libc.a(lib_a-init.o)
 .debug_frame   0x000000000000002c       0x34 /usr/bin/../lib/gcc/arm-none-eabi/4.9.3/../../../../arm-none-eabi/lib/armv7-m/libc.a(lib_a-memset.o)
 .debug_frame   0x0000000000000060       0x50 /usr/bin/../lib/gcc/arm-none-eabi/4.9.3/../../../../arm-none-eabi/lib/armv7-m/libc.a(lib_a-__call_atexit.o)
 .debug_frame   0x00000000000000b0       0x20 /usr/bin/../lib/gcc/arm-none-eabi/4.9.3/../../../../arm-none-eabi/lib/armv7-m/libc.a(lib_a-atexit.o)
 .debug_frame   0x00000000000000d0       0x34 /usr/bin/../lib/gcc/arm-none-eabi/4.9.3/../../../../arm-none-eabi/lib/armv7-m/libc.a(lib_a-fini.o)
 .debug_frame   0x0000000000000104       0x34 /usr/bin/../lib/gcc/arm-none-eabi/4.9.3/../../../../arm-none-eabi/lib/armv7-m/libc.a(lib_a-__atexit.o)
 .debug_frame   0x0000000000000138      0x850 bluetooth_rxtx.o
 .debug_frame   0x0000000000000988       0xe4 bluetooth.o
 .debug_frame   0x0000000000000a6c      0x100 bluetooth_le.o
 .debug_frame   0x0000000000000b6c      0x124 ubertooth_usb.o
 .debug_frame   0x0000000000000c90       0x9c cc2400_rangetest.o
 .debug_frame   0x0000000000000d2c      0x350 ego.o
 .debug_frame   0x000000000000107c      0x1a4 ../common/usb_serial.o
 .debug_frame   0x0000000000001220       0x30 ../common/LPC17xx_Startup.o
 .debug_frame   0x0000000000001250       0x2c ../common/LPC17xx_Interrupts.o
 .debug_frame   0x000000000000127c      0x398 ../common/ubertooth.o
 .debug_frame   0x0000000000001614       0xd8 ../common/lpcusb/target/usbcontrol.o
 .debug_frame   0x00000000000016ec       0x54 ../common/lpcusb/target/usbinit.o
 .debug_frame   0x0000000000001740      0x464 ../common/lpcusb/target/usbhw_lpc.o
 .debug_frame   0x0000000000001ba4      0x1c8 ../common/lpcusb/target/usbstdreq.o
 .debug_frame   0x0000000000001d6c       0x38 /usr/bin/../lib/gcc/arm-none-eabi/4.9.3/../../../../arm-none-eabi/lib/armv7-m/libc.a(lib_a-memcmp.o)
 .debug_frame   0x0000000000001da4       0x20 /usr/bin/../lib/gcc/arm-none-eabi/4.9.3/../../../../arm-none-eabi/lib/armv7-m/libc.a(lib_a-strlen.o)

.debug_info     0x0000000000000000     0x54e5
 .debug_info    0x0000000000000000     0x1fea bluetooth_rxtx.o
 .debug_info    0x0000000000001fea      0x449 bluetooth.o
 .debug_info    0x0000000000002433      0x5e9 bluetooth_le.o
 .debug_info    0x0000000000002a1c      0x4e3 ubertooth_usb.o
 .debug_info    0x0000000000002eff      0x2ec cc2400_rangetest.o
 .debug_info    0x00000000000031eb      0x68b ego.o
 .debug_info    0x0000000000003876      0x497 ../common/usb_serial.o
 .debug_info    0x0000000000003d0d       0xf1 ../common/LPC17xx_Startup.o
 .debug_info    0x0000000000003dfe       0x7d ../common/LPC17xx_Interrupts.o
 .debug_info    0x0000000000003e7b      0x4dd ../common/ubertooth.o
 .debug_info    0x0000000000004358      0x2e8 ../common/lpcusb/target/usbcontrol.o
 .debug_info    0x0000000000004640       0xb8 ../common/lpcusb/target/usbinit.o
 .debug_info    0x00000000000046f8      0x840 ../common/lpcusb/target/usbhw_lpc.o
 .debug_info    0x0000000000004f38      0x5ad ../common/lpcusb/target/usbstdreq.o

.debug_abbrev   0x0000000000000000     0x152c
 .debug_abbrev  0x0000000000000000      0x421 bluetooth_rxtx.o
 .debug_abbrev  0x0000000000000421      0x12e bluetooth.o
 .debug_abbrev  0x000000000000054f      0x132 bluetooth_le.o
 .debug_abbrev  0x0000000000000681      0x1cc ubertooth_usb.o
 .debug_abbrev  0x000000000000084d       0xfe cc2400_rangetest.o
 .debug_abbrev  0x000000000000094b      0x1e4 ego.o
 .debug_abbrev  0x0000000000000b2f      0x1a7 ../common/usb_serial.o
 .debug_abbrev  0x0000000000000cd6       0x89 ../common/LPC17xx_Startup.o
 .debug_abbrev  0x0000000000000d5f       0x80 ../common/LPC17xx_Interrupts.o
 .debug_abbrev  0x0000000000000ddf      0x1de ../common/ubertooth.o
 .debug_abbrev  0x0000000000000fbd      0x138 ../common/lpcusb/target/usbcontrol.o
 .debug_abbrev  0x00000000000010f5       0xa6 ../common/lpcusb/target/usbinit.o
 .debug_abbrev  0x000000000000119b      0x1fa ../common/lpcusb/target/usbhw_lpc.o
 .debug_abbrev  0x0000000000001395      0x197 ../common/lpcusb/target/usbstdreq.o

.debug_aranges  0x0000000000000000      0x700
 .debug_aranges
                0x0000000000000000      0x1d0 bluetooth_rxtx.o
 .debug_aranges
                0x00000000000001d0       0x40 bluetooth.o
 .debug_aranges
                0x0000000000000210       0x48 bluetooth_le.o
 .debug_aranges
                0x0000000000000258       0x50 ubertooth_usb.o
 .debug_aranges
                0x00000000000002a8       0x30 cc2400_rangetest.o
 .debug_aranges
                0x00000000000002d8       0xc8 ego.o
 .debug_aranges
                0x00000000000003a0       0x70 ../common/usb_serial.o
 .debug_aranges
                0x0000000000000410       0x20 ../common/LPC17xx_Startup.o
 .debug_aranges
                0x0000000000000430       0x20 ../common/LPC17xx_Interrupts.o
 .debug_aranges
                0x0000000000000450       0xe0 ../common/ubertooth.o
 .debug_aranges
                0x0000000000000530       0x40 ../common/lpcusb/target/usbcontrol.o
 .debug_aranges
                0x0000000000000570       0x28 ../common/lpcusb/target/usbinit.o
 .debug_aranges
                0x0000000000000598       0xf8 ../common/lpcusb/target/usbhw_lpc.o
 .debug_aranges
                0x0000000000000690       0x70 ../common/lpcusb/target/usbstdreq.o

.debug_ranges   0x0000000000000000      0x620
 .debug_ranges  0x0000000000000000      0x1c0 bluetooth_rxtx.o
 .debug_ranges  0x00000000000001c0       0x30 bluetooth.o
 .debug_ranges  0x00000000000001f0       0x38 bluetooth_le.o
 .debug_ranges  0x0000000000000228       0x40 ubertooth_usb.o
 .debug_ranges  0x0000000000000268       0x20 cc2400_rangetest.o
 .debug_ranges  0x0000000000000288       0xb8 ego.o
 .debug_ranges  0x0000000000000340       0x60 ../common/usb_serial.o
 .debug_ranges  0x00000000000003a0       0x10 ../common/LPC17xx_Startup.o
 .debug_ranges  0x00000000000003b0       0x10 ../common/LPC17xx_Interrupts.o
 .debug_ranges  0x00000000000003c0       0xd0 ../common/ubertooth.o
 .debug_ranges  0x0000000000000490       0x30 ../common/lpcusb/target/usbcontrol.o
 .debug_ranges  0x00000000000004c0       0x18 ../common/lpcusb/target/usbinit.o
 .debug_ranges  0x00000000000004d8       0xe8 ../common/lpcusb/target/usbhw_lpc.o
 .debug_ranges  0x00000000000005c0       0x60 ../common/lpcusb/target/usbstdreq.o

.debug_line     0x0000000000000000     0x2a73
 .debug_line    0x0000000000000000     0x1188 bluetooth_rxtx.o
 .debug_line    0x0000000000001188      0x229 bluetooth.o
 .debug_line    0x00000000000013b1      0x188 bluetooth_le.o
 .debug_line    0x0000000000001539      0x1a1 ubertooth_usb.o
 .debug_line    0x00000000000016da      0x2c2 cc2400_rangetest.o
 .debug_line    0x000000000000199c      0x313 ego.o
 .debug_line    0x0000000000001caf      0x1f9 ../common/usb_serial.o
 .debug_line    0x0000000000001ea8       0x98 ../common/LPC17xx_Startup.o
 .debug_line    0x0000000000001f40       0x53 ../common/LPC17xx_Interrupts.o
 .debug_line    0x0000000000001f93      0x3b5 ../common/ubertooth.o
 .debug_line    0x0000000000002348      0x105 ../common/lpcusb/target/usbcontrol.o
 .debug_line    0x000000000000244d       0x74 ../common/lpcusb/target/usbinit.o
 .debug_line    0x00000000000024c1      0x3c1 ../common/lpcusb/target/usbhw_lpc.o
 .debug_line    0x0000000000002882      0x1f1 ../common/lpcusb/target/usbstdreq.o

.debug_str      0x0000000000000000     0x2318
 .debug_str     0x0000000000000000     0x1323 bluetooth_rxtx.o
                                       0x1490 (size before relaxing)
 .debug_str     0x0000000000001323       0xae bluetooth.o
                                        0x344 (size before relaxing)
 .debug_str     0x00000000000013d1       0xb0 bluetooth_le.o
                                        0x4d7 (size before relaxing)
 .debug_str     0x0000000000001481      0x126 ubertooth_usb.o
                                        0x449 (size before relaxing)
 .debug_str     0x00000000000015a7       0x53 cc2400_rangetest.o
                                        0x31f (size before relaxing)
 .debug_str     0x00000000000015fa      0x20e ego.o
                                        0x672 (size before relaxing)
 .debug_str     0x0000000000001808      0x159 ../common/usb_serial.o
                                        0x3f4 (size before relaxing)
 .debug_str     0x0000000000001961       0x5b ../common/LPC17xx_Startup.o
                                        0x25c (size before relaxing)
 .debug_str     0x00000000000019bc       0x51 ../common/LPC17xx_Interrupts.o
                                        0x1d5 (size before relaxing)
 .debug_str     0x0000000000001a0d      0x14a ../common/ubertooth.o
                                        0x397 (size before relaxing)
 .debug_str     0x0000000000001b57       0xe4 ../common/lpcusb/target/usbcontrol.o
                                        0x2f6 (size before relaxing)
 .debug_str     0x0000000000001c3b       0x46 ../common/lpcusb/target/usbinit.o
                                        0x1f6 (size before relaxing)
 .debug_str     0x0000000000001c81      0x3ea ../common/lpcusb/target/usbhw_lpc.o
                                        0x613 (size before relaxing)
 .debug_str     0x000000000000206b      0x2ad ../common/lpcusb/target/usbstdreq.o
                                        0x4c9 (size before relaxing)
