Archive member included because of file (symbol)

/usr/bin/../lib/gcc/arm-none-eabi/4.9.3/../../../../arm-none-eabi/lib/armv7-m/libc.a(lib_a-exit.o)
                              /usr/bin/../lib/gcc/arm-none-eabi/4.9.3/../../../../arm-none-eabi/lib/armv7-m/crt0.o (exit)
/usr/bin/../lib/gcc/arm-none-eabi/4.9.3/../../../../arm-none-eabi/lib/armv7-m/libc.a(lib_a-impure.o)
                              /usr/bin/../lib/gcc/arm-none-eabi/4.9.3/../../../../arm-none-eabi/lib/armv7-m/libc.a(lib_a-exit.o) (_global_impure_ptr)
/usr/bin/../lib/gcc/arm-none-eabi/4.9.3/../../../../arm-none-eabi/lib/armv7-m/libc.a(lib_a-init.o)
                              /usr/bin/../lib/gcc/arm-none-eabi/4.9.3/../../../../arm-none-eabi/lib/armv7-m/crt0.o (__libc_init_array)
/usr/bin/../lib/gcc/arm-none-eabi/4.9.3/../../../../arm-none-eabi/lib/armv7-m/libc.a(lib_a-memset.o)
                              /usr/bin/../lib/gcc/arm-none-eabi/4.9.3/../../../../arm-none-eabi/lib/armv7-m/crt0.o (memset)
/usr/bin/../lib/gcc/arm-none-eabi/4.9.3/../../../../arm-none-eabi/lib/armv7-m/libc.a(lib_a-__call_atexit.o)
                              /usr/bin/../lib/gcc/arm-none-eabi/4.9.3/../../../../arm-none-eabi/lib/armv7-m/libc.a(lib_a-exit.o) (__call_exitprocs)
/usr/bin/../lib/gcc/arm-none-eabi/4.9.3/../../../../arm-none-eabi/lib/armv7-m/libc.a(lib_a-atexit.o)
                              /usr/bin/../lib/gcc/arm-none-eabi/4.9.3/../../../../arm-none-eabi/lib/armv7-m/libc.a(lib_a-__call_atexit.o) (atexit)
/usr/bin/../lib/gcc/arm-none-eabi/4.9.3/../../../../arm-none-eabi/lib/armv7-m/libc.a(lib_a-fini.o)
                              /usr/bin/../lib/gcc/arm-none-eabi/4.9.3/../../../../arm-none-eabi/lib/armv7-m/libc.a(lib_a-__call_atexit.o) (__libc_fini_array)
/usr/bin/../lib/gcc/arm-none-eabi/4.9.3/../../../../arm-none-eabi/lib/armv7-m/libc.a(lib_a-__atexit.o)
                              /usr/bin/../lib/gcc/arm-none-eabi/4.9.3/../../../../arm-none-eabi/lib/armv7-m/libc.a(lib_a-atexit.o) (__register_exitproc)
/usr/bin/../lib/gcc/arm-none-eabi/4.9.3/armv7-m/libgcc.a(_arm_addsubdf3.o)
                              bluetooth_rxtx.o (__aeabi_dadd)
/usr/bin/../lib/gcc/arm-none-eabi/4.9.3/armv7-m/libgcc.a(_arm_muldivdf3.o)
                              bluetooth_rxtx.o (__aeabi_dmul)
/usr/bin/../lib/gcc/arm-none-eabi/4.9.3/armv7-m/libgcc.a(_arm_fixunsdfsi.o)
                              bluetooth_rxtx.o (__aeabi_d2uiz)
/usr/bin/../lib/gcc/arm-none-eabi/4.9.3/../../../../arm-none-eabi/lib/armv7-m/libc.a(lib_a-memcmp.o)
                              bluetooth_rxtx.o (memcmp)
/usr/bin/../lib/gcc/arm-none-eabi/4.9.3/../../../../arm-none-eabi/lib/armv7-m/libc.a(lib_a-memcpy.o)
                              bluetooth_rxtx.o (memcpy)
/usr/bin/../lib/gcc/arm-none-eabi/4.9.3/../../../../arm-none-eabi/lib/armv7-m/libc.a(lib_a-strlen.o)
                              bluetooth_rxtx.o (strlen)
/usr/bin/../lib/gcc/arm-none-eabi/4.9.3/../../../../arm-none-eabi/lib/armv7-m/libnosys.a(_exit.o)
                              /usr/bin/../lib/gcc/arm-none-eabi/4.9.3/../../../../arm-none-eabi/lib/armv7-m/libc.a(lib_a-exit.o) (_exit)

Allocating common symbols
Common symbol       size              file

b                   0x1               bluetooth.o
rx_tc               0x4               bluetooth_rxtx.o
rssi_max            0x1               bluetooth_rxtx.o
used_channels       0x1               bluetooth.o
le_dma_lli          0xb0              bluetooth_rxtx.o
rssi_min            0x1               bluetooth_rxtx.o
afh_map             0xa               bluetooth_rxtx.o
d1                  0x2               bluetooth.o
idle_buf_clk100ns   0x4               bluetooth_rxtx.o
rx_dma_lli2         0x10              bluetooth_rxtx.o
afh_bank            0x4f              bluetooth.o
a1                  0x1               bluetooth.o
cs_timestamp        0x4               bluetooth_rxtx.o
keepalive_trigger   0x1               bluetooth_rxtx.o
clkn                0x4               bluetooth_rxtx.o
device_index        0x1               bluetooth_rxtx.o
freq_avg            0x1               bluetooth_rxtx.o
active_buf_clkn_high
                    0x4               bluetooth_rxtx.o
fifo                0x2000            ubertooth_usb.o
le_promisc          0x108             bluetooth_rxtx.o
first_ts            0x4               bluetooth_rxtx.o
c1                  0x1               bluetooth.o
syncword            0x8               bluetooth_rxtx.o
bank                0x4f              bluetooth.o
unpacked            0x320             bluetooth_rxtx.o
active_buf_clk100ns
                    0x4               bluetooth_rxtx.o
afh_enabled         0x1               bluetooth_rxtx.o
rssi_avg            0x1               bluetooth_rxtx.o
idle_buf_clkn_high  0x4               bluetooth_rxtx.o
rxbuf2              0x32              bluetooth_rxtx.o
abVendorReqData     0x102             ubertooth_usb.o
diff_ts             0x4               bluetooth_rxtx.o
v_req_handler       0x4               ubertooth_usb.o
rx_dma_lli1         0x10              bluetooth_rxtx.o
second_ts           0x4               bluetooth_rxtx.o
e                   0x1               bluetooth.o
rr                  0x5               bluetooth_rxtx.o
rxbuf1              0x32              bluetooth_rxtx.o
rx_err              0x4               bluetooth_rxtx.o
cs_trigger          0x1               bluetooth_rxtx.o
target              0x10              bluetooth_rxtx.o

Discarded input sections

 .text          0x0000000000000000        0x0 /usr/bin/../lib/gcc/arm-none-eabi/4.9.3/armv7-m/crti.o
 .data          0x0000000000000000        0x0 /usr/bin/../lib/gcc/arm-none-eabi/4.9.3/armv7-m/crti.o
 .bss           0x0000000000000000        0x0 /usr/bin/../lib/gcc/arm-none-eabi/4.9.3/armv7-m/crti.o
 .data          0x0000000000000000        0x4 /usr/bin/../lib/gcc/arm-none-eabi/4.9.3/armv7-m/crtbegin.o
 .text          0x0000000000000000       0x74 /usr/bin/../lib/gcc/arm-none-eabi/4.9.3/../../../../arm-none-eabi/lib/armv7-m/crt0.o
 .data          0x0000000000000000        0x0 /usr/bin/../lib/gcc/arm-none-eabi/4.9.3/../../../../arm-none-eabi/lib/armv7-m/crt0.o
 .bss           0x0000000000000000        0x0 /usr/bin/../lib/gcc/arm-none-eabi/4.9.3/../../../../arm-none-eabi/lib/armv7-m/crt0.o
 .ARM.extab     0x0000000000000000        0x0 /usr/bin/../lib/gcc/arm-none-eabi/4.9.3/../../../../arm-none-eabi/lib/armv7-m/crt0.o
 .ARM.exidx     0x0000000000000000        0x8 /usr/bin/../lib/gcc/arm-none-eabi/4.9.3/../../../../arm-none-eabi/lib/armv7-m/crt0.o
 .ARM.attributes
                0x0000000000000000       0x1b /usr/bin/../lib/gcc/arm-none-eabi/4.9.3/../../../../arm-none-eabi/lib/armv7-m/crt0.o
 .text          0x0000000000000000        0x0 /usr/bin/../lib/gcc/arm-none-eabi/4.9.3/../../../../arm-none-eabi/lib/armv7-m/libc.a(lib_a-exit.o)
 .data          0x0000000000000000        0x0 /usr/bin/../lib/gcc/arm-none-eabi/4.9.3/../../../../arm-none-eabi/lib/armv7-m/libc.a(lib_a-exit.o)
 .bss           0x0000000000000000        0x0 /usr/bin/../lib/gcc/arm-none-eabi/4.9.3/../../../../arm-none-eabi/lib/armv7-m/libc.a(lib_a-exit.o)
 .text.exit     0x0000000000000000       0x20 /usr/bin/../lib/gcc/arm-none-eabi/4.9.3/../../../../arm-none-eabi/lib/armv7-m/libc.a(lib_a-exit.o)
 .debug_frame   0x0000000000000000       0x28 /usr/bin/../lib/gcc/arm-none-eabi/4.9.3/../../../../arm-none-eabi/lib/armv7-m/libc.a(lib_a-exit.o)
 .ARM.attributes
                0x0000000000000000       0x2d /usr/bin/../lib/gcc/arm-none-eabi/4.9.3/../../../../arm-none-eabi/lib/armv7-m/libc.a(lib_a-exit.o)
 .text          0x0000000000000000        0x0 /usr/bin/../lib/gcc/arm-none-eabi/4.9.3/../../../../arm-none-eabi/lib/armv7-m/libc.a(lib_a-impure.o)
 .data          0x0000000000000000        0x0 /usr/bin/../lib/gcc/arm-none-eabi/4.9.3/../../../../arm-none-eabi/lib/armv7-m/libc.a(lib_a-impure.o)
 .bss           0x0000000000000000        0x0 /usr/bin/../lib/gcc/arm-none-eabi/4.9.3/../../../../arm-none-eabi/lib/armv7-m/libc.a(lib_a-impure.o)
 .data._impure_ptr
                0x0000000000000000        0x4 /usr/bin/../lib/gcc/arm-none-eabi/4.9.3/../../../../arm-none-eabi/lib/armv7-m/libc.a(lib_a-impure.o)
 .text          0x0000000000000000        0x0 /usr/bin/../lib/gcc/arm-none-eabi/4.9.3/../../../../arm-none-eabi/lib/armv7-m/libc.a(lib_a-init.o)
 .data          0x0000000000000000        0x0 /usr/bin/../lib/gcc/arm-none-eabi/4.9.3/../../../../arm-none-eabi/lib/armv7-m/libc.a(lib_a-init.o)
 .bss           0x0000000000000000        0x0 /usr/bin/../lib/gcc/arm-none-eabi/4.9.3/../../../../arm-none-eabi/lib/armv7-m/libc.a(lib_a-init.o)
 .text          0x0000000000000000        0x0 /usr/bin/../lib/gcc/arm-none-eabi/4.9.3/../../../../arm-none-eabi/lib/armv7-m/libc.a(lib_a-memset.o)
 .data          0x0000000000000000        0x0 /usr/bin/../lib/gcc/arm-none-eabi/4.9.3/../../../../arm-none-eabi/lib/armv7-m/libc.a(lib_a-memset.o)
 .bss           0x0000000000000000        0x0 /usr/bin/../lib/gcc/arm-none-eabi/4.9.3/../../../../arm-none-eabi/lib/armv7-m/libc.a(lib_a-memset.o)
 .text          0x0000000000000000        0x0 /usr/bin/../lib/gcc/arm-none-eabi/4.9.3/../../../../arm-none-eabi/lib/armv7-m/libc.a(lib_a-__call_atexit.o)
 .data          0x0000000000000000        0x0 /usr/bin/../lib/gcc/arm-none-eabi/4.9.3/../../../../arm-none-eabi/lib/armv7-m/libc.a(lib_a-__call_atexit.o)
 .bss           0x0000000000000000        0x0 /usr/bin/../lib/gcc/arm-none-eabi/4.9.3/../../../../arm-none-eabi/lib/armv7-m/libc.a(lib_a-__call_atexit.o)
 .text.__call_exitprocs
                0x0000000000000000       0xd4 /usr/bin/../lib/gcc/arm-none-eabi/4.9.3/../../../../arm-none-eabi/lib/armv7-m/libc.a(lib_a-__call_atexit.o)
 .text          0x0000000000000000        0x0 /usr/bin/../lib/gcc/arm-none-eabi/4.9.3/../../../../arm-none-eabi/lib/armv7-m/libc.a(lib_a-atexit.o)
 .data          0x0000000000000000        0x0 /usr/bin/../lib/gcc/arm-none-eabi/4.9.3/../../../../arm-none-eabi/lib/armv7-m/libc.a(lib_a-atexit.o)
 .bss           0x0000000000000000        0x0 /usr/bin/../lib/gcc/arm-none-eabi/4.9.3/../../../../arm-none-eabi/lib/armv7-m/libc.a(lib_a-atexit.o)
 .text          0x0000000000000000        0x0 /usr/bin/../lib/gcc/arm-none-eabi/4.9.3/../../../../arm-none-eabi/lib/armv7-m/libc.a(lib_a-fini.o)
 .data          0x0000000000000000        0x0 /usr/bin/../lib/gcc/arm-none-eabi/4.9.3/../../../../arm-none-eabi/lib/armv7-m/libc.a(lib_a-fini.o)
 .bss           0x0000000000000000        0x0 /usr/bin/../lib/gcc/arm-none-eabi/4.9.3/../../../../arm-none-eabi/lib/armv7-m/libc.a(lib_a-fini.o)
 .text          0x0000000000000000        0x0 /usr/bin/../lib/gcc/arm-none-eabi/4.9.3/../../../../arm-none-eabi/lib/armv7-m/libc.a(lib_a-__atexit.o)
 .data          0x0000000000000000        0x0 /usr/bin/../lib/gcc/arm-none-eabi/4.9.3/../../../../arm-none-eabi/lib/armv7-m/libc.a(lib_a-__atexit.o)
 .bss           0x0000000000000000        0x0 /usr/bin/../lib/gcc/arm-none-eabi/4.9.3/../../../../arm-none-eabi/lib/armv7-m/libc.a(lib_a-__atexit.o)
 .text          0x0000000000000000        0x0 bluetooth_rxtx.o
 .text          0x0000000000000000        0x0 bluetooth.o
 .data          0x0000000000000000        0x4 bluetooth.o
 .bss           0x0000000000000000        0x0 bluetooth.o
 .text.count_bits
                0x0000000000000000       0x4c bluetooth.o
 .text.precalc  0x0000000000000000      0x220 bluetooth.o
 .text.find_access_code
                0x0000000000000000      0x128 bluetooth.o
 .text          0x0000000000000000        0x0 bluetooth_le.o
 .bss           0x0000000000000000        0x4 bluetooth_le.o
 .rodata        0x0000000000000000      0x890 bluetooth_le.o
 .text          0x0000000000000000        0x0 ubertooth_usb.o
 .data          0x0000000000000000        0x4 ubertooth_usb.o
 .text          0x0000000000000000        0x0 cc2400_rangetest.o
 .bss           0x0000000000000000        0x0 cc2400_rangetest.o
 .text          0x0000000000000000        0x0 ego.o
 .bss           0x0000000000000000        0x0 ego.o
 .text          0x0000000000000000        0x0 ../common/usb_serial.o
 .data          0x0000000000000000        0xc ../common/usb_serial.o
 .bss           0x0000000000000000      0x168 ../common/usb_serial.o
 .rodata        0x0000000000000000       0xd2 ../common/usb_serial.o
 .text.HandleClassRequest
                0x0000000000000000       0x54 ../common/usb_serial.o
 .text.BulkOut  0x0000000000000000       0x68 ../common/usb_serial.o
 .text.SendNextBulkIn
                0x0000000000000000       0x88 ../common/usb_serial.o
 .text.BulkIn   0x0000000000000000       0x20 ../common/usb_serial.o
 .text.USBFrameHandler
                0x0000000000000000       0x34 ../common/usb_serial.o
 .text.USBDevIntHandler
                0x0000000000000000       0x28 ../common/usb_serial.o
 .text.VCOM_init
                0x0000000000000000       0x3c ../common/usb_serial.o
 .text.VCOM_putchar
                0x0000000000000000       0x30 ../common/usb_serial.o
 .text.VCOM_getchar
                0x0000000000000000       0x2c ../common/usb_serial.o
 .text.usb_serial_init
                0x0000000000000000       0x74 ../common/usb_serial.o
 .text          0x0000000000000000        0x0 ../common/serial_fifo.o
 .data          0x0000000000000000        0x0 ../common/serial_fifo.o
 .bss           0x0000000000000000        0x0 ../common/serial_fifo.o
 .text.fifo_init
                0x0000000000000000       0x28 ../common/serial_fifo.o
 .text.fifo_put
                0x0000000000000000       0x58 ../common/serial_fifo.o
 .text.fifo_get
                0x0000000000000000       0x5c ../common/serial_fifo.o
 .text.fifo_avail
                0x0000000000000000       0x38 ../common/serial_fifo.o
 .text.fifo_free
                0x0000000000000000       0x1c ../common/serial_fifo.o
 .debug_info    0x0000000000000000      0x19e ../common/serial_fifo.o
 .debug_abbrev  0x0000000000000000       0xf5 ../common/serial_fifo.o
 .debug_aranges
                0x0000000000000000       0x40 ../common/serial_fifo.o
 .debug_ranges  0x0000000000000000       0x30 ../common/serial_fifo.o
 .debug_line    0x0000000000000000       0xce ../common/serial_fifo.o
 .debug_str     0x0000000000000000      0x200 ../common/serial_fifo.o
 .comment       0x0000000000000000       0x71 ../common/serial_fifo.o
 .debug_frame   0x0000000000000000       0xd8 ../common/serial_fifo.o
 .ARM.attributes
                0x0000000000000000       0x33 ../common/serial_fifo.o
 .text          0x0000000000000000        0x0 ../common/LPC17xx_Startup.o
 .data          0x0000000000000000        0x0 ../common/LPC17xx_Startup.o
 .bss           0x0000000000000000        0x0 ../common/LPC17xx_Startup.o
 .text          0x0000000000000000        0x0 ../common/LPC17xx_Interrupts.o
 .data          0x0000000000000000        0x0 ../common/LPC17xx_Interrupts.o
 .bss           0x0000000000000000        0x0 ../common/LPC17xx_Interrupts.o
 .text          0x0000000000000000        0x0 ../common/ubertooth.o
 .data          0x0000000000000000        0x4 ../common/ubertooth.o
 .text.wait_ms  0x0000000000000000       0x20 ../common/ubertooth.o
 .text.cc2400_tune_rx
                0x0000000000000000       0x20 ../common/ubertooth.o
 .text.cc2400_tune_tx
                0x0000000000000000       0x1c ../common/ubertooth.o
 .text.cc2400_hop_rx
                0x0000000000000000       0x5c ../common/ubertooth.o
 .text.cc2400_hop_tx
                0x0000000000000000       0x5c ../common/ubertooth.o
 .text          0x0000000000000000        0x0 ../common/lpcusb/target/usbcontrol.o
 .data          0x0000000000000000        0x0 ../common/lpcusb/target/usbcontrol.o
 .text          0x0000000000000000        0x0 ../common/lpcusb/target/usbinit.o
 .data          0x0000000000000000        0x0 ../common/lpcusb/target/usbinit.o
 .text          0x0000000000000000        0x0 ../common/lpcusb/target/usbhw_lpc.o
 .data          0x0000000000000000        0x0 ../common/lpcusb/target/usbhw_lpc.o
 .text.USBHwRegisterFrameHandler
                0x0000000000000000       0x2c ../common/lpcusb/target/usbhw_lpc.o
 .text.fast_wait
                0x0000000000000000       0x24 ../common/lpcusb/target/usbhw_lpc.o
 .text.USBHwISOCEPRead
                0x0000000000000000       0xe4 ../common/lpcusb/target/usbhw_lpc.o
 .text.USBSetupDMADescriptor
                0x0000000000000000       0xa8 ../common/lpcusb/target/usbhw_lpc.o
 .text.USBDisableDMAForEndpoint
                0x0000000000000000       0x38 ../common/lpcusb/target/usbhw_lpc.o
 .text.USBEnableDMAForEndpoint
                0x0000000000000000       0x38 ../common/lpcusb/target/usbhw_lpc.o
 .text.USBInitializeISOCFrameArray
                0x0000000000000000       0x58 ../common/lpcusb/target/usbhw_lpc.o
 .text.USBSetHeadDDForDMA
                0x0000000000000000       0x34 ../common/lpcusb/target/usbhw_lpc.o
 .text.USBInitializeUSBDMA
                0x0000000000000000       0x3c ../common/lpcusb/target/usbhw_lpc.o
 .text          0x0000000000000000        0x0 ../common/lpcusb/target/usbstdreq.o
 .text.USBRegisterCustomReqHandler
                0x0000000000000000       0x1c ../common/lpcusb/target/usbstdreq.o
 .data          0x0000000000000000        0x0 /usr/bin/../lib/gcc/arm-none-eabi/4.9.3/armv7-m/libgcc.a(_arm_addsubdf3.o)
 .bss           0x0000000000000000        0x0 /usr/bin/../lib/gcc/arm-none-eabi/4.9.3/armv7-m/libgcc.a(_arm_addsubdf3.o)
 .data          0x0000000000000000        0x0 /usr/bin/../lib/gcc/arm-none-eabi/4.9.3/armv7-m/libgcc.a(_arm_muldivdf3.o)
 .bss           0x0000000000000000        0x0 /usr/bin/../lib/gcc/arm-none-eabi/4.9.3/armv7-m/libgcc.a(_arm_muldivdf3.o)
 .data          0x0000000000000000        0x0 /usr/bin/../lib/gcc/arm-none-eabi/4.9.3/armv7-m/libgcc.a(_arm_fixunsdfsi.o)
 .bss           0x0000000000000000        0x0 /usr/bin/../lib/gcc/arm-none-eabi/4.9.3/armv7-m/libgcc.a(_arm_fixunsdfsi.o)
 .text          0x0000000000000000        0x0 /usr/bin/../lib/gcc/arm-none-eabi/4.9.3/../../../../arm-none-eabi/lib/armv7-m/libc.a(lib_a-memcmp.o)
 .data          0x0000000000000000        0x0 /usr/bin/../lib/gcc/arm-none-eabi/4.9.3/../../../../arm-none-eabi/lib/armv7-m/libc.a(lib_a-memcmp.o)
 .bss           0x0000000000000000        0x0 /usr/bin/../lib/gcc/arm-none-eabi/4.9.3/../../../../arm-none-eabi/lib/armv7-m/libc.a(lib_a-memcmp.o)
 .data          0x0000000000000000        0x0 /usr/bin/../lib/gcc/arm-none-eabi/4.9.3/../../../../arm-none-eabi/lib/armv7-m/libc.a(lib_a-memcpy.o)
 .bss           0x0000000000000000        0x0 /usr/bin/../lib/gcc/arm-none-eabi/4.9.3/../../../../arm-none-eabi/lib/armv7-m/libc.a(lib_a-memcpy.o)
 .text          0x0000000000000000        0x0 /usr/bin/../lib/gcc/arm-none-eabi/4.9.3/../../../../arm-none-eabi/lib/armv7-m/libc.a(lib_a-strlen.o)
 .data          0x0000000000000000        0x0 /usr/bin/../lib/gcc/arm-none-eabi/4.9.3/../../../../arm-none-eabi/lib/armv7-m/libc.a(lib_a-strlen.o)
 .bss           0x0000000000000000        0x0 /usr/bin/../lib/gcc/arm-none-eabi/4.9.3/../../../../arm-none-eabi/lib/armv7-m/libc.a(lib_a-strlen.o)
 .text          0x0000000000000000        0x0 /usr/bin/../lib/gcc/arm-none-eabi/4.9.3/armv7-m/crtend.o
 .data          0x0000000000000000        0x0 /usr/bin/../lib/gcc/arm-none-eabi/4.9.3/armv7-m/crtend.o
 .bss           0x0000000000000000        0x0 /usr/bin/../lib/gcc/arm-none-eabi/4.9.3/armv7-m/crtend.o
 .eh_frame      0x0000000000000000        0x4 /usr/bin/../lib/gcc/arm-none-eabi/4.9.3/armv7-m/crtend.o
 .jcr           0x0000000000000000        0x4 /usr/bin/../lib/gcc/arm-none-eabi/4.9.3/armv7-m/crtend.o
 .ARM.attributes
                0x0000000000000000       0x2d /usr/bin/../lib/gcc/arm-none-eabi/4.9.3/armv7-m/crtend.o
 .text          0x0000000000000000        0x0 /usr/bin/../lib/gcc/arm-none-eabi/4.9.3/armv7-m/crtn.o
 .data          0x0000000000000000        0x0 /usr/bin/../lib/gcc/arm-none-eabi/4.9.3/armv7-m/crtn.o
 .bss           0x0000000000000000        0x0 /usr/bin/../lib/gcc/arm-none-eabi/4.9.3/armv7-m/crtn.o
 .text          0x0000000000000000        0x0 /usr/bin/../lib/gcc/arm-none-eabi/4.9.3/../../../../arm-none-eabi/lib/armv7-m/libnosys.a(_exit.o)
 .data          0x0000000000000000        0x0 /usr/bin/../lib/gcc/arm-none-eabi/4.9.3/../../../../arm-none-eabi/lib/armv7-m/libnosys.a(_exit.o)
 .bss           0x0000000000000000        0x0 /usr/bin/../lib/gcc/arm-none-eabi/4.9.3/../../../../arm-none-eabi/lib/armv7-m/libnosys.a(_exit.o)
 .text._exit    0x0000000000000000        0x4 /usr/bin/../lib/gcc/arm-none-eabi/4.9.3/../../../../arm-none-eabi/lib/armv7-m/libnosys.a(_exit.o)
 .debug_frame   0x0000000000000000       0x20 /usr/bin/../lib/gcc/arm-none-eabi/4.9.3/../../../../arm-none-eabi/lib/armv7-m/libnosys.a(_exit.o)
 .ARM.attributes
                0x0000000000000000       0x2d /usr/bin/../lib/gcc/arm-none-eabi/4.9.3/../../../../arm-none-eabi/lib/armv7-m/libnosys.a(_exit.o)

Memory Configuration

Name             Origin             Length             Attributes
rom              0x0000000000004000 0x000000000001c000 xr
ram              0x0000000010000000 0x0000000000004000 xrw
*default*        0x0000000000000000 0xffffffffffffffff

Linker script and memory map

LOAD /usr/bin/../lib/gcc/arm-none-eabi/4.9.3/armv7-m/crti.o
LOAD /usr/bin/../lib/gcc/arm-none-eabi/4.9.3/armv7-m/crtbegin.o
LOAD /usr/bin/../lib/gcc/arm-none-eabi/4.9.3/../../../../arm-none-eabi/lib/armv7-m/crt0.o
START GROUP
LOAD /usr/bin/../lib/gcc/arm-none-eabi/4.9.3/../../../../arm-none-eabi/lib/armv7-m/libc.a
LOAD /usr/bin/../lib/gcc/arm-none-eabi/4.9.3/../../../../arm-none-eabi/lib/armv7-m/libg.a
LOAD /usr/bin/../lib/gcc/arm-none-eabi/4.9.3/armv7-m/libgcc.a
LOAD /usr/bin/../lib/gcc/arm-none-eabi/4.9.3/../../../../arm-none-eabi/lib/armv7-m/libm.a
END GROUP
LOAD bluetooth_rxtx.o
LOAD bluetooth.o
LOAD bluetooth_le.o
LOAD ubertooth_usb.o
LOAD cc2400_rangetest.o
LOAD ego.o
LOAD ../common/usb_serial.o
LOAD ../common/serial_fifo.o
LOAD ../common/LPC17xx_Startup.o
LOAD ../common/LPC17xx_Interrupts.o
LOAD ../common/ubertooth.o
LOAD ../common/lpcusb/target/usbcontrol.o
LOAD ../common/lpcusb/target/usbinit.o
LOAD ../common/lpcusb/target/usbhw_lpc.o
LOAD ../common/lpcusb/target/usbstdreq.o
START GROUP
LOAD /usr/bin/../lib/gcc/arm-none-eabi/4.9.3/armv7-m/libgcc.a
LOAD /usr/bin/../lib/gcc/arm-none-eabi/4.9.3/../../../../arm-none-eabi/lib/armv7-m/libc.a
END GROUP
LOAD /usr/bin/../lib/gcc/arm-none-eabi/4.9.3/armv7-m/crtend.o
LOAD /usr/bin/../lib/gcc/arm-none-eabi/4.9.3/armv7-m/crtn.o
START GROUP
LOAD /usr/bin/../lib/gcc/arm-none-eabi/4.9.3/armv7-m/libgcc.a
LOAD /usr/bin/../lib/gcc/arm-none-eabi/4.9.3/../../../../arm-none-eabi/lib/armv7-m/libc.a
LOAD /usr/bin/../lib/gcc/arm-none-eabi/4.9.3/../../../../arm-none-eabi/lib/armv7-m/libm.a
LOAD /usr/bin/../lib/gcc/arm-none-eabi/4.9.3/../../../../arm-none-eabi/lib/armv7-m/libnosys.a
END GROUP

.text           0x0000000000004000     0x8a08
                0x0000000000004000                . = ALIGN (0x400)
                0x0000000000004000                _interrupt_vector_table = .
 *(.irq_handler_table)
 .irq_handler_table
                0x0000000000004000       0xcc ../common/LPC17xx_Interrupts.o
                0x0000000000004000                _NVIC_Handler_Functions
 *(.text .text.* .gnu.linkonce.t.*)
 .text          0x00000000000040cc       0x5c /usr/bin/../lib/gcc/arm-none-eabi/4.9.3/armv7-m/crtbegin.o
 .text.__libc_init_array
                0x0000000000004128       0x50 /usr/bin/../lib/gcc/arm-none-eabi/4.9.3/../../../../arm-none-eabi/lib/armv7-m/libc.a(lib_a-init.o)
                0x0000000000004128                __libc_init_array
 .text.memset   0x0000000000004178       0x9c /usr/bin/../lib/gcc/arm-none-eabi/4.9.3/../../../../arm-none-eabi/lib/armv7-m/libc.a(lib_a-memset.o)
                0x0000000000004178                memset
 .text.startup.register_fini
                0x0000000000004214       0x14 /usr/bin/../lib/gcc/arm-none-eabi/4.9.3/../../../../arm-none-eabi/lib/armv7-m/libc.a(lib_a-__call_atexit.o)
 .text.atexit   0x0000000000004228        0xc /usr/bin/../lib/gcc/arm-none-eabi/4.9.3/../../../../arm-none-eabi/lib/armv7-m/libc.a(lib_a-atexit.o)
                0x0000000000004228                atexit
 .text.__libc_fini_array
                0x0000000000004234       0x2c /usr/bin/../lib/gcc/arm-none-eabi/4.9.3/../../../../arm-none-eabi/lib/armv7-m/libc.a(lib_a-fini.o)
                0x0000000000004234                __libc_fini_array
 .text.__register_exitproc
                0x0000000000004260       0xa4 /usr/bin/../lib/gcc/arm-none-eabi/4.9.3/../../../../arm-none-eabi/lib/armv7-m/libc.a(lib_a-__atexit.o)
                0x0000000000004260                __register_exitproc
 .text.rssi_reset
                0x0000000000004304       0x34 bluetooth_rxtx.o
 .text.rssi_add
                0x0000000000004338       0x6c bluetooth_rxtx.o
 .text.rssi_iir_update
                0x00000000000043a4       0x98 bluetooth_rxtx.o
 .text.cs_threshold_set
                0x000000000000443c       0x8c bluetooth_rxtx.o
 .text.enqueue  0x00000000000044c8      0x17c bluetooth_rxtx.o
 .text.enqueue_with_ts
                0x0000000000004644       0x7c bluetooth_rxtx.o
                0x0000000000004644                enqueue_with_ts
 .text.cs_threshold_calc_and_set
                0x00000000000046c0       0x74 bluetooth_rxtx.o
 .text.cs_trigger_enable
                0x0000000000004734       0x3c bluetooth_rxtx.o
 .text.cs_trigger_disable
                0x0000000000004770       0x3c bluetooth_rxtx.o
 .text.vendor_request_handler
                0x00000000000047ac      0xb10 bluetooth_rxtx.o
 .text.clkn_init
                0x00000000000052bc       0x50 bluetooth_rxtx.o
 .text.TIMER0_IRQHandler
                0x000000000000530c      0x11c bluetooth_rxtx.o
                0x000000000000530c                TIMER0_IRQHandler
 .text.EINT3_IRQHandler
                0x0000000000005428       0x48 bluetooth_rxtx.o
                0x0000000000005428                EINT3_IRQHandler
 .text.msleep   0x0000000000005470       0x80 bluetooth_rxtx.o
 .text.dma_init
                0x00000000000054f0      0x180 bluetooth_rxtx.o
 .text.dma_init_le
                0x0000000000005670      0x1a4 bluetooth_rxtx.o
 .text.bt_stream_dma_handler
                0x0000000000005814       0xdc bluetooth_rxtx.o
                0x0000000000005814                bt_stream_dma_handler
 .text.DMA_IRQHandler
                0x00000000000058f0       0x60 bluetooth_rxtx.o
                0x00000000000058f0                DMA_IRQHandler
 .text.dio_ssp_start
                0x0000000000005950       0x60 bluetooth_rxtx.o
 .text.dio_ssp_stop
                0x00000000000059b0       0xc8 bluetooth_rxtx.o
 .text.cc2400_idle
                0x0000000000005a78       0x50 bluetooth_rxtx.o
 .text.cc2400_rx
                0x0000000000005ac8       0xbc bluetooth_rxtx.o
 .text.cc2400_rx_sync
                0x0000000000005b84       0xe4 bluetooth_rxtx.o
 .text.le_transmit
                0x0000000000005c68      0x2f8 bluetooth_rxtx.o
                0x0000000000005c68                le_transmit
 .text.le_jam   0x0000000000005f60       0x94 bluetooth_rxtx.o
                0x0000000000005f60                le_jam
 .text.hop      0x0000000000005ff4      0x128 bluetooth_rxtx.o
                0x0000000000005ff4                hop
 .text.cc2400_spi_rev
                0x000000000000611c       0x88 bluetooth_rxtx.o
                0x000000000000611c                cc2400_spi_rev
 .text.cc2400_get_rev
                0x00000000000061a4       0x2c bluetooth_rxtx.o
                0x00000000000061a4                cc2400_get_rev
 .text.add      0x00000000000061d0       0x3c bluetooth_rxtx.o
                0x00000000000061d0                add
 .text.bt_stream_proposed
                0x000000000000620c      0x254 bluetooth_rxtx.o
                0x000000000000620c                bt_stream_proposed
 .text.bt_stream_freq
                0x0000000000006460      0x378 bluetooth_rxtx.o
                0x0000000000006460                bt_stream_freq
 .text.bt_stream_rx
                0x00000000000067d8      0x3a4 bluetooth_rxtx.o
                0x00000000000067d8                bt_stream_rx
 .text.le_set_access_address
                0x0000000000006b7c       0x34 bluetooth_rxtx.o
 .text.reset_le
                0x0000000000006bb0       0x98 bluetooth_rxtx.o
                0x0000000000006bb0                reset_le
 .text.reset_le_promisc
                0x0000000000006c48       0x20 bluetooth_rxtx.o
                0x0000000000006c48                reset_le_promisc
 .text.bt_generic_le
                0x0000000000006c68      0x2f8 bluetooth_rxtx.o
                0x0000000000006c68                bt_generic_le
 .text.bt_le_sync
                0x0000000000006f60      0x55c bluetooth_rxtx.o
                0x0000000000006f60                bt_le_sync
 .text.cb_follow_le
                0x00000000000074bc      0x1dc bluetooth_rxtx.o
                0x00000000000074bc                cb_follow_le
 .text.connection_follow_cb
                0x0000000000007698      0x278 bluetooth_rxtx.o
                0x0000000000007698                connection_follow_cb
 .text.bt_follow_le
                0x0000000000007910       0x28 bluetooth_rxtx.o
                0x0000000000007910                bt_follow_le
 .text.le_promisc_state
                0x0000000000007938       0x90 bluetooth_rxtx.o
                0x0000000000007938                le_promisc_state
 .text.promisc_recover_hop_increment
                0x00000000000079c8      0x19c bluetooth_rxtx.o
                0x00000000000079c8                promisc_recover_hop_increment
 .text.promisc_recover_hop_interval
                0x0000000000007b64      0x10c bluetooth_rxtx.o
                0x0000000000007b64                promisc_recover_hop_interval
 .text.promisc_follow_cb
                0x0000000000007c70       0xbc bluetooth_rxtx.o
                0x0000000000007c70                promisc_follow_cb
 .text.see_aa   0x0000000000007d2c       0xa8 bluetooth_rxtx.o
                0x0000000000007d2c                see_aa
 .text.cb_le_promisc
                0x0000000000007dd4      0x310 bluetooth_rxtx.o
                0x0000000000007dd4                cb_le_promisc
 .text.bt_promisc_le
                0x00000000000080e4       0x88 bluetooth_rxtx.o
                0x00000000000080e4                bt_promisc_le
 .text.bt_slave_le
                0x000000000000816c       0xf8 bluetooth_rxtx.o
                0x000000000000816c                bt_slave_le
 .text.specan   0x0000000000008264      0x198 bluetooth_rxtx.o
                0x0000000000008264                specan
 .text.led_specan
                0x00000000000083fc      0x19c bluetooth_rxtx.o
                0x00000000000083fc                led_specan
 .text.main     0x0000000000008598      0x158 bluetooth_rxtx.o
                0x0000000000008598                main
 .text.perm5    0x00000000000086f0      0x1a4 bluetooth.o
                0x00000000000086f0                perm5
 .text.next_hop
                0x0000000000008894      0x18c bluetooth.o
                0x0000000000008894                next_hop
 .text.btle_next_hop
                0x0000000000008a20       0x50 bluetooth_le.o
                0x0000000000008a20                btle_next_hop
 .text.btle_channel_index
                0x0000000000008a70       0x58 bluetooth_le.o
                0x0000000000008a70                btle_channel_index
 .text.btle_channel_index_to_phys
                0x0000000000008ac8       0x64 bluetooth_le.o
                0x0000000000008ac8                btle_channel_index_to_phys
 .text.btle_calc_crc
                0x0000000000008b2c       0x88 bluetooth_le.o
                0x0000000000008b2c                btle_calc_crc
 .text.btle_reverse_crc
                0x0000000000008bb4       0xc4 bluetooth_le.o
                0x0000000000008bb4                btle_reverse_crc
 .text.btle_crcgen_lut
                0x0000000000008c78       0x5c bluetooth_le.o
                0x0000000000008c78                btle_crcgen_lut
 .text.usb_vendor_request_handler
                0x0000000000008cd4       0x4c ubertooth_usb.o
                0x0000000000008cd4                usb_vendor_request_handler
 .text.ubertooth_usb_init
                0x0000000000008d20       0x50 ubertooth_usb.o
                0x0000000000008d20                ubertooth_usb_init
 .text.queue_init
                0x0000000000008d70       0x20 ubertooth_usb.o
                0x0000000000008d70                queue_init
 .text.usb_enqueue
                0x0000000000008d90       0x60 ubertooth_usb.o
                0x0000000000008d90                usb_enqueue
 .text.dequeue  0x0000000000008df0       0x54 ubertooth_usb.o
                0x0000000000008df0                dequeue
 .text.dequeue_send
                0x0000000000008e44       0x6c ubertooth_usb.o
                0x0000000000008e44                dequeue_send
 .text.handle_usb
                0x0000000000008eb0       0x3c ubertooth_usb.o
                0x0000000000008eb0                handle_usb
 .text.cc2400_rangetest
                0x0000000000008eec      0x43c cc2400_rangetest.o
                0x0000000000008eec                cc2400_rangetest
 .text.cc2400_repeater
                0x0000000000009328      0x270 cc2400_rangetest.o
                0x0000000000009328                cc2400_repeater
 .text.cc2400_txtest
                0x0000000000009598       0xa8 cc2400_rangetest.o
                0x0000000000009598                cc2400_txtest
 .text.ssp_start
                0x0000000000009640       0x34 ego.o
 .text.ssp_stop
                0x0000000000009674       0x28 ego.o
 .text.ego_init
                0x000000000000969c       0x18 ego.o
 .text.ego_deinit
                0x00000000000096b4       0x1c ego.o
 .text.rf_on    0x00000000000096d0       0xac ego.o
 .text.do_rx    0x000000000000977c       0x4c ego.o
                0x000000000000977c                do_rx
 .text.sync_received
                0x00000000000097c8       0x14 ego.o
 .text.sleep_ms
                0x00000000000097dc       0x44 ego.o
 .text.sleep_ms_anchor
                0x0000000000009820       0x2c ego.o
 .text.sleep_elapsed
                0x000000000000984c       0x60 ego.o
 .text.nop_state
                0x00000000000098ac       0x14 ego.o
                0x00000000000098ac                nop_state
 .text.init_state
                0x00000000000098c0       0x34 ego.o
                0x00000000000098c0                init_state
 .text.start_rf_state
                0x00000000000098f4       0x18 ego.o
                0x00000000000098f4                start_rf_state
 .text.cap_state
                0x000000000000990c       0xe8 ego.o
                0x000000000000990c                cap_state
 .text.sleep_state
                0x00000000000099f4       0x64 ego.o
                0x00000000000099f4                sleep_state
 .text.continuous_init_state
                0x0000000000009a58       0x18 ego.o
                0x0000000000009a58                continuous_init_state
 .text.continuous_cap_state
                0x0000000000009a70       0xd4 ego.o
                0x0000000000009a70                continuous_cap_state
 .text.jam_cap_state
                0x0000000000009b44       0x80 ego.o
                0x0000000000009b44                jam_cap_state
 .text.start_jamming_state
                0x0000000000009bc4       0xc4 ego.o
                0x0000000000009bc4                start_jamming_state
 .text.jamming_state
                0x0000000000009c88       0x7c ego.o
                0x0000000000009c88                jamming_state
 .text.jam_sleep_state
                0x0000000000009d04       0x30 ego.o
                0x0000000000009d04                jam_sleep_state
 .text.ego_main
                0x0000000000009d34       0xe4 ego.o
                0x0000000000009d34                ego_main
 .text.USB_IRQHandler
                0x0000000000009e18        0xc ../common/usb_serial.o
                0x0000000000009e18                USB_IRQHandler
 .text.Reset_Handler
                0x0000000000009e24       0x6c ../common/LPC17xx_Startup.o
                0x0000000000009e24                Reset_Handler
 .text.Default_Handler
                0x0000000000009e90        0x8 ../common/LPC17xx_Interrupts.o
                0x0000000000009e90                TIMER2_IRQHandler
                0x0000000000009e90                DebugMon_Handler
                0x0000000000009e90                RIT_IRQHandler
                0x0000000000009e90                I2C0_IRQHandler
                0x0000000000009e90                HardFault_Handler
                0x0000000000009e90                SysTick_Handler
                0x0000000000009e90                PWM1_IRQHandler
                0x0000000000009e90                PendSV_Handler
                0x0000000000009e90                NMI_Handler
                0x0000000000009e90                I2C1_IRQHandler
                0x0000000000009e90                EINT2_IRQHandler
                0x0000000000009e90                UART1_IRQHandler
                0x0000000000009e90                TIMER3_IRQHandler
                0x0000000000009e90                UART0_IRQHandler
                0x0000000000009e90                MemManagement_Handler
                0x0000000000009e90                UsageFault_Handler
                0x0000000000009e90                PLL0_IRQHandler
                0x0000000000009e90                CAN_IRQHandler
                0x0000000000009e90                PLL1_IRQHandler
                0x0000000000009e90                SSP0_IRQHandler
                0x0000000000009e90                I2S_IRQHandler
                0x0000000000009e90                I2C2_IRQHandler
                0x0000000000009e90                RTC_IRQHandler
                0x0000000000009e90                SPI_IRQHandler
                0x0000000000009e90                EINT1_IRQHandler
                0x0000000000009e90                TIMER1_IRQHandler
                0x0000000000009e90                UART2_IRQHandler
                0x0000000000009e90                ADC_IRQHandler
                0x0000000000009e90                SSP1_IRQHandler
                0x0000000000009e90                BOD_IRQHandler
                0x0000000000009e90                WDT_IRQHandler
                0x0000000000009e90                SVC_Handler
                0x0000000000009e90                QEI_IRQHandler
                0x0000000000009e90                EINT0_IRQHandler
                0x0000000000009e90                USBACT_IRQHandler
                0x0000000000009e90                CANACT_IRQHandler
                0x0000000000009e90                BusFault_Handler
                0x0000000000009e90                UART3_IRQHandler
                0x0000000000009e90                MCPWM_IRQHandler
                0x0000000000009e90                ENET_IRQHandler
 .text.wait     0x0000000000009e98       0x24 ../common/ubertooth.o
                0x0000000000009e98                wait
 .text.rbit     0x0000000000009ebc       0x24 ../common/ubertooth.o
                0x0000000000009ebc                rbit
 .text.wait_us  0x0000000000009ee0       0x4c ../common/ubertooth.o
                0x0000000000009ee0                wait_us
 .text.gpio_init
                0x0000000000009f2c       0x74 ../common/ubertooth.o
                0x0000000000009f2c                gpio_init
 .text.all_pins_off
                0x0000000000009fa0      0x108 ../common/ubertooth.o
                0x0000000000009fa0                all_pins_off
 .text.ubertooth_init
                0x000000000000a0a8       0x14 ../common/ubertooth.o
                0x000000000000a0a8                ubertooth_init
 .text.dio_ssp_init
                0x000000000000a0bc       0x70 ../common/ubertooth.o
                0x000000000000a0bc                dio_ssp_init
 .text.atest_init
                0x000000000000a12c       0x48 ../common/ubertooth.o
                0x000000000000a12c                atest_init
 .text.cc2400_init
                0x000000000000a174       0x38 ../common/ubertooth.o
                0x000000000000a174                cc2400_init
 .text.cc2400_spi
                0x000000000000a1ac       0x88 ../common/ubertooth.o
                0x000000000000a1ac                cc2400_spi
 .text.cc2400_get
                0x000000000000a234       0x2c ../common/ubertooth.o
                0x000000000000a234                cc2400_get
 .text.cc2400_set
                0x000000000000a260       0x28 ../common/ubertooth.o
                0x000000000000a260                cc2400_set
 .text.cc2400_get8
                0x000000000000a288       0x34 ../common/ubertooth.o
                0x000000000000a288                cc2400_get8
 .text.cc2400_set8
                0x000000000000a2bc       0x28 ../common/ubertooth.o
                0x000000000000a2bc                cc2400_set8
 .text.cc2400_spi_buf
                0x000000000000a2e4       0xec ../common/ubertooth.o
                0x000000000000a2e4                cc2400_spi_buf
 .text.cc2400_status
                0x000000000000a3d0       0x14 ../common/ubertooth.o
                0x000000000000a3d0                cc2400_status
 .text.cc2400_strobe
                0x000000000000a3e4       0x20 ../common/ubertooth.o
                0x000000000000a3e4                cc2400_strobe
 .text.cc2400_reset
                0x000000000000a404       0x38 ../common/ubertooth.o
                0x000000000000a404                cc2400_reset
 .text.clock_start
                0x000000000000a43c      0x1bc ../common/ubertooth.o
                0x000000000000a43c                clock_start
 .text.reset    0x000000000000a5f8       0x3c ../common/ubertooth.o
                0x000000000000a5f8                reset
 .text._HandleRequest
                0x000000000000a634       0x6c ../common/lpcusb/target/usbcontrol.o
 .text.StallControlPipe
                0x000000000000a6a0       0x34 ../common/lpcusb/target/usbcontrol.o
 .text.DataIn   0x000000000000a6d4       0x48 ../common/lpcusb/target/usbcontrol.o
 .text.USBHandleControlTransfer
                0x000000000000a71c      0x160 ../common/lpcusb/target/usbcontrol.o
                0x000000000000a71c                USBHandleControlTransfer
 .text.USBRegisterRequestHandler
                0x000000000000a87c       0x34 ../common/lpcusb/target/usbcontrol.o
                0x000000000000a87c                USBRegisterRequestHandler
 .text.HandleUsbReset
                0x000000000000a8b0       0x14 ../common/lpcusb/target/usbinit.o
 .text.USBInit  0x000000000000a8c4       0x50 ../common/lpcusb/target/usbinit.o
                0x000000000000a8c4                USBInit
 .text.Wait4DevInt
                0x000000000000a914       0x30 ../common/lpcusb/target/usbhw_lpc.o
 .text.USBHwCmd
                0x000000000000a944       0x30 ../common/lpcusb/target/usbhw_lpc.o
 .text.USBHwCmdWrite
                0x000000000000a974       0x34 ../common/lpcusb/target/usbhw_lpc.o
 .text.USBHwCmdRead
                0x000000000000a9a8       0x3c ../common/lpcusb/target/usbhw_lpc.o
 .text.USBHwEPRealize
                0x000000000000a9e4       0x44 ../common/lpcusb/target/usbhw_lpc.o
 .text.USBHwEPEnable
                0x000000000000aa28       0x30 ../common/lpcusb/target/usbhw_lpc.o
 .text.USBHwEPConfig
                0x000000000000aa58       0x3c ../common/lpcusb/target/usbhw_lpc.o
                0x000000000000aa58                USBHwEPConfig
 .text.USBHwRegisterEPIntHandler
                0x000000000000aa94       0x64 ../common/lpcusb/target/usbhw_lpc.o
                0x000000000000aa94                USBHwRegisterEPIntHandler
 .text.USBHwRegisterDevIntHandler
                0x000000000000aaf8       0x2c ../common/lpcusb/target/usbhw_lpc.o
                0x000000000000aaf8                USBHwRegisterDevIntHandler
 .text.USBHwSetAddress
                0x000000000000ab24       0x24 ../common/lpcusb/target/usbhw_lpc.o
                0x000000000000ab24                USBHwSetAddress
 .text.USBHwConnect
                0x000000000000ab48       0x24 ../common/lpcusb/target/usbhw_lpc.o
                0x000000000000ab48                USBHwConnect
 .text.USBHwNakIntEnable
                0x000000000000ab6c       0x1c ../common/lpcusb/target/usbhw_lpc.o
                0x000000000000ab6c                USBHwNakIntEnable
 .text.USBHwEPGetStatus
                0x000000000000ab88       0x30 ../common/lpcusb/target/usbhw_lpc.o
                0x000000000000ab88                USBHwEPGetStatus
 .text.USBHwEPStall
                0x000000000000abb8       0x48 ../common/lpcusb/target/usbhw_lpc.o
                0x000000000000abb8                USBHwEPStall
 .text.USBHwEPWrite
                0x000000000000ac00       0x9c ../common/lpcusb/target/usbhw_lpc.o
                0x000000000000ac00                USBHwEPWrite
 .text.USBHwEPRead
                0x000000000000ac9c       0xcc ../common/lpcusb/target/usbhw_lpc.o
                0x000000000000ac9c                USBHwEPRead
 .text.USBHwConfigDevice
                0x000000000000ad68       0x24 ../common/lpcusb/target/usbhw_lpc.o
                0x000000000000ad68                USBHwConfigDevice
 .text.USBHwISR
                0x000000000000ad8c      0x194 ../common/lpcusb/target/usbhw_lpc.o
                0x000000000000ad8c                USBHwISR
 .text.USBHwInit
                0x000000000000af20       0xec ../common/lpcusb/target/usbhw_lpc.o
                0x000000000000af20                USBHwInit
 .text.USBFilterOsVendorMessage
                0x000000000000b00c       0xd0 ../common/lpcusb/target/usbstdreq.o
                0x000000000000b00c                USBFilterOsVendorMessage
 .text.USBRegisterWinusbInterface
                0x000000000000b0dc       0x78 ../common/lpcusb/target/usbstdreq.o
                0x000000000000b0dc                USBRegisterWinusbInterface
 .text.USBGetOsStringDescriptor
                0x000000000000b154       0x34 ../common/lpcusb/target/usbstdreq.o
                0x000000000000b154                USBGetOsStringDescriptor
 .text.USBRegisterDescriptors
                0x000000000000b188       0x1c ../common/lpcusb/target/usbstdreq.o
                0x000000000000b188                USBRegisterDescriptors
 .text.USBGetDescriptor
                0x000000000000b1a4       0xb8 ../common/lpcusb/target/usbstdreq.o
                0x000000000000b1a4                USBGetDescriptor
 .text.USBSetConfiguration
                0x000000000000b25c       0xb8 ../common/lpcusb/target/usbstdreq.o
 .text.HandleStdDeviceReq
                0x000000000000b314       0xd4 ../common/lpcusb/target/usbstdreq.o
 .text.HandleStdInterfaceReq
                0x000000000000b3e8       0xa0 ../common/lpcusb/target/usbstdreq.o
 .text.HandleStdEndPointReq
                0x000000000000b488       0xd0 ../common/lpcusb/target/usbstdreq.o
 .text.USBHandleStandardRequest
                0x000000000000b558       0x78 ../common/lpcusb/target/usbstdreq.o
                0x000000000000b558                USBHandleStandardRequest
 .text          0x000000000000b5d0      0x370 /usr/bin/../lib/gcc/arm-none-eabi/4.9.3/armv7-m/libgcc.a(_arm_addsubdf3.o)
                0x000000000000b5d0                __aeabi_drsub
                0x000000000000b5d8                __aeabi_dsub
                0x000000000000b5d8                __subdf3
                0x000000000000b5dc                __adddf3
                0x000000000000b5dc                __aeabi_dadd
                0x000000000000b854                __aeabi_ui2d
                0x000000000000b854                __floatunsidf
                0x000000000000b874                __floatsidf
                0x000000000000b874                __aeabi_i2d
                0x000000000000b898                __extendsfdf2
                0x000000000000b898                __aeabi_f2d
                0x000000000000b8d4                __aeabi_ul2d
                0x000000000000b8d4                __floatundidf
                0x000000000000b8e4                __floatdidf
                0x000000000000b8e4                __aeabi_l2d
 .text          0x000000000000b940      0x424 /usr/bin/../lib/gcc/arm-none-eabi/4.9.3/armv7-m/libgcc.a(_arm_muldivdf3.o)
                0x000000000000b940                __aeabi_dmul
                0x000000000000b940                __muldf3
                0x000000000000bb94                __aeabi_ddiv
                0x000000000000bb94                __divdf3
 .text          0x000000000000bd64       0x40 /usr/bin/../lib/gcc/arm-none-eabi/4.9.3/armv7-m/libgcc.a(_arm_fixunsdfsi.o)
                0x000000000000bd64                __fixunsdfsi
                0x000000000000bd64                __aeabi_d2uiz
 .text.memcmp   0x000000000000bda4       0x64 /usr/bin/../lib/gcc/arm-none-eabi/4.9.3/../../../../arm-none-eabi/lib/armv7-m/libc.a(lib_a-memcmp.o)
                0x000000000000bda4                memcmp
 .text          0x000000000000be08       0xec /usr/bin/../lib/gcc/arm-none-eabi/4.9.3/../../../../arm-none-eabi/lib/armv7-m/libc.a(lib_a-memcpy.o)
                0x000000000000be08                memcpy
 .text.strlen   0x000000000000bef4       0x5c /usr/bin/../lib/gcc/arm-none-eabi/4.9.3/../../../../arm-none-eabi/lib/armv7-m/libc.a(lib_a-strlen.o)
                0x000000000000bef4                strlen
 *(.rodata .rodata.* .gnu.linkonce.r.*)
 .rodata.str1.4
                0x000000000000bf50        0x4 /usr/bin/../lib/gcc/arm-none-eabi/4.9.3/../../../../arm-none-eabi/lib/armv7-m/libc.a(lib_a-impure.o)
                                          0x2 (size before relaxing)
 .rodata._global_impure_ptr
                0x000000000000bf54        0x4 /usr/bin/../lib/gcc/arm-none-eabi/4.9.3/../../../../arm-none-eabi/lib/armv7-m/libc.a(lib_a-impure.o)
                0x000000000000bf54                _global_impure_ptr
 .rodata        0x000000000000bf58      0x906 bluetooth_rxtx.o
                0x000000000000c7e8                compile_info
 *fill*         0x000000000000c85e        0x2 
 .rodata        0x000000000000c860       0x1e bluetooth.o
 *fill*         0x000000000000c87e        0x2 
 .rodata        0x000000000000c880       0xeb ubertooth_usb.o
                0x000000000000c880                abDescriptors
 *fill*         0x000000000000c96b        0x1 
 .rodata        0x000000000000c96c       0x4c ego.o
 .rodata        0x000000000000c9b8       0x28 ../common/lpcusb/target/usbstdreq.o
 *(.eh_frame_hdr)
 *(.eh_frame)
 .eh_frame      0x000000000000c9e0        0x0 /usr/bin/../lib/gcc/arm-none-eabi/4.9.3/armv7-m/crtbegin.o
                0x000000000000c9e0                . = ALIGN (0x4)
 *(.init)
 .init          0x000000000000c9e0        0x4 /usr/bin/../lib/gcc/arm-none-eabi/4.9.3/armv7-m/crti.o
                0x000000000000c9e0                _init
 .init          0x000000000000c9e4        0x8 /usr/bin/../lib/gcc/arm-none-eabi/4.9.3/armv7-m/crtn.o
                0x000000000000c9ec                . = ALIGN (0x4)
                0x000000000000c9ec                __preinit_array_start = .
 *(.preinit_array)
                0x000000000000c9ec                __preinit_array_end = .
                0x000000000000c9ec                . = ALIGN (0x4)
                0x000000000000c9ec                __init_array_start = .
 *(SORT(.init_array.*))
 .init_array.00000
                0x000000000000c9ec        0x4 /usr/bin/../lib/gcc/arm-none-eabi/4.9.3/../../../../arm-none-eabi/lib/armv7-m/libc.a(lib_a-__call_atexit.o)
 *(.init_array)
 .init_array    0x000000000000c9f0        0x4 /usr/bin/../lib/gcc/arm-none-eabi/4.9.3/armv7-m/crtbegin.o
                0x000000000000c9f4                __init_array_end = .
                0x000000000000c9f4                . = ALIGN (0x4)
 *crtbegin.o(.ctors)
 *(EXCLUDE_FILE(*crtend.o) .ctors)
 *(SORT(.ctors.*))
 *crtend.o(.ctors)
                0x000000000000c9f4                . = ALIGN (0x4)
 *(.fini)
 .fini          0x000000000000c9f4        0x4 /usr/bin/../lib/gcc/arm-none-eabi/4.9.3/armv7-m/crti.o
                0x000000000000c9f4                _fini
 .fini          0x000000000000c9f8        0x8 /usr/bin/../lib/gcc/arm-none-eabi/4.9.3/armv7-m/crtn.o
                0x000000000000ca00                . = ALIGN (0x4)
                0x000000000000ca00                __fini_array_start = .
 *(.fini_array)
 .fini_array    0x000000000000ca00        0x4 /usr/bin/../lib/gcc/arm-none-eabi/4.9.3/armv7-m/crtbegin.o
 *(SORT(.fini_array.*))
                0x000000000000ca04                __fini_array_end = .
 *crtbegin.o(.dtors)
 *(EXCLUDE_FILE(*crtend.o) .dtors)
 *(SORT(.dtors.*))
 *crtend.o(.dtors)
                0x000000000000ca08                . = ALIGN (0x8)
 *fill*         0x000000000000ca04        0x4 
                0x000000000000ca08                _etext = .

.glue_7         0x000000000000ca08        0x0
 .glue_7        0x0000000000000000        0x0 linker stubs

.glue_7t        0x000000000000ca08        0x0
 .glue_7t       0x0000000000000000        0x0 linker stubs

.vfp11_veneer   0x000000000000ca08        0x0
 .vfp11_veneer  0x0000000000000000        0x0 linker stubs

.v4_bx          0x000000000000ca08        0x0
 .v4_bx         0x0000000000000000        0x0 linker stubs

.iplt           0x000000000000ca08        0x0
 .iplt          0x0000000000000000        0x0 /usr/bin/../lib/gcc/arm-none-eabi/4.9.3/armv7-m/crtbegin.o

.rel.dyn        0x000000000000ca08        0x0
 .rel.iplt      0x0000000000000000        0x0 /usr/bin/../lib/gcc/arm-none-eabi/4.9.3/armv7-m/crtbegin.o

.ARM.extab
 *(.ARM.extab* .gnu.linkonce.armextab.*)
                0x000000000000ca08                __exidx_start = .

.ARM.exidx
 *(.ARM.exidx* .gnu.linkonce.armexidx.*)
                0x000000000000ca08                __exidx_end = .
                0x000000000000ca08                _etext = .

.persistent     0x0000000010000000       0x20
                0x0000000010000000                _persistent_start = .
                0x0000000010000020                . = (. + 0x20)
 *fill*         0x0000000010000000       0x20 
                0x0000000010000020                _persistent_end = .
                0x000000001000001c                bootloader_ctrl = (_persistent_start + 0x1c)

.data           0x0000000010000020      0x93e load address 0x000000000000ca08
                0x0000000010000020                _data = .
 *(vtable)
 *(.data*)
 .data.impure_data
                0x0000000010000020      0x428 /usr/bin/../lib/gcc/arm-none-eabi/4.9.3/../../../../arm-none-eabi/lib/armv7-m/libc.a(lib_a-impure.o)
 .data          0x0000000010000448       0x5b bluetooth_rxtx.o
                0x000000001000044c                cs_threshold_req
                0x000000001000044d                cs_threshold_cur
                0x0000000010000450                active_rxbuf
                0x0000000010000454                idle_rxbuf
                0x0000000010000458                le
                0x000000001000049c                channel
                0x000000001000049e                low_freq
                0x00000000100004a0                high_freq
                0x00000000100004a2                rssi_threshold
 *fill*         0x00000000100004a3        0x1 
 .data          0x00000000100004a4      0x404 bluetooth_le.o
                0x00000000100004a8                btle_crc_lut
 .data          0x00000000100008a8        0x4 cc2400_rangetest.o
 .data          0x00000000100008ac        0xc ego.o
                0x00000000100008b0                channels
 .data          0x00000000100008b8       0xa6 ../common/lpcusb/target/usbstdreq.o
                0x000000001000095e                _edata = .

.jcr            0x0000000010000960        0x0 load address 0x000000000000d346
 .jcr           0x0000000010000960        0x0 /usr/bin/../lib/gcc/arm-none-eabi/4.9.3/armv7-m/crtbegin.o

.igot.plt       0x0000000010000960        0x0 load address 0x000000000000d346
 .igot.plt      0x0000000000000000        0x0 /usr/bin/../lib/gcc/arm-none-eabi/4.9.3/armv7-m/crtbegin.o

.bss            0x0000000010000960     0x2928 load address 0x000000000000d346
                0x0000000010000960                _bss = .
                0x0000000010000960                __bss_start__ = .
 *(.bss*)
 .bss           0x0000000010000960       0x1c /usr/bin/../lib/gcc/arm-none-eabi/4.9.3/armv7-m/crtbegin.o
 .bss           0x000000001000097c       0xe0 bluetooth_rxtx.o
                0x000000001000097c                hop_mode
                0x000000001000097d                do_hop
                0x000000001000097e                cs_no_squelch
                0x0000000010000980                hop_direct_channel
                0x0000000010000984                clock_trim
                0x0000000010000988                idle_buf_channel
                0x000000001000098a                active_buf_channel
                0x000000001000098c                slave_mac_address
                0x0000000010000994                le_jam_count
                0x0000000010000998                data_cb
                0x000000001000099c                packet_cb
                0x00000000100009a0                rssi_iir
                0x0000000010000a3e                mode
                0x0000000010000a3f                requested_mode
                0x0000000010000a40                jam_mode
                0x0000000010000a41                ego_mode
                0x0000000010000a42                modulation
                0x0000000010000a44                requested_channel
                0x0000000010000a46                saved_request
                0x0000000010000a48                status
                0x0000000010000a49                rssi_count
                0x0000000010000a4c                rssi_sum
 .bss           0x0000000010000a5c        0xc ubertooth_usb.o
                0x0000000010000a5c                head
                0x0000000010000a60                tail
                0x0000000010000a64                last_usb_pkt
 .bss           0x0000000010000a68        0x4 ../common/ubertooth.o
 .bss           0x0000000010000a6c       0x34 ../common/lpcusb/target/usbcontrol.o
 .bss           0x0000000010000aa0        0x8 ../common/lpcusb/target/usbinit.o
 .bss           0x0000000010000aa8       0x48 ../common/lpcusb/target/usbhw_lpc.o
 .bss           0x0000000010000af0        0xd ../common/lpcusb/target/usbstdreq.o
 *(COMMON)
 *fill*         0x0000000010000afd        0x3 
 COMMON         0x0000000010000b00      0x5d8 bluetooth_rxtx.o
                0x0000000010000b00                rx_tc
                0x0000000010000b04                rssi_max
                0x0000000010000b08                le_dma_lli
                0x0000000010000bb8                rssi_min
                0x0000000010000bbc                afh_map
                0x0000000010000bc8                idle_buf_clk100ns
                0x0000000010000bcc                rx_dma_lli2
                0x0000000010000bdc                cs_timestamp
                0x0000000010000be0                keepalive_trigger
                0x0000000010000be4                clkn
                0x0000000010000be8                device_index
                0x0000000010000be9                freq_avg
                0x0000000010000bec                active_buf_clkn_high
                0x0000000010000bf0                le_promisc
                0x0000000010000cf8                first_ts
                0x0000000010000d00                syncword
                0x0000000010000d08                unpacked
                0x0000000010001028                active_buf_clk100ns
                0x000000001000102c                afh_enabled
                0x000000001000102d                rssi_avg
                0x0000000010001030                idle_buf_clkn_high
                0x0000000010001034                rxbuf2
                0x0000000010001068                diff_ts
                0x000000001000106c                rx_dma_lli1
                0x000000001000107c                second_ts
                0x0000000010001080                rr
                0x0000000010001088                rxbuf1
                0x00000000100010bc                rx_err
                0x00000000100010c0                cs_trigger
                0x00000000100010c8                target
 COMMON         0x00000000100010d8       0xa8 bluetooth.o
                0x00000000100010d8                b
                0x00000000100010d9                used_channels
                0x00000000100010da                d1
                0x00000000100010dc                afh_bank
                0x000000001000112b                a1
                0x000000001000112c                c1
                0x0000000010001130                bank
                0x000000001000117f                e
 COMMON         0x0000000010001180     0x2108 ubertooth_usb.o
                0x0000000010001180                fifo
                0x0000000010003180                abVendorReqData
                0x0000000010003284                v_req_handler
                0x0000000010003288                _ebss = .
                0x0000000010003288                __bss_end__ = .

.cr_heap        0x0000000010003288        0x0 load address 0x000000000000d346
                0x0000000010003288                end = .
                0x0000000010003288                __end__ = .
                0x0000000010003288                _pvHeapStart = .
                0x0000000010003fe0                _StackTop = ((ORIGIN (ram) + 0x4000) - 0x20)
OUTPUT(bluetooth_rxtx.elf elf32-littlearm)

.ARM.attributes
                0x0000000000000000       0x29
 .ARM.attributes
                0x0000000000000000       0x1d /usr/bin/../lib/gcc/arm-none-eabi/4.9.3/armv7-m/crti.o
 .ARM.attributes
                0x000000000000001d       0x2d /usr/bin/../lib/gcc/arm-none-eabi/4.9.3/armv7-m/crtbegin.o
 .ARM.attributes
                0x000000000000004a       0x2d /usr/bin/../lib/gcc/arm-none-eabi/4.9.3/../../../../arm-none-eabi/lib/armv7-m/libc.a(lib_a-impure.o)
 .ARM.attributes
                0x0000000000000077       0x2d /usr/bin/../lib/gcc/arm-none-eabi/4.9.3/../../../../arm-none-eabi/lib/armv7-m/libc.a(lib_a-init.o)
 .ARM.attributes
                0x00000000000000a4       0x2d /usr/bin/../lib/gcc/arm-none-eabi/4.9.3/../../../../arm-none-eabi/lib/armv7-m/libc.a(lib_a-memset.o)
 .ARM.attributes
                0x00000000000000d1       0x2d /usr/bin/../lib/gcc/arm-none-eabi/4.9.3/../../../../arm-none-eabi/lib/armv7-m/libc.a(lib_a-__call_atexit.o)
 .ARM.attributes
                0x00000000000000fe       0x2d /usr/bin/../lib/gcc/arm-none-eabi/4.9.3/../../../../arm-none-eabi/lib/armv7-m/libc.a(lib_a-atexit.o)
 .ARM.attributes
                0x000000000000012b       0x2d /usr/bin/../lib/gcc/arm-none-eabi/4.9.3/../../../../arm-none-eabi/lib/armv7-m/libc.a(lib_a-fini.o)
 .ARM.attributes
                0x0000000000000158       0x2d /usr/bin/../lib/gcc/arm-none-eabi/4.9.3/../../../../arm-none-eabi/lib/armv7-m/libc.a(lib_a-__atexit.o)
 .ARM.attributes
                0x0000000000000185       0x33 bluetooth_rxtx.o
 .ARM.attributes
                0x00000000000001b8       0x33 bluetooth.o
 .ARM.attributes
                0x00000000000001eb       0x33 bluetooth_le.o
 .ARM.attributes
                0x000000000000021e       0x33 ubertooth_usb.o
 .ARM.attributes
                0x0000000000000251       0x33 cc2400_rangetest.o
 .ARM.attributes
                0x0000000000000284       0x33 ego.o
 .ARM.attributes
                0x00000000000002b7       0x33 ../common/usb_serial.o
 .ARM.attributes
                0x00000000000002ea       0x33 ../common/LPC17xx_Startup.o
 .ARM.attributes
                0x000000000000031d       0x33 ../common/LPC17xx_Interrupts.o
 .ARM.attributes
                0x0000000000000350       0x33 ../common/ubertooth.o
 .ARM.attributes
                0x0000000000000383       0x33 ../common/lpcusb/target/usbcontrol.o
 .ARM.attributes
                0x00000000000003b6       0x33 ../common/lpcusb/target/usbinit.o
 .ARM.attributes
                0x00000000000003e9       0x33 ../common/lpcusb/target/usbhw_lpc.o
 .ARM.attributes
                0x000000000000041c       0x33 ../common/lpcusb/target/usbstdreq.o
 .ARM.attributes
                0x000000000000044f       0x1d /usr/bin/../lib/gcc/arm-none-eabi/4.9.3/armv7-m/libgcc.a(_arm_addsubdf3.o)
 .ARM.attributes
                0x000000000000046c       0x1d /usr/bin/../lib/gcc/arm-none-eabi/4.9.3/armv7-m/libgcc.a(_arm_muldivdf3.o)
 .ARM.attributes
                0x0000000000000489       0x1d /usr/bin/../lib/gcc/arm-none-eabi/4.9.3/armv7-m/libgcc.a(_arm_fixunsdfsi.o)
 .ARM.attributes
                0x00000000000004a6       0x2d /usr/bin/../lib/gcc/arm-none-eabi/4.9.3/../../../../arm-none-eabi/lib/armv7-m/libc.a(lib_a-memcmp.o)
 .ARM.attributes
                0x00000000000004d3       0x1b /usr/bin/../lib/gcc/arm-none-eabi/4.9.3/../../../../arm-none-eabi/lib/armv7-m/libc.a(lib_a-memcpy.o)
 .ARM.attributes
                0x00000000000004ee       0x2d /usr/bin/../lib/gcc/arm-none-eabi/4.9.3/../../../../arm-none-eabi/lib/armv7-m/libc.a(lib_a-strlen.o)
 .ARM.attributes
                0x000000000000051b       0x1d /usr/bin/../lib/gcc/arm-none-eabi/4.9.3/armv7-m/crtn.o

.comment        0x0000000000000000       0x70
 .comment       0x0000000000000000       0x70 bluetooth_rxtx.o
                                         0x71 (size before relaxing)
 .comment       0x0000000000000000       0x71 bluetooth.o
 .comment       0x0000000000000000       0x71 bluetooth_le.o
 .comment       0x0000000000000000       0x71 ubertooth_usb.o
 .comment       0x0000000000000000       0x71 cc2400_rangetest.o
 .comment       0x0000000000000000       0x71 ego.o
 .comment       0x0000000000000000       0x71 ../common/usb_serial.o
 .comment       0x0000000000000000       0x71 ../common/LPC17xx_Startup.o
 .comment       0x0000000000000000       0x71 ../common/LPC17xx_Interrupts.o
 .comment       0x0000000000000000       0x71 ../common/ubertooth.o
 .comment       0x0000000000000000       0x71 ../common/lpcusb/target/usbcontrol.o
 .comment       0x0000000000000000       0x71 ../common/lpcusb/target/usbinit.o
 .comment       0x0000000000000000       0x71 ../common/lpcusb/target/usbhw_lpc.o
 .comment       0x0000000000000000       0x71 ../common/lpcusb/target/usbstdreq.o

.debug_frame    0x0000000000000000     0x1d20
 .debug_frame   0x0000000000000000       0x2c /usr/bin/../lib/gcc/arm-none-eabi/4.9.3/../../../../arm-none-eabi/lib/armv7-m/libc.a(lib_a-init.o)
 .debug_frame   0x000000000000002c       0x34 /usr/bin/../lib/gcc/arm-none-eabi/4.9.3/../../../../arm-none-eabi/lib/armv7-m/libc.a(lib_a-memset.o)
 .debug_frame   0x0000000000000060       0x50 /usr/bin/../lib/gcc/arm-none-eabi/4.9.3/../../../../arm-none-eabi/lib/armv7-m/libc.a(lib_a-__call_atexit.o)
 .debug_frame   0x00000000000000b0       0x20 /usr/bin/../lib/gcc/arm-none-eabi/4.9.3/../../../../arm-none-eabi/lib/armv7-m/libc.a(lib_a-atexit.o)
 .debug_frame   0x00000000000000d0       0x34 /usr/bin/../lib/gcc/arm-none-eabi/4.9.3/../../../../arm-none-eabi/lib/armv7-m/libc.a(lib_a-fini.o)
 .debug_frame   0x0000000000000104       0x34 /usr/bin/../lib/gcc/arm-none-eabi/4.9.3/../../../../arm-none-eabi/lib/armv7-m/libc.a(lib_a-__atexit.o)
 .debug_frame   0x0000000000000138      0x7ac bluetooth_rxtx.o
 .debug_frame   0x00000000000008e4       0xe4 bluetooth.o
 .debug_frame   0x00000000000009c8      0x100 bluetooth_le.o
 .debug_frame   0x0000000000000ac8      0x124 ubertooth_usb.o
 .debug_frame   0x0000000000000bec       0x9c cc2400_rangetest.o
 .debug_frame   0x0000000000000c88      0x350 ego.o
 .debug_frame   0x0000000000000fd8      0x1a4 ../common/usb_serial.o
 .debug_frame   0x000000000000117c       0x30 ../common/LPC17xx_Startup.o
 .debug_frame   0x00000000000011ac       0x2c ../common/LPC17xx_Interrupts.o
 .debug_frame   0x00000000000011d8      0x398 ../common/ubertooth.o
 .debug_frame   0x0000000000001570       0xd8 ../common/lpcusb/target/usbcontrol.o
 .debug_frame   0x0000000000001648       0x54 ../common/lpcusb/target/usbinit.o
 .debug_frame   0x000000000000169c      0x464 ../common/lpcusb/target/usbhw_lpc.o
 .debug_frame   0x0000000000001b00      0x1c8 ../common/lpcusb/target/usbstdreq.o
 .debug_frame   0x0000000000001cc8       0x38 /usr/bin/../lib/gcc/arm-none-eabi/4.9.3/../../../../arm-none-eabi/lib/armv7-m/libc.a(lib_a-memcmp.o)
 .debug_frame   0x0000000000001d00       0x20 /usr/bin/../lib/gcc/arm-none-eabi/4.9.3/../../../../arm-none-eabi/lib/armv7-m/libc.a(lib_a-strlen.o)

.debug_info     0x0000000000000000     0x525e
 .debug_info    0x0000000000000000     0x1d63 bluetooth_rxtx.o
 .debug_info    0x0000000000001d63      0x449 bluetooth.o
 .debug_info    0x00000000000021ac      0x5e9 bluetooth_le.o
 .debug_info    0x0000000000002795      0x4e3 ubertooth_usb.o
 .debug_info    0x0000000000002c78      0x2ec cc2400_rangetest.o
 .debug_info    0x0000000000002f64      0x68b ego.o
 .debug_info    0x00000000000035ef      0x497 ../common/usb_serial.o
 .debug_info    0x0000000000003a86       0xf1 ../common/LPC17xx_Startup.o
 .debug_info    0x0000000000003b77       0x7d ../common/LPC17xx_Interrupts.o
 .debug_info    0x0000000000003bf4      0x4dd ../common/ubertooth.o
 .debug_info    0x00000000000040d1      0x2e8 ../common/lpcusb/target/usbcontrol.o
 .debug_info    0x00000000000043b9       0xb8 ../common/lpcusb/target/usbinit.o
 .debug_info    0x0000000000004471      0x840 ../common/lpcusb/target/usbhw_lpc.o
 .debug_info    0x0000000000004cb1      0x5ad ../common/lpcusb/target/usbstdreq.o

.debug_abbrev   0x0000000000000000     0x1546
 .debug_abbrev  0x0000000000000000      0x43b bluetooth_rxtx.o
 .debug_abbrev  0x000000000000043b      0x12e bluetooth.o
 .debug_abbrev  0x0000000000000569      0x132 bluetooth_le.o
 .debug_abbrev  0x000000000000069b      0x1cc ubertooth_usb.o
 .debug_abbrev  0x0000000000000867       0xfe cc2400_rangetest.o
 .debug_abbrev  0x0000000000000965      0x1e4 ego.o
 .debug_abbrev  0x0000000000000b49      0x1a7 ../common/usb_serial.o
 .debug_abbrev  0x0000000000000cf0       0x89 ../common/LPC17xx_Startup.o
 .debug_abbrev  0x0000000000000d79       0x80 ../common/LPC17xx_Interrupts.o
 .debug_abbrev  0x0000000000000df9      0x1de ../common/ubertooth.o
 .debug_abbrev  0x0000000000000fd7      0x138 ../common/lpcusb/target/usbcontrol.o
 .debug_abbrev  0x000000000000110f       0xa6 ../common/lpcusb/target/usbinit.o
 .debug_abbrev  0x00000000000011b5      0x1fa ../common/lpcusb/target/usbhw_lpc.o
 .debug_abbrev  0x00000000000013af      0x197 ../common/lpcusb/target/usbstdreq.o

.debug_aranges  0x0000000000000000      0x6e0
 .debug_aranges
                0x0000000000000000      0x1b0 bluetooth_rxtx.o
 .debug_aranges
                0x00000000000001b0       0x40 bluetooth.o
 .debug_aranges
                0x00000000000001f0       0x48 bluetooth_le.o
 .debug_aranges
                0x0000000000000238       0x50 ubertooth_usb.o
 .debug_aranges
                0x0000000000000288       0x30 cc2400_rangetest.o
 .debug_aranges
                0x00000000000002b8       0xc8 ego.o
 .debug_aranges
                0x0000000000000380       0x70 ../common/usb_serial.o
 .debug_aranges
                0x00000000000003f0       0x20 ../common/LPC17xx_Startup.o
 .debug_aranges
                0x0000000000000410       0x20 ../common/LPC17xx_Interrupts.o
 .debug_aranges
                0x0000000000000430       0xe0 ../common/ubertooth.o
 .debug_aranges
                0x0000000000000510       0x40 ../common/lpcusb/target/usbcontrol.o
 .debug_aranges
                0x0000000000000550       0x28 ../common/lpcusb/target/usbinit.o
 .debug_aranges
                0x0000000000000578       0xf8 ../common/lpcusb/target/usbhw_lpc.o
 .debug_aranges
                0x0000000000000670       0x70 ../common/lpcusb/target/usbstdreq.o

.debug_ranges   0x0000000000000000      0x600
 .debug_ranges  0x0000000000000000      0x1a0 bluetooth_rxtx.o
 .debug_ranges  0x00000000000001a0       0x30 bluetooth.o
 .debug_ranges  0x00000000000001d0       0x38 bluetooth_le.o
 .debug_ranges  0x0000000000000208       0x40 ubertooth_usb.o
 .debug_ranges  0x0000000000000248       0x20 cc2400_rangetest.o
 .debug_ranges  0x0000000000000268       0xb8 ego.o
 .debug_ranges  0x0000000000000320       0x60 ../common/usb_serial.o
 .debug_ranges  0x0000000000000380       0x10 ../common/LPC17xx_Startup.o
 .debug_ranges  0x0000000000000390       0x10 ../common/LPC17xx_Interrupts.o
 .debug_ranges  0x00000000000003a0       0xd0 ../common/ubertooth.o
 .debug_ranges  0x0000000000000470       0x30 ../common/lpcusb/target/usbcontrol.o
 .debug_ranges  0x00000000000004a0       0x18 ../common/lpcusb/target/usbinit.o
 .debug_ranges  0x00000000000004b8       0xe8 ../common/lpcusb/target/usbhw_lpc.o
 .debug_ranges  0x00000000000005a0       0x60 ../common/lpcusb/target/usbstdreq.o

.debug_line     0x0000000000000000     0x28fc
 .debug_line    0x0000000000000000     0x1011 bluetooth_rxtx.o
 .debug_line    0x0000000000001011      0x229 bluetooth.o
 .debug_line    0x000000000000123a      0x188 bluetooth_le.o
 .debug_line    0x00000000000013c2      0x1a1 ubertooth_usb.o
 .debug_line    0x0000000000001563      0x2c2 cc2400_rangetest.o
 .debug_line    0x0000000000001825      0x313 ego.o
 .debug_line    0x0000000000001b38      0x1f9 ../common/usb_serial.o
 .debug_line    0x0000000000001d31       0x98 ../common/LPC17xx_Startup.o
 .debug_line    0x0000000000001dc9       0x53 ../common/LPC17xx_Interrupts.o
 .debug_line    0x0000000000001e1c      0x3b5 ../common/ubertooth.o
 .debug_line    0x00000000000021d1      0x105 ../common/lpcusb/target/usbcontrol.o
 .debug_line    0x00000000000022d6       0x74 ../common/lpcusb/target/usbinit.o
 .debug_line    0x000000000000234a      0x3c1 ../common/lpcusb/target/usbhw_lpc.o
 .debug_line    0x000000000000270b      0x1f1 ../common/lpcusb/target/usbstdreq.o

.debug_str      0x0000000000000000     0x22b6
 .debug_str     0x0000000000000000     0x12c1 bluetooth_rxtx.o
                                       0x142e (size before relaxing)
 .debug_str     0x00000000000012c1       0xae bluetooth.o
                                        0x344 (size before relaxing)
 .debug_str     0x000000000000136f       0xb0 bluetooth_le.o
                                        0x4d7 (size before relaxing)
 .debug_str     0x000000000000141f      0x126 ubertooth_usb.o
                                        0x449 (size before relaxing)
 .debug_str     0x0000000000001545       0x53 cc2400_rangetest.o
                                        0x31f (size before relaxing)
 .debug_str     0x0000000000001598      0x20e ego.o
                                        0x672 (size before relaxing)
 .debug_str     0x00000000000017a6      0x159 ../common/usb_serial.o
                                        0x3f4 (size before relaxing)
 .debug_str     0x00000000000018ff       0x5b ../common/LPC17xx_Startup.o
                                        0x25c (size before relaxing)
 .debug_str     0x000000000000195a       0x51 ../common/LPC17xx_Interrupts.o
                                        0x1d5 (size before relaxing)
 .debug_str     0x00000000000019ab      0x14a ../common/ubertooth.o
                                        0x397 (size before relaxing)
 .debug_str     0x0000000000001af5       0xe4 ../common/lpcusb/target/usbcontrol.o
                                        0x2f6 (size before relaxing)
 .debug_str     0x0000000000001bd9       0x46 ../common/lpcusb/target/usbinit.o
                                        0x1f6 (size before relaxing)
 .debug_str     0x0000000000001c1f      0x3ea ../common/lpcusb/target/usbhw_lpc.o
                                        0x613 (size before relaxing)
 .debug_str     0x0000000000002009      0x2ad ../common/lpcusb/target/usbstdreq.o
                                        0x4c9 (size before relaxing)
